ARM GAS  C:\Users\smiy200\AppData\Local\Temp\cc6BaIhh.s 			page 1


   1              		.syntax unified
   2              		.cpu cortex-m3
   3              		.fpu softvfp
   4              		.eabi_attribute 20, 1
   5              		.eabi_attribute 21, 1
   6              		.eabi_attribute 23, 3
   7              		.eabi_attribute 24, 1
   8              		.eabi_attribute 25, 1
   9              		.eabi_attribute 26, 1
  10              		.eabi_attribute 30, 1
  11              		.eabi_attribute 34, 1
  12              		.eabi_attribute 18, 4
  13              		.thumb
  14              		.syntax unified
  15              		.file	"isrRF_RX.c"
  16              		.text
  17              	.Ltext0:
  18              		.cfi_sections	.debug_frame
  19              		.section	.text.isrRF_RX_SetVector,"ax",%progbits
  20              		.align	2
  21              		.global	isrRF_RX_SetVector
  22              		.thumb
  23              		.thumb_func
  24              		.type	isrRF_RX_SetVector, %function
  25              	isrRF_RX_SetVector:
  26              	.LFB3:
  27              		.file 1 "Generated_Source\\PSoC5\\isrRF_RX.c"
   1:Generated_Source\PSoC5/isrRF_RX.c **** /*******************************************************************************
   2:Generated_Source\PSoC5/isrRF_RX.c **** * File Name: isrRF_RX.c  
   3:Generated_Source\PSoC5/isrRF_RX.c **** * Version 1.70
   4:Generated_Source\PSoC5/isrRF_RX.c **** *
   5:Generated_Source\PSoC5/isrRF_RX.c **** *  Description:
   6:Generated_Source\PSoC5/isrRF_RX.c **** *   API for controlling the state of an interrupt.
   7:Generated_Source\PSoC5/isrRF_RX.c **** *
   8:Generated_Source\PSoC5/isrRF_RX.c **** *
   9:Generated_Source\PSoC5/isrRF_RX.c **** *  Note:
  10:Generated_Source\PSoC5/isrRF_RX.c **** *
  11:Generated_Source\PSoC5/isrRF_RX.c **** ********************************************************************************
  12:Generated_Source\PSoC5/isrRF_RX.c **** * Copyright 2008-2015, Cypress Semiconductor Corporation.  All rights reserved.
  13:Generated_Source\PSoC5/isrRF_RX.c **** * You may use this file only in accordance with the license, terms, conditions, 
  14:Generated_Source\PSoC5/isrRF_RX.c **** * disclaimers, and limitations in the end user license agreement accompanying 
  15:Generated_Source\PSoC5/isrRF_RX.c **** * the software package with which this file was provided.
  16:Generated_Source\PSoC5/isrRF_RX.c **** *******************************************************************************/
  17:Generated_Source\PSoC5/isrRF_RX.c **** 
  18:Generated_Source\PSoC5/isrRF_RX.c **** 
  19:Generated_Source\PSoC5/isrRF_RX.c **** #include <cydevice_trm.h>
  20:Generated_Source\PSoC5/isrRF_RX.c **** #include <CyLib.h>
  21:Generated_Source\PSoC5/isrRF_RX.c **** #include <isrRF_RX.h>
  22:Generated_Source\PSoC5/isrRF_RX.c **** #include "cyapicallbacks.h"
  23:Generated_Source\PSoC5/isrRF_RX.c **** #include "UART.h"
  24:Generated_Source\PSoC5/isrRF_RX.c **** #include "LED.h"
  25:Generated_Source\PSoC5/isrRF_RX.c **** 
  26:Generated_Source\PSoC5/isrRF_RX.c **** uint8 outputC;
  27:Generated_Source\PSoC5/isrRF_RX.c **** #if !defined(isrRF_RX__REMOVED) /* Check for removal by optimization */
  28:Generated_Source\PSoC5/isrRF_RX.c **** 
  29:Generated_Source\PSoC5/isrRF_RX.c **** /*******************************************************************************
  30:Generated_Source\PSoC5/isrRF_RX.c **** *  Place your includes, defines and code here 
ARM GAS  C:\Users\smiy200\AppData\Local\Temp\cc6BaIhh.s 			page 2


  31:Generated_Source\PSoC5/isrRF_RX.c **** ********************************************************************************/
  32:Generated_Source\PSoC5/isrRF_RX.c **** /* `#START isrRF_RX_intc` */
  33:Generated_Source\PSoC5/isrRF_RX.c **** 
  34:Generated_Source\PSoC5/isrRF_RX.c **** /* `#END` */
  35:Generated_Source\PSoC5/isrRF_RX.c **** 
  36:Generated_Source\PSoC5/isrRF_RX.c **** #ifndef CYINT_IRQ_BASE
  37:Generated_Source\PSoC5/isrRF_RX.c **** #define CYINT_IRQ_BASE      16
  38:Generated_Source\PSoC5/isrRF_RX.c **** #endif /* CYINT_IRQ_BASE */
  39:Generated_Source\PSoC5/isrRF_RX.c **** #ifndef CYINT_VECT_TABLE
  40:Generated_Source\PSoC5/isrRF_RX.c **** #define CYINT_VECT_TABLE    ((cyisraddress **) CYREG_NVIC_VECT_OFFSET)
  41:Generated_Source\PSoC5/isrRF_RX.c **** #endif /* CYINT_VECT_TABLE */
  42:Generated_Source\PSoC5/isrRF_RX.c **** 
  43:Generated_Source\PSoC5/isrRF_RX.c **** /* Declared in startup, used to set unused interrupts to. */
  44:Generated_Source\PSoC5/isrRF_RX.c **** CY_ISR_PROTO(IntDefaultHandler);
  45:Generated_Source\PSoC5/isrRF_RX.c **** 
  46:Generated_Source\PSoC5/isrRF_RX.c **** 
  47:Generated_Source\PSoC5/isrRF_RX.c **** /*******************************************************************************
  48:Generated_Source\PSoC5/isrRF_RX.c **** * Function Name: isrRF_RX_Start
  49:Generated_Source\PSoC5/isrRF_RX.c **** ********************************************************************************
  50:Generated_Source\PSoC5/isrRF_RX.c **** *
  51:Generated_Source\PSoC5/isrRF_RX.c **** * Summary:
  52:Generated_Source\PSoC5/isrRF_RX.c **** *  Set up the interrupt and enable it. This function disables the interrupt, 
  53:Generated_Source\PSoC5/isrRF_RX.c **** *  sets the default interrupt vector, sets the priority from the value in the
  54:Generated_Source\PSoC5/isrRF_RX.c **** *  Design Wide Resources Interrupt Editor, then enables the interrupt to the 
  55:Generated_Source\PSoC5/isrRF_RX.c **** *  interrupt controller.
  56:Generated_Source\PSoC5/isrRF_RX.c **** *
  57:Generated_Source\PSoC5/isrRF_RX.c **** * Parameters:  
  58:Generated_Source\PSoC5/isrRF_RX.c **** *   None
  59:Generated_Source\PSoC5/isrRF_RX.c **** *
  60:Generated_Source\PSoC5/isrRF_RX.c **** * Return:
  61:Generated_Source\PSoC5/isrRF_RX.c **** *   None
  62:Generated_Source\PSoC5/isrRF_RX.c **** *
  63:Generated_Source\PSoC5/isrRF_RX.c **** *******************************************************************************/
  64:Generated_Source\PSoC5/isrRF_RX.c **** void isrRF_RX_Start(void)
  65:Generated_Source\PSoC5/isrRF_RX.c **** {
  66:Generated_Source\PSoC5/isrRF_RX.c ****     /* For all we know the interrupt is active. */
  67:Generated_Source\PSoC5/isrRF_RX.c ****     isrRF_RX_Disable();
  68:Generated_Source\PSoC5/isrRF_RX.c **** 
  69:Generated_Source\PSoC5/isrRF_RX.c ****     /* Set the ISR to point to the isrRF_RX Interrupt. */
  70:Generated_Source\PSoC5/isrRF_RX.c ****     isrRF_RX_SetVector(&isrRF_RX_Interrupt);
  71:Generated_Source\PSoC5/isrRF_RX.c **** 
  72:Generated_Source\PSoC5/isrRF_RX.c ****     /* Set the priority. */
  73:Generated_Source\PSoC5/isrRF_RX.c ****     isrRF_RX_SetPriority((uint8)isrRF_RX_INTC_PRIOR_NUMBER);
  74:Generated_Source\PSoC5/isrRF_RX.c **** 
  75:Generated_Source\PSoC5/isrRF_RX.c ****     /* Enable it. */
  76:Generated_Source\PSoC5/isrRF_RX.c ****     isrRF_RX_Enable();
  77:Generated_Source\PSoC5/isrRF_RX.c **** }
  78:Generated_Source\PSoC5/isrRF_RX.c **** 
  79:Generated_Source\PSoC5/isrRF_RX.c **** 
  80:Generated_Source\PSoC5/isrRF_RX.c **** /*******************************************************************************
  81:Generated_Source\PSoC5/isrRF_RX.c **** * Function Name: isrRF_RX_StartEx
  82:Generated_Source\PSoC5/isrRF_RX.c **** ********************************************************************************
  83:Generated_Source\PSoC5/isrRF_RX.c **** *
  84:Generated_Source\PSoC5/isrRF_RX.c **** * Summary:
  85:Generated_Source\PSoC5/isrRF_RX.c **** *  Sets up the interrupt and enables it. This function disables the interrupt,
  86:Generated_Source\PSoC5/isrRF_RX.c **** *  sets the interrupt vector based on the address passed in, sets the priority 
  87:Generated_Source\PSoC5/isrRF_RX.c **** *  from the value in the Design Wide Resources Interrupt Editor, then enables 
ARM GAS  C:\Users\smiy200\AppData\Local\Temp\cc6BaIhh.s 			page 3


  88:Generated_Source\PSoC5/isrRF_RX.c **** *  the interrupt to the interrupt controller.
  89:Generated_Source\PSoC5/isrRF_RX.c **** *  
  90:Generated_Source\PSoC5/isrRF_RX.c **** *  When defining ISR functions, the CY_ISR and CY_ISR_PROTO macros should be 
  91:Generated_Source\PSoC5/isrRF_RX.c **** *  used to provide consistent definition across compilers:
  92:Generated_Source\PSoC5/isrRF_RX.c **** *  
  93:Generated_Source\PSoC5/isrRF_RX.c **** *  Function definition example:
  94:Generated_Source\PSoC5/isrRF_RX.c **** *   CY_ISR(MyISR)
  95:Generated_Source\PSoC5/isrRF_RX.c **** *   {
  96:Generated_Source\PSoC5/isrRF_RX.c **** *   }
  97:Generated_Source\PSoC5/isrRF_RX.c **** *   Function prototype example:
  98:Generated_Source\PSoC5/isrRF_RX.c **** *   CY_ISR_PROTO(MyISR);
  99:Generated_Source\PSoC5/isrRF_RX.c **** *
 100:Generated_Source\PSoC5/isrRF_RX.c **** * Parameters:  
 101:Generated_Source\PSoC5/isrRF_RX.c **** *   address: Address of the ISR to set in the interrupt vector table.
 102:Generated_Source\PSoC5/isrRF_RX.c **** *
 103:Generated_Source\PSoC5/isrRF_RX.c **** * Return:
 104:Generated_Source\PSoC5/isrRF_RX.c **** *   None
 105:Generated_Source\PSoC5/isrRF_RX.c **** *
 106:Generated_Source\PSoC5/isrRF_RX.c **** *******************************************************************************/
 107:Generated_Source\PSoC5/isrRF_RX.c **** void isrRF_RX_StartEx(cyisraddress address)
 108:Generated_Source\PSoC5/isrRF_RX.c **** {
 109:Generated_Source\PSoC5/isrRF_RX.c ****     /* For all we know the interrupt is active. */
 110:Generated_Source\PSoC5/isrRF_RX.c ****     isrRF_RX_Disable();
 111:Generated_Source\PSoC5/isrRF_RX.c **** 
 112:Generated_Source\PSoC5/isrRF_RX.c ****     /* Set the ISR to point to the isrRF_RX Interrupt. */
 113:Generated_Source\PSoC5/isrRF_RX.c ****     isrRF_RX_SetVector(address);
 114:Generated_Source\PSoC5/isrRF_RX.c **** 
 115:Generated_Source\PSoC5/isrRF_RX.c ****     /* Set the priority. */
 116:Generated_Source\PSoC5/isrRF_RX.c ****     isrRF_RX_SetPriority((uint8)isrRF_RX_INTC_PRIOR_NUMBER);
 117:Generated_Source\PSoC5/isrRF_RX.c **** 
 118:Generated_Source\PSoC5/isrRF_RX.c ****     /* Enable it. */
 119:Generated_Source\PSoC5/isrRF_RX.c ****     isrRF_RX_Enable();
 120:Generated_Source\PSoC5/isrRF_RX.c **** }
 121:Generated_Source\PSoC5/isrRF_RX.c **** 
 122:Generated_Source\PSoC5/isrRF_RX.c **** 
 123:Generated_Source\PSoC5/isrRF_RX.c **** /*******************************************************************************
 124:Generated_Source\PSoC5/isrRF_RX.c **** * Function Name: isrRF_RX_Stop
 125:Generated_Source\PSoC5/isrRF_RX.c **** ********************************************************************************
 126:Generated_Source\PSoC5/isrRF_RX.c **** *
 127:Generated_Source\PSoC5/isrRF_RX.c **** * Summary:
 128:Generated_Source\PSoC5/isrRF_RX.c **** *   Disables and removes the interrupt.
 129:Generated_Source\PSoC5/isrRF_RX.c **** *
 130:Generated_Source\PSoC5/isrRF_RX.c **** * Parameters:  
 131:Generated_Source\PSoC5/isrRF_RX.c **** *   None
 132:Generated_Source\PSoC5/isrRF_RX.c **** *
 133:Generated_Source\PSoC5/isrRF_RX.c **** * Return:
 134:Generated_Source\PSoC5/isrRF_RX.c **** *   None
 135:Generated_Source\PSoC5/isrRF_RX.c **** *
 136:Generated_Source\PSoC5/isrRF_RX.c **** *******************************************************************************/
 137:Generated_Source\PSoC5/isrRF_RX.c **** void isrRF_RX_Stop(void)
 138:Generated_Source\PSoC5/isrRF_RX.c **** {
 139:Generated_Source\PSoC5/isrRF_RX.c ****     /* Disable this interrupt. */
 140:Generated_Source\PSoC5/isrRF_RX.c ****     isrRF_RX_Disable();
 141:Generated_Source\PSoC5/isrRF_RX.c **** 
 142:Generated_Source\PSoC5/isrRF_RX.c ****     /* Set the ISR to point to the passive one. */
 143:Generated_Source\PSoC5/isrRF_RX.c ****     isrRF_RX_SetVector(&IntDefaultHandler);
 144:Generated_Source\PSoC5/isrRF_RX.c **** }
ARM GAS  C:\Users\smiy200\AppData\Local\Temp\cc6BaIhh.s 			page 4


 145:Generated_Source\PSoC5/isrRF_RX.c **** 
 146:Generated_Source\PSoC5/isrRF_RX.c **** 
 147:Generated_Source\PSoC5/isrRF_RX.c **** /*******************************************************************************
 148:Generated_Source\PSoC5/isrRF_RX.c **** * Function Name: isrRF_RX_Interrupt
 149:Generated_Source\PSoC5/isrRF_RX.c **** ********************************************************************************
 150:Generated_Source\PSoC5/isrRF_RX.c **** *
 151:Generated_Source\PSoC5/isrRF_RX.c **** * Summary:
 152:Generated_Source\PSoC5/isrRF_RX.c **** *   The default Interrupt Service Routine for isrRF_RX.
 153:Generated_Source\PSoC5/isrRF_RX.c **** *
 154:Generated_Source\PSoC5/isrRF_RX.c **** *   Add custom code between the coments to keep the next version of this file
 155:Generated_Source\PSoC5/isrRF_RX.c **** *   from over writting your code.
 156:Generated_Source\PSoC5/isrRF_RX.c **** *
 157:Generated_Source\PSoC5/isrRF_RX.c **** * Parameters:  
 158:Generated_Source\PSoC5/isrRF_RX.c **** *
 159:Generated_Source\PSoC5/isrRF_RX.c **** * Return:
 160:Generated_Source\PSoC5/isrRF_RX.c **** *   None
 161:Generated_Source\PSoC5/isrRF_RX.c **** *
 162:Generated_Source\PSoC5/isrRF_RX.c **** *******************************************************************************/
 163:Generated_Source\PSoC5/isrRF_RX.c **** //CY_ISR(isrRF_RX_Interrupt)
 164:Generated_Source\PSoC5/isrRF_RX.c **** //{
 165:Generated_Source\PSoC5/isrRF_RX.c **** //    #ifdef isrRF_RX_INTERRUPT_INTERRUPT_CALLBACK
 166:Generated_Source\PSoC5/isrRF_RX.c **** //        isrRF_RX_Interrupt_InterruptCallback();
 167:Generated_Source\PSoC5/isrRF_RX.c **** //    #endif /* isrRF_RX_INTERRUPT_INTERRUPT_CALLBACK */ 
 168:Generated_Source\PSoC5/isrRF_RX.c **** //
 169:Generated_Source\PSoC5/isrRF_RX.c **** //    /*  Place your Interrupt code here. */
 170:Generated_Source\PSoC5/isrRF_RX.c **** //    
 171:Generated_Source\PSoC5/isrRF_RX.c **** //    LED_Write(~LED_Read());
 172:Generated_Source\PSoC5/isrRF_RX.c **** //    outputC = UART_ReadRxData();
 173:Generated_Source\PSoC5/isrRF_RX.c **** //    /* `#START isrRF_RX_Interrupt` */
 174:Generated_Source\PSoC5/isrRF_RX.c **** //
 175:Generated_Source\PSoC5/isrRF_RX.c **** //    /* `#END` */
 176:Generated_Source\PSoC5/isrRF_RX.c **** //}
 177:Generated_Source\PSoC5/isrRF_RX.c **** 
 178:Generated_Source\PSoC5/isrRF_RX.c **** 
 179:Generated_Source\PSoC5/isrRF_RX.c **** /*******************************************************************************
 180:Generated_Source\PSoC5/isrRF_RX.c **** * Function Name: isrRF_RX_SetVector
 181:Generated_Source\PSoC5/isrRF_RX.c **** ********************************************************************************
 182:Generated_Source\PSoC5/isrRF_RX.c **** *
 183:Generated_Source\PSoC5/isrRF_RX.c **** * Summary:
 184:Generated_Source\PSoC5/isrRF_RX.c **** *   Change the ISR vector for the Interrupt. Note calling isrRF_RX_Start
 185:Generated_Source\PSoC5/isrRF_RX.c **** *   will override any effect this method would have had. To set the vector 
 186:Generated_Source\PSoC5/isrRF_RX.c **** *   before the component has been started use isrRF_RX_StartEx instead.
 187:Generated_Source\PSoC5/isrRF_RX.c **** * 
 188:Generated_Source\PSoC5/isrRF_RX.c **** *   When defining ISR functions, the CY_ISR and CY_ISR_PROTO macros should be 
 189:Generated_Source\PSoC5/isrRF_RX.c **** *   used to provide consistent definition across compilers:
 190:Generated_Source\PSoC5/isrRF_RX.c **** *
 191:Generated_Source\PSoC5/isrRF_RX.c **** *   Function definition example:
 192:Generated_Source\PSoC5/isrRF_RX.c **** *   CY_ISR(MyISR)
 193:Generated_Source\PSoC5/isrRF_RX.c **** *   {
 194:Generated_Source\PSoC5/isrRF_RX.c **** *   }
 195:Generated_Source\PSoC5/isrRF_RX.c **** *
 196:Generated_Source\PSoC5/isrRF_RX.c **** *   Function prototype example:
 197:Generated_Source\PSoC5/isrRF_RX.c **** *     CY_ISR_PROTO(MyISR);
 198:Generated_Source\PSoC5/isrRF_RX.c **** *
 199:Generated_Source\PSoC5/isrRF_RX.c **** * Parameters:
 200:Generated_Source\PSoC5/isrRF_RX.c **** *   address: Address of the ISR to set in the interrupt vector table.
 201:Generated_Source\PSoC5/isrRF_RX.c **** *
ARM GAS  C:\Users\smiy200\AppData\Local\Temp\cc6BaIhh.s 			page 5


 202:Generated_Source\PSoC5/isrRF_RX.c **** * Return:
 203:Generated_Source\PSoC5/isrRF_RX.c **** *   None
 204:Generated_Source\PSoC5/isrRF_RX.c **** *
 205:Generated_Source\PSoC5/isrRF_RX.c **** *******************************************************************************/
 206:Generated_Source\PSoC5/isrRF_RX.c **** void isrRF_RX_SetVector(cyisraddress address)
 207:Generated_Source\PSoC5/isrRF_RX.c **** {
  28              		.loc 1 207 0
  29              		.cfi_startproc
  30              		@ args = 0, pretend = 0, frame = 0
  31              		@ frame_needed = 0, uses_anonymous_args = 0
  32              		@ link register save eliminated.
  33              	.LVL0:
 208:Generated_Source\PSoC5/isrRF_RX.c ****     cyisraddress * ramVectorTable;
 209:Generated_Source\PSoC5/isrRF_RX.c **** 
 210:Generated_Source\PSoC5/isrRF_RX.c ****     ramVectorTable = (cyisraddress *) *CYINT_VECT_TABLE;
  34              		.loc 1 210 0
  35 0000 014B     		ldr	r3, .L2
  36 0002 1B68     		ldr	r3, [r3]
  37              	.LVL1:
 211:Generated_Source\PSoC5/isrRF_RX.c **** 
 212:Generated_Source\PSoC5/isrRF_RX.c ****     ramVectorTable[CYINT_IRQ_BASE + (uint32)isrRF_RX__INTC_NUMBER] = address;
  38              		.loc 1 212 0
  39 0004 D864     		str	r0, [r3, #76]
  40 0006 7047     		bx	lr
  41              	.L3:
  42              		.align	2
  43              	.L2:
  44 0008 08ED00E0 		.word	-536810232
  45              		.cfi_endproc
  46              	.LFE3:
  47              		.size	isrRF_RX_SetVector, .-isrRF_RX_SetVector
  48              		.section	.text.isrRF_RX_GetVector,"ax",%progbits
  49              		.align	2
  50              		.global	isrRF_RX_GetVector
  51              		.thumb
  52              		.thumb_func
  53              		.type	isrRF_RX_GetVector, %function
  54              	isrRF_RX_GetVector:
  55              	.LFB4:
 213:Generated_Source\PSoC5/isrRF_RX.c **** }
 214:Generated_Source\PSoC5/isrRF_RX.c **** 
 215:Generated_Source\PSoC5/isrRF_RX.c **** 
 216:Generated_Source\PSoC5/isrRF_RX.c **** /*******************************************************************************
 217:Generated_Source\PSoC5/isrRF_RX.c **** * Function Name: isrRF_RX_GetVector
 218:Generated_Source\PSoC5/isrRF_RX.c **** ********************************************************************************
 219:Generated_Source\PSoC5/isrRF_RX.c **** *
 220:Generated_Source\PSoC5/isrRF_RX.c **** * Summary:
 221:Generated_Source\PSoC5/isrRF_RX.c **** *   Gets the "address" of the current ISR vector for the Interrupt.
 222:Generated_Source\PSoC5/isrRF_RX.c **** *
 223:Generated_Source\PSoC5/isrRF_RX.c **** * Parameters:
 224:Generated_Source\PSoC5/isrRF_RX.c **** *   None
 225:Generated_Source\PSoC5/isrRF_RX.c **** *
 226:Generated_Source\PSoC5/isrRF_RX.c **** * Return:
 227:Generated_Source\PSoC5/isrRF_RX.c **** *   Address of the ISR in the interrupt vector table.
 228:Generated_Source\PSoC5/isrRF_RX.c **** *
 229:Generated_Source\PSoC5/isrRF_RX.c **** *******************************************************************************/
 230:Generated_Source\PSoC5/isrRF_RX.c **** cyisraddress isrRF_RX_GetVector(void)
ARM GAS  C:\Users\smiy200\AppData\Local\Temp\cc6BaIhh.s 			page 6


 231:Generated_Source\PSoC5/isrRF_RX.c **** {
  56              		.loc 1 231 0
  57              		.cfi_startproc
  58              		@ args = 0, pretend = 0, frame = 0
  59              		@ frame_needed = 0, uses_anonymous_args = 0
  60              		@ link register save eliminated.
 232:Generated_Source\PSoC5/isrRF_RX.c ****     cyisraddress * ramVectorTable;
 233:Generated_Source\PSoC5/isrRF_RX.c **** 
 234:Generated_Source\PSoC5/isrRF_RX.c ****     ramVectorTable = (cyisraddress *) *CYINT_VECT_TABLE;
  61              		.loc 1 234 0
  62 0000 014B     		ldr	r3, .L5
  63 0002 1B68     		ldr	r3, [r3]
  64              	.LVL2:
 235:Generated_Source\PSoC5/isrRF_RX.c **** 
 236:Generated_Source\PSoC5/isrRF_RX.c ****     return ramVectorTable[CYINT_IRQ_BASE + (uint32)isrRF_RX__INTC_NUMBER];
 237:Generated_Source\PSoC5/isrRF_RX.c **** }
  65              		.loc 1 237 0
  66 0004 D86C     		ldr	r0, [r3, #76]
  67 0006 7047     		bx	lr
  68              	.L6:
  69              		.align	2
  70              	.L5:
  71 0008 08ED00E0 		.word	-536810232
  72              		.cfi_endproc
  73              	.LFE4:
  74              		.size	isrRF_RX_GetVector, .-isrRF_RX_GetVector
  75              		.section	.text.isrRF_RX_SetPriority,"ax",%progbits
  76              		.align	2
  77              		.global	isrRF_RX_SetPriority
  78              		.thumb
  79              		.thumb_func
  80              		.type	isrRF_RX_SetPriority, %function
  81              	isrRF_RX_SetPriority:
  82              	.LFB5:
 238:Generated_Source\PSoC5/isrRF_RX.c **** 
 239:Generated_Source\PSoC5/isrRF_RX.c **** 
 240:Generated_Source\PSoC5/isrRF_RX.c **** /*******************************************************************************
 241:Generated_Source\PSoC5/isrRF_RX.c **** * Function Name: isrRF_RX_SetPriority
 242:Generated_Source\PSoC5/isrRF_RX.c **** ********************************************************************************
 243:Generated_Source\PSoC5/isrRF_RX.c **** *
 244:Generated_Source\PSoC5/isrRF_RX.c **** * Summary:
 245:Generated_Source\PSoC5/isrRF_RX.c **** *   Sets the Priority of the Interrupt. 
 246:Generated_Source\PSoC5/isrRF_RX.c **** *
 247:Generated_Source\PSoC5/isrRF_RX.c **** *   Note calling isrRF_RX_Start or isrRF_RX_StartEx will 
 248:Generated_Source\PSoC5/isrRF_RX.c **** *   override any effect this API would have had. This API should only be called
 249:Generated_Source\PSoC5/isrRF_RX.c **** *   after isrRF_RX_Start or isrRF_RX_StartEx has been called. 
 250:Generated_Source\PSoC5/isrRF_RX.c **** *   To set the initial priority for the component, use the Design-Wide Resources
 251:Generated_Source\PSoC5/isrRF_RX.c **** *   Interrupt Editor.
 252:Generated_Source\PSoC5/isrRF_RX.c **** *
 253:Generated_Source\PSoC5/isrRF_RX.c **** *   Note This API has no effect on Non-maskable interrupt NMI).
 254:Generated_Source\PSoC5/isrRF_RX.c **** *
 255:Generated_Source\PSoC5/isrRF_RX.c **** * Parameters:
 256:Generated_Source\PSoC5/isrRF_RX.c **** *   priority: Priority of the interrupt, 0 being the highest priority
 257:Generated_Source\PSoC5/isrRF_RX.c **** *             PSoC 3 and PSoC 5LP: Priority is from 0 to 7.
 258:Generated_Source\PSoC5/isrRF_RX.c **** *             PSoC 4: Priority is from 0 to 3.
 259:Generated_Source\PSoC5/isrRF_RX.c **** *
 260:Generated_Source\PSoC5/isrRF_RX.c **** * Return:
ARM GAS  C:\Users\smiy200\AppData\Local\Temp\cc6BaIhh.s 			page 7


 261:Generated_Source\PSoC5/isrRF_RX.c **** *   None
 262:Generated_Source\PSoC5/isrRF_RX.c **** *
 263:Generated_Source\PSoC5/isrRF_RX.c **** *******************************************************************************/
 264:Generated_Source\PSoC5/isrRF_RX.c **** void isrRF_RX_SetPriority(uint8 priority)
 265:Generated_Source\PSoC5/isrRF_RX.c **** {
  83              		.loc 1 265 0
  84              		.cfi_startproc
  85              		@ args = 0, pretend = 0, frame = 0
  86              		@ frame_needed = 0, uses_anonymous_args = 0
  87              		@ link register save eliminated.
  88              	.LVL3:
 266:Generated_Source\PSoC5/isrRF_RX.c ****     *isrRF_RX_INTC_PRIOR = priority << 5;
  89              		.loc 1 266 0
  90 0000 4001     		lsls	r0, r0, #5
  91              	.LVL4:
  92 0002 C0B2     		uxtb	r0, r0
  93 0004 014B     		ldr	r3, .L8
  94 0006 1870     		strb	r0, [r3]
  95 0008 7047     		bx	lr
  96              	.L9:
  97 000a 00BF     		.align	2
  98              	.L8:
  99 000c 03E400E0 		.word	-536812541
 100              		.cfi_endproc
 101              	.LFE5:
 102              		.size	isrRF_RX_SetPriority, .-isrRF_RX_SetPriority
 103              		.section	.text.isrRF_RX_GetPriority,"ax",%progbits
 104              		.align	2
 105              		.global	isrRF_RX_GetPriority
 106              		.thumb
 107              		.thumb_func
 108              		.type	isrRF_RX_GetPriority, %function
 109              	isrRF_RX_GetPriority:
 110              	.LFB6:
 267:Generated_Source\PSoC5/isrRF_RX.c **** }
 268:Generated_Source\PSoC5/isrRF_RX.c **** 
 269:Generated_Source\PSoC5/isrRF_RX.c **** 
 270:Generated_Source\PSoC5/isrRF_RX.c **** /*******************************************************************************
 271:Generated_Source\PSoC5/isrRF_RX.c **** * Function Name: isrRF_RX_GetPriority
 272:Generated_Source\PSoC5/isrRF_RX.c **** ********************************************************************************
 273:Generated_Source\PSoC5/isrRF_RX.c **** *
 274:Generated_Source\PSoC5/isrRF_RX.c **** * Summary:
 275:Generated_Source\PSoC5/isrRF_RX.c **** *   Gets the Priority of the Interrupt.
 276:Generated_Source\PSoC5/isrRF_RX.c **** *
 277:Generated_Source\PSoC5/isrRF_RX.c **** * Parameters:
 278:Generated_Source\PSoC5/isrRF_RX.c **** *   None
 279:Generated_Source\PSoC5/isrRF_RX.c **** *
 280:Generated_Source\PSoC5/isrRF_RX.c **** * Return:
 281:Generated_Source\PSoC5/isrRF_RX.c **** *   Priority of the interrupt, 0 being the highest priority
 282:Generated_Source\PSoC5/isrRF_RX.c **** *    PSoC 3 and PSoC 5LP: Priority is from 0 to 7.
 283:Generated_Source\PSoC5/isrRF_RX.c **** *    PSoC 4: Priority is from 0 to 3.
 284:Generated_Source\PSoC5/isrRF_RX.c **** *
 285:Generated_Source\PSoC5/isrRF_RX.c **** *******************************************************************************/
 286:Generated_Source\PSoC5/isrRF_RX.c **** uint8 isrRF_RX_GetPriority(void)
 287:Generated_Source\PSoC5/isrRF_RX.c **** {
 111              		.loc 1 287 0
 112              		.cfi_startproc
ARM GAS  C:\Users\smiy200\AppData\Local\Temp\cc6BaIhh.s 			page 8


 113              		@ args = 0, pretend = 0, frame = 0
 114              		@ frame_needed = 0, uses_anonymous_args = 0
 115              		@ link register save eliminated.
 288:Generated_Source\PSoC5/isrRF_RX.c ****     uint8 priority;
 289:Generated_Source\PSoC5/isrRF_RX.c **** 
 290:Generated_Source\PSoC5/isrRF_RX.c **** 
 291:Generated_Source\PSoC5/isrRF_RX.c ****     priority = *isrRF_RX_INTC_PRIOR >> 5;
 116              		.loc 1 291 0
 117 0000 014B     		ldr	r3, .L11
 118 0002 1878     		ldrb	r0, [r3]	@ zero_extendqisi2
 119              	.LVL5:
 292:Generated_Source\PSoC5/isrRF_RX.c **** 
 293:Generated_Source\PSoC5/isrRF_RX.c ****     return priority;
 294:Generated_Source\PSoC5/isrRF_RX.c **** }
 120              		.loc 1 294 0
 121 0004 4009     		lsrs	r0, r0, #5
 122              	.LVL6:
 123 0006 7047     		bx	lr
 124              	.L12:
 125              		.align	2
 126              	.L11:
 127 0008 03E400E0 		.word	-536812541
 128              		.cfi_endproc
 129              	.LFE6:
 130              		.size	isrRF_RX_GetPriority, .-isrRF_RX_GetPriority
 131              		.section	.text.isrRF_RX_Enable,"ax",%progbits
 132              		.align	2
 133              		.global	isrRF_RX_Enable
 134              		.thumb
 135              		.thumb_func
 136              		.type	isrRF_RX_Enable, %function
 137              	isrRF_RX_Enable:
 138              	.LFB7:
 295:Generated_Source\PSoC5/isrRF_RX.c **** 
 296:Generated_Source\PSoC5/isrRF_RX.c **** 
 297:Generated_Source\PSoC5/isrRF_RX.c **** /*******************************************************************************
 298:Generated_Source\PSoC5/isrRF_RX.c **** * Function Name: isrRF_RX_Enable
 299:Generated_Source\PSoC5/isrRF_RX.c **** ********************************************************************************
 300:Generated_Source\PSoC5/isrRF_RX.c **** *
 301:Generated_Source\PSoC5/isrRF_RX.c **** * Summary:
 302:Generated_Source\PSoC5/isrRF_RX.c **** *   Enables the interrupt to the interrupt controller. Do not call this function
 303:Generated_Source\PSoC5/isrRF_RX.c **** *   unless ISR_Start() has been called or the functionality of the ISR_Start() 
 304:Generated_Source\PSoC5/isrRF_RX.c **** *   function, which sets the vector and the priority, has been called.
 305:Generated_Source\PSoC5/isrRF_RX.c **** *
 306:Generated_Source\PSoC5/isrRF_RX.c **** * Parameters:
 307:Generated_Source\PSoC5/isrRF_RX.c **** *   None
 308:Generated_Source\PSoC5/isrRF_RX.c **** *
 309:Generated_Source\PSoC5/isrRF_RX.c **** * Return:
 310:Generated_Source\PSoC5/isrRF_RX.c **** *   None
 311:Generated_Source\PSoC5/isrRF_RX.c **** *
 312:Generated_Source\PSoC5/isrRF_RX.c **** *******************************************************************************/
 313:Generated_Source\PSoC5/isrRF_RX.c **** void isrRF_RX_Enable(void)
 314:Generated_Source\PSoC5/isrRF_RX.c **** {
 139              		.loc 1 314 0
 140              		.cfi_startproc
 141              		@ args = 0, pretend = 0, frame = 0
 142              		@ frame_needed = 0, uses_anonymous_args = 0
ARM GAS  C:\Users\smiy200\AppData\Local\Temp\cc6BaIhh.s 			page 9


 143              		@ link register save eliminated.
 315:Generated_Source\PSoC5/isrRF_RX.c ****     /* Enable the general interrupt. */
 316:Generated_Source\PSoC5/isrRF_RX.c ****     *isrRF_RX_INTC_SET_EN = isrRF_RX__INTC_MASK;
 144              		.loc 1 316 0
 145 0000 0822     		movs	r2, #8
 146 0002 014B     		ldr	r3, .L14
 147 0004 1A60     		str	r2, [r3]
 148 0006 7047     		bx	lr
 149              	.L15:
 150              		.align	2
 151              	.L14:
 152 0008 00E100E0 		.word	-536813312
 153              		.cfi_endproc
 154              	.LFE7:
 155              		.size	isrRF_RX_Enable, .-isrRF_RX_Enable
 156              		.section	.text.isrRF_RX_GetState,"ax",%progbits
 157              		.align	2
 158              		.global	isrRF_RX_GetState
 159              		.thumb
 160              		.thumb_func
 161              		.type	isrRF_RX_GetState, %function
 162              	isrRF_RX_GetState:
 163              	.LFB8:
 317:Generated_Source\PSoC5/isrRF_RX.c **** }
 318:Generated_Source\PSoC5/isrRF_RX.c **** 
 319:Generated_Source\PSoC5/isrRF_RX.c **** 
 320:Generated_Source\PSoC5/isrRF_RX.c **** /*******************************************************************************
 321:Generated_Source\PSoC5/isrRF_RX.c **** * Function Name: isrRF_RX_GetState
 322:Generated_Source\PSoC5/isrRF_RX.c **** ********************************************************************************
 323:Generated_Source\PSoC5/isrRF_RX.c **** *
 324:Generated_Source\PSoC5/isrRF_RX.c **** * Summary:
 325:Generated_Source\PSoC5/isrRF_RX.c **** *   Gets the state (enabled, disabled) of the Interrupt.
 326:Generated_Source\PSoC5/isrRF_RX.c **** *
 327:Generated_Source\PSoC5/isrRF_RX.c **** * Parameters:
 328:Generated_Source\PSoC5/isrRF_RX.c **** *   None
 329:Generated_Source\PSoC5/isrRF_RX.c **** *
 330:Generated_Source\PSoC5/isrRF_RX.c **** * Return:
 331:Generated_Source\PSoC5/isrRF_RX.c **** *   1 if enabled, 0 if disabled.
 332:Generated_Source\PSoC5/isrRF_RX.c **** *
 333:Generated_Source\PSoC5/isrRF_RX.c **** *******************************************************************************/
 334:Generated_Source\PSoC5/isrRF_RX.c **** uint8 isrRF_RX_GetState(void)
 335:Generated_Source\PSoC5/isrRF_RX.c **** {
 164              		.loc 1 335 0
 165              		.cfi_startproc
 166              		@ args = 0, pretend = 0, frame = 0
 167              		@ frame_needed = 0, uses_anonymous_args = 0
 168              		@ link register save eliminated.
 336:Generated_Source\PSoC5/isrRF_RX.c ****     /* Get the state of the general interrupt. */
 337:Generated_Source\PSoC5/isrRF_RX.c ****     return ((*isrRF_RX_INTC_SET_EN & (uint32)isrRF_RX__INTC_MASK) != 0u) ? 1u:0u;
 169              		.loc 1 337 0
 170 0000 044B     		ldr	r3, .L19
 171 0002 1B68     		ldr	r3, [r3]
 172 0004 13F0080F 		tst	r3, #8
 173 0008 01D0     		beq	.L18
 174 000a 0120     		movs	r0, #1
 175 000c 7047     		bx	lr
 176              	.L18:
ARM GAS  C:\Users\smiy200\AppData\Local\Temp\cc6BaIhh.s 			page 10


 177 000e 0020     		movs	r0, #0
 338:Generated_Source\PSoC5/isrRF_RX.c **** }
 178              		.loc 1 338 0
 179 0010 7047     		bx	lr
 180              	.L20:
 181 0012 00BF     		.align	2
 182              	.L19:
 183 0014 00E100E0 		.word	-536813312
 184              		.cfi_endproc
 185              	.LFE8:
 186              		.size	isrRF_RX_GetState, .-isrRF_RX_GetState
 187              		.section	.text.isrRF_RX_Disable,"ax",%progbits
 188              		.align	2
 189              		.global	isrRF_RX_Disable
 190              		.thumb
 191              		.thumb_func
 192              		.type	isrRF_RX_Disable, %function
 193              	isrRF_RX_Disable:
 194              	.LFB9:
 339:Generated_Source\PSoC5/isrRF_RX.c **** 
 340:Generated_Source\PSoC5/isrRF_RX.c **** 
 341:Generated_Source\PSoC5/isrRF_RX.c **** /*******************************************************************************
 342:Generated_Source\PSoC5/isrRF_RX.c **** * Function Name: isrRF_RX_Disable
 343:Generated_Source\PSoC5/isrRF_RX.c **** ********************************************************************************
 344:Generated_Source\PSoC5/isrRF_RX.c **** *
 345:Generated_Source\PSoC5/isrRF_RX.c **** * Summary:
 346:Generated_Source\PSoC5/isrRF_RX.c **** *   Disables the Interrupt in the interrupt controller.
 347:Generated_Source\PSoC5/isrRF_RX.c **** *
 348:Generated_Source\PSoC5/isrRF_RX.c **** * Parameters:
 349:Generated_Source\PSoC5/isrRF_RX.c **** *   None
 350:Generated_Source\PSoC5/isrRF_RX.c **** *
 351:Generated_Source\PSoC5/isrRF_RX.c **** * Return:
 352:Generated_Source\PSoC5/isrRF_RX.c **** *   None
 353:Generated_Source\PSoC5/isrRF_RX.c **** *
 354:Generated_Source\PSoC5/isrRF_RX.c **** *******************************************************************************/
 355:Generated_Source\PSoC5/isrRF_RX.c **** void isrRF_RX_Disable(void)
 356:Generated_Source\PSoC5/isrRF_RX.c **** {
 195              		.loc 1 356 0
 196              		.cfi_startproc
 197              		@ args = 0, pretend = 0, frame = 0
 198              		@ frame_needed = 0, uses_anonymous_args = 0
 199              		@ link register save eliminated.
 357:Generated_Source\PSoC5/isrRF_RX.c ****     /* Disable the general interrupt. */
 358:Generated_Source\PSoC5/isrRF_RX.c ****     *isrRF_RX_INTC_CLR_EN = isrRF_RX__INTC_MASK;
 200              		.loc 1 358 0
 201 0000 0822     		movs	r2, #8
 202 0002 014B     		ldr	r3, .L22
 203 0004 1A60     		str	r2, [r3]
 204 0006 7047     		bx	lr
 205              	.L23:
 206              		.align	2
 207              	.L22:
 208 0008 80E100E0 		.word	-536813184
 209              		.cfi_endproc
 210              	.LFE9:
 211              		.size	isrRF_RX_Disable, .-isrRF_RX_Disable
 212              		.section	.text.isrRF_RX_Start,"ax",%progbits
ARM GAS  C:\Users\smiy200\AppData\Local\Temp\cc6BaIhh.s 			page 11


 213              		.align	2
 214              		.global	isrRF_RX_Start
 215              		.thumb
 216              		.thumb_func
 217              		.type	isrRF_RX_Start, %function
 218              	isrRF_RX_Start:
 219              	.LFB0:
  65:Generated_Source\PSoC5/isrRF_RX.c ****     /* For all we know the interrupt is active. */
 220              		.loc 1 65 0
 221              		.cfi_startproc
 222              		@ args = 0, pretend = 0, frame = 0
 223              		@ frame_needed = 0, uses_anonymous_args = 0
 224 0000 08B5     		push	{r3, lr}
 225              		.cfi_def_cfa_offset 8
 226              		.cfi_offset 3, -8
 227              		.cfi_offset 14, -4
  67:Generated_Source\PSoC5/isrRF_RX.c **** 
 228              		.loc 1 67 0
 229 0002 FFF7FEFF 		bl	isrRF_RX_Disable
 230              	.LVL7:
  70:Generated_Source\PSoC5/isrRF_RX.c **** 
 231              		.loc 1 70 0
 232 0006 0448     		ldr	r0, .L26
 233 0008 FFF7FEFF 		bl	isrRF_RX_SetVector
 234              	.LVL8:
  73:Generated_Source\PSoC5/isrRF_RX.c **** 
 235              		.loc 1 73 0
 236 000c 0720     		movs	r0, #7
 237 000e FFF7FEFF 		bl	isrRF_RX_SetPriority
 238              	.LVL9:
  76:Generated_Source\PSoC5/isrRF_RX.c **** }
 239              		.loc 1 76 0
 240 0012 FFF7FEFF 		bl	isrRF_RX_Enable
 241              	.LVL10:
 242 0016 08BD     		pop	{r3, pc}
 243              	.L27:
 244              		.align	2
 245              	.L26:
 246 0018 00000000 		.word	isrRF_RX_Interrupt
 247              		.cfi_endproc
 248              	.LFE0:
 249              		.size	isrRF_RX_Start, .-isrRF_RX_Start
 250              		.section	.text.isrRF_RX_StartEx,"ax",%progbits
 251              		.align	2
 252              		.global	isrRF_RX_StartEx
 253              		.thumb
 254              		.thumb_func
 255              		.type	isrRF_RX_StartEx, %function
 256              	isrRF_RX_StartEx:
 257              	.LFB1:
 108:Generated_Source\PSoC5/isrRF_RX.c ****     /* For all we know the interrupt is active. */
 258              		.loc 1 108 0
 259              		.cfi_startproc
 260              		@ args = 0, pretend = 0, frame = 0
 261              		@ frame_needed = 0, uses_anonymous_args = 0
 262              	.LVL11:
 263 0000 10B5     		push	{r4, lr}
ARM GAS  C:\Users\smiy200\AppData\Local\Temp\cc6BaIhh.s 			page 12


 264              		.cfi_def_cfa_offset 8
 265              		.cfi_offset 4, -8
 266              		.cfi_offset 14, -4
 267 0002 0446     		mov	r4, r0
 110:Generated_Source\PSoC5/isrRF_RX.c **** 
 268              		.loc 1 110 0
 269 0004 FFF7FEFF 		bl	isrRF_RX_Disable
 270              	.LVL12:
 113:Generated_Source\PSoC5/isrRF_RX.c **** 
 271              		.loc 1 113 0
 272 0008 2046     		mov	r0, r4
 273 000a FFF7FEFF 		bl	isrRF_RX_SetVector
 274              	.LVL13:
 116:Generated_Source\PSoC5/isrRF_RX.c **** 
 275              		.loc 1 116 0
 276 000e 0720     		movs	r0, #7
 277 0010 FFF7FEFF 		bl	isrRF_RX_SetPriority
 278              	.LVL14:
 119:Generated_Source\PSoC5/isrRF_RX.c **** }
 279              		.loc 1 119 0
 280 0014 FFF7FEFF 		bl	isrRF_RX_Enable
 281              	.LVL15:
 282 0018 10BD     		pop	{r4, pc}
 283              		.cfi_endproc
 284              	.LFE1:
 285              		.size	isrRF_RX_StartEx, .-isrRF_RX_StartEx
 286 001a 00BF     		.section	.text.isrRF_RX_Stop,"ax",%progbits
 287              		.align	2
 288              		.global	isrRF_RX_Stop
 289              		.thumb
 290              		.thumb_func
 291              		.type	isrRF_RX_Stop, %function
 292              	isrRF_RX_Stop:
 293              	.LFB2:
 138:Generated_Source\PSoC5/isrRF_RX.c ****     /* Disable this interrupt. */
 294              		.loc 1 138 0
 295              		.cfi_startproc
 296              		@ args = 0, pretend = 0, frame = 0
 297              		@ frame_needed = 0, uses_anonymous_args = 0
 298 0000 08B5     		push	{r3, lr}
 299              		.cfi_def_cfa_offset 8
 300              		.cfi_offset 3, -8
 301              		.cfi_offset 14, -4
 140:Generated_Source\PSoC5/isrRF_RX.c **** 
 302              		.loc 1 140 0
 303 0002 FFF7FEFF 		bl	isrRF_RX_Disable
 304              	.LVL16:
 143:Generated_Source\PSoC5/isrRF_RX.c **** }
 305              		.loc 1 143 0
 306 0006 0248     		ldr	r0, .L32
 307 0008 FFF7FEFF 		bl	isrRF_RX_SetVector
 308              	.LVL17:
 309 000c 08BD     		pop	{r3, pc}
 310              	.L33:
 311 000e 00BF     		.align	2
 312              	.L32:
 313 0010 00000000 		.word	IntDefaultHandler
ARM GAS  C:\Users\smiy200\AppData\Local\Temp\cc6BaIhh.s 			page 13


 314              		.cfi_endproc
 315              	.LFE2:
 316              		.size	isrRF_RX_Stop, .-isrRF_RX_Stop
 317              		.section	.text.isrRF_RX_SetPending,"ax",%progbits
 318              		.align	2
 319              		.global	isrRF_RX_SetPending
 320              		.thumb
 321              		.thumb_func
 322              		.type	isrRF_RX_SetPending, %function
 323              	isrRF_RX_SetPending:
 324              	.LFB10:
 359:Generated_Source\PSoC5/isrRF_RX.c **** }
 360:Generated_Source\PSoC5/isrRF_RX.c **** 
 361:Generated_Source\PSoC5/isrRF_RX.c **** 
 362:Generated_Source\PSoC5/isrRF_RX.c **** /*******************************************************************************
 363:Generated_Source\PSoC5/isrRF_RX.c **** * Function Name: isrRF_RX_SetPending
 364:Generated_Source\PSoC5/isrRF_RX.c **** ********************************************************************************
 365:Generated_Source\PSoC5/isrRF_RX.c **** *
 366:Generated_Source\PSoC5/isrRF_RX.c **** * Summary:
 367:Generated_Source\PSoC5/isrRF_RX.c **** *   Causes the Interrupt to enter the pending state, a software method of
 368:Generated_Source\PSoC5/isrRF_RX.c **** *   generating the interrupt.
 369:Generated_Source\PSoC5/isrRF_RX.c **** *
 370:Generated_Source\PSoC5/isrRF_RX.c **** * Parameters:
 371:Generated_Source\PSoC5/isrRF_RX.c **** *   None
 372:Generated_Source\PSoC5/isrRF_RX.c **** *
 373:Generated_Source\PSoC5/isrRF_RX.c **** * Return:
 374:Generated_Source\PSoC5/isrRF_RX.c **** *   None
 375:Generated_Source\PSoC5/isrRF_RX.c **** *
 376:Generated_Source\PSoC5/isrRF_RX.c **** * Side Effects:
 377:Generated_Source\PSoC5/isrRF_RX.c **** *   If interrupts are enabled and the interrupt is set up properly, the ISR is
 378:Generated_Source\PSoC5/isrRF_RX.c **** *   entered (depending on the priority of this interrupt and other pending 
 379:Generated_Source\PSoC5/isrRF_RX.c **** *   interrupts).
 380:Generated_Source\PSoC5/isrRF_RX.c **** *
 381:Generated_Source\PSoC5/isrRF_RX.c **** *******************************************************************************/
 382:Generated_Source\PSoC5/isrRF_RX.c **** void isrRF_RX_SetPending(void)
 383:Generated_Source\PSoC5/isrRF_RX.c **** {
 325              		.loc 1 383 0
 326              		.cfi_startproc
 327              		@ args = 0, pretend = 0, frame = 0
 328              		@ frame_needed = 0, uses_anonymous_args = 0
 329              		@ link register save eliminated.
 384:Generated_Source\PSoC5/isrRF_RX.c ****     *isrRF_RX_INTC_SET_PD = isrRF_RX__INTC_MASK;
 330              		.loc 1 384 0
 331 0000 0822     		movs	r2, #8
 332 0002 014B     		ldr	r3, .L35
 333 0004 1A60     		str	r2, [r3]
 334 0006 7047     		bx	lr
 335              	.L36:
 336              		.align	2
 337              	.L35:
 338 0008 00E200E0 		.word	-536813056
 339              		.cfi_endproc
 340              	.LFE10:
 341              		.size	isrRF_RX_SetPending, .-isrRF_RX_SetPending
 342              		.section	.text.isrRF_RX_ClearPending,"ax",%progbits
 343              		.align	2
 344              		.global	isrRF_RX_ClearPending
ARM GAS  C:\Users\smiy200\AppData\Local\Temp\cc6BaIhh.s 			page 14


 345              		.thumb
 346              		.thumb_func
 347              		.type	isrRF_RX_ClearPending, %function
 348              	isrRF_RX_ClearPending:
 349              	.LFB11:
 385:Generated_Source\PSoC5/isrRF_RX.c **** }
 386:Generated_Source\PSoC5/isrRF_RX.c **** 
 387:Generated_Source\PSoC5/isrRF_RX.c **** 
 388:Generated_Source\PSoC5/isrRF_RX.c **** /*******************************************************************************
 389:Generated_Source\PSoC5/isrRF_RX.c **** * Function Name: isrRF_RX_ClearPending
 390:Generated_Source\PSoC5/isrRF_RX.c **** ********************************************************************************
 391:Generated_Source\PSoC5/isrRF_RX.c **** *
 392:Generated_Source\PSoC5/isrRF_RX.c **** * Summary:
 393:Generated_Source\PSoC5/isrRF_RX.c **** *   Clears a pending interrupt in the interrupt controller.
 394:Generated_Source\PSoC5/isrRF_RX.c **** *
 395:Generated_Source\PSoC5/isrRF_RX.c **** *   Note Some interrupt sources are clear-on-read and require the block 
 396:Generated_Source\PSoC5/isrRF_RX.c **** *   interrupt/status register to be read/cleared with the appropriate block API 
 397:Generated_Source\PSoC5/isrRF_RX.c **** *   (GPIO, UART, and so on). Otherwise the ISR will continue to remain in 
 398:Generated_Source\PSoC5/isrRF_RX.c **** *   pending state even though the interrupt itself is cleared using this API.
 399:Generated_Source\PSoC5/isrRF_RX.c **** *
 400:Generated_Source\PSoC5/isrRF_RX.c **** * Parameters:
 401:Generated_Source\PSoC5/isrRF_RX.c **** *   None
 402:Generated_Source\PSoC5/isrRF_RX.c **** *
 403:Generated_Source\PSoC5/isrRF_RX.c **** * Return:
 404:Generated_Source\PSoC5/isrRF_RX.c **** *   None
 405:Generated_Source\PSoC5/isrRF_RX.c **** *
 406:Generated_Source\PSoC5/isrRF_RX.c **** *******************************************************************************/
 407:Generated_Source\PSoC5/isrRF_RX.c **** void isrRF_RX_ClearPending(void)
 408:Generated_Source\PSoC5/isrRF_RX.c **** {
 350              		.loc 1 408 0
 351              		.cfi_startproc
 352              		@ args = 0, pretend = 0, frame = 0
 353              		@ frame_needed = 0, uses_anonymous_args = 0
 354              		@ link register save eliminated.
 409:Generated_Source\PSoC5/isrRF_RX.c ****     *isrRF_RX_INTC_CLR_PD = isrRF_RX__INTC_MASK;
 355              		.loc 1 409 0
 356 0000 0822     		movs	r2, #8
 357 0002 014B     		ldr	r3, .L38
 358 0004 1A60     		str	r2, [r3]
 359 0006 7047     		bx	lr
 360              	.L39:
 361              		.align	2
 362              	.L38:
 363 0008 80E200E0 		.word	-536812928
 364              		.cfi_endproc
 365              	.LFE11:
 366              		.size	isrRF_RX_ClearPending, .-isrRF_RX_ClearPending
 367              		.comm	outputC,1,1
 368              		.text
 369              	.Letext0:
 370              		.file 2 "Generated_Source\\PSoC5/cytypes.h"
 371              		.section	.debug_info,"",%progbits
 372              	.Ldebug_info0:
 373 0000 C0020000 		.4byte	0x2c0
 374 0004 0400     		.2byte	0x4
 375 0006 00000000 		.4byte	.Ldebug_abbrev0
 376 000a 04       		.byte	0x4
ARM GAS  C:\Users\smiy200\AppData\Local\Temp\cc6BaIhh.s 			page 15


 377 000b 01       		.uleb128 0x1
 378 000c 86000000 		.4byte	.LASF33
 379 0010 0C       		.byte	0xc
 380 0011 00000000 		.4byte	.LASF34
 381 0015 84010000 		.4byte	.LASF35
 382 0019 00000000 		.4byte	.Ldebug_ranges0+0
 383 001d 00000000 		.4byte	0
 384 0021 00000000 		.4byte	.Ldebug_line0
 385 0025 02       		.uleb128 0x2
 386 0026 04       		.byte	0x4
 387 0027 05       		.byte	0x5
 388 0028 696E7400 		.ascii	"int\000"
 389 002c 03       		.uleb128 0x3
 390 002d 04       		.byte	0x4
 391 002e 07       		.byte	0x7
 392 002f 35020000 		.4byte	.LASF0
 393 0033 03       		.uleb128 0x3
 394 0034 08       		.byte	0x8
 395 0035 05       		.byte	0x5
 396 0036 8A020000 		.4byte	.LASF1
 397 003a 03       		.uleb128 0x3
 398 003b 08       		.byte	0x8
 399 003c 04       		.byte	0x4
 400 003d E4020000 		.4byte	.LASF2
 401 0041 03       		.uleb128 0x3
 402 0042 01       		.byte	0x1
 403 0043 06       		.byte	0x6
 404 0044 01030000 		.4byte	.LASF3
 405 0048 03       		.uleb128 0x3
 406 0049 01       		.byte	0x1
 407 004a 08       		.byte	0x8
 408 004b 78000000 		.4byte	.LASF4
 409 004f 03       		.uleb128 0x3
 410 0050 02       		.byte	0x2
 411 0051 05       		.byte	0x5
 412 0052 BD020000 		.4byte	.LASF5
 413 0056 03       		.uleb128 0x3
 414 0057 02       		.byte	0x2
 415 0058 07       		.byte	0x7
 416 0059 2E000000 		.4byte	.LASF6
 417 005d 03       		.uleb128 0x3
 418 005e 04       		.byte	0x4
 419 005f 05       		.byte	0x5
 420 0060 D6020000 		.4byte	.LASF7
 421 0064 03       		.uleb128 0x3
 422 0065 04       		.byte	0x4
 423 0066 07       		.byte	0x7
 424 0067 19010000 		.4byte	.LASF8
 425 006b 03       		.uleb128 0x3
 426 006c 08       		.byte	0x8
 427 006d 07       		.byte	0x7
 428 006e 4A020000 		.4byte	.LASF9
 429 0072 03       		.uleb128 0x3
 430 0073 04       		.byte	0x4
 431 0074 07       		.byte	0x7
 432 0075 81020000 		.4byte	.LASF10
 433 0079 03       		.uleb128 0x3
ARM GAS  C:\Users\smiy200\AppData\Local\Temp\cc6BaIhh.s 			page 16


 434 007a 01       		.byte	0x1
 435 007b 08       		.byte	0x8
 436 007c DF020000 		.4byte	.LASF11
 437 0080 04       		.uleb128 0x4
 438 0081 04       		.byte	0x4
 439 0082 86000000 		.4byte	0x86
 440 0086 05       		.uleb128 0x5
 441 0087 06       		.uleb128 0x6
 442 0088 2B010000 		.4byte	.LASF12
 443 008c 02       		.byte	0x2
 444 008d E401     		.2byte	0x1e4
 445 008f 48000000 		.4byte	0x48
 446 0093 06       		.uleb128 0x6
 447 0094 2E020000 		.4byte	.LASF13
 448 0098 02       		.byte	0x2
 449 0099 E601     		.2byte	0x1e6
 450 009b 64000000 		.4byte	0x64
 451 009f 03       		.uleb128 0x3
 452 00a0 04       		.byte	0x4
 453 00a1 04       		.byte	0x4
 454 00a2 28000000 		.4byte	.LASF14
 455 00a6 03       		.uleb128 0x3
 456 00a7 08       		.byte	0x8
 457 00a8 04       		.byte	0x4
 458 00a9 41000000 		.4byte	.LASF15
 459 00ad 06       		.uleb128 0x6
 460 00ae 14010000 		.4byte	.LASF16
 461 00b2 02       		.byte	0x2
 462 00b3 8E02     		.2byte	0x28e
 463 00b5 B9000000 		.4byte	0xb9
 464 00b9 07       		.uleb128 0x7
 465 00ba 87000000 		.4byte	0x87
 466 00be 06       		.uleb128 0x6
 467 00bf 22000000 		.4byte	.LASF17
 468 00c3 02       		.byte	0x2
 469 00c4 9002     		.2byte	0x290
 470 00c6 CA000000 		.4byte	0xca
 471 00ca 07       		.uleb128 0x7
 472 00cb 93000000 		.4byte	0x93
 473 00cf 06       		.uleb128 0x6
 474 00d0 74020000 		.4byte	.LASF18
 475 00d4 02       		.byte	0x2
 476 00d5 A002     		.2byte	0x2a0
 477 00d7 80000000 		.4byte	0x80
 478 00db 08       		.uleb128 0x8
 479 00dc 65000000 		.4byte	.LASF20
 480 00e0 01       		.byte	0x1
 481 00e1 CE       		.byte	0xce
 482 00e2 00000000 		.4byte	.LFB3
 483 00e6 0C000000 		.4byte	.LFE3-.LFB3
 484 00ea 01       		.uleb128 0x1
 485 00eb 9C       		.byte	0x9c
 486 00ec 0B010000 		.4byte	0x10b
 487 00f0 09       		.uleb128 0x9
 488 00f1 42020000 		.4byte	.LASF22
 489 00f5 01       		.byte	0x1
 490 00f6 CE       		.byte	0xce
ARM GAS  C:\Users\smiy200\AppData\Local\Temp\cc6BaIhh.s 			page 17


 491 00f7 CF000000 		.4byte	0xcf
 492 00fb 01       		.uleb128 0x1
 493 00fc 50       		.byte	0x50
 494 00fd 0A       		.uleb128 0xa
 495 00fe AE020000 		.4byte	.LASF19
 496 0102 01       		.byte	0x1
 497 0103 D0       		.byte	0xd0
 498 0104 0B010000 		.4byte	0x10b
 499 0108 01       		.uleb128 0x1
 500 0109 53       		.byte	0x53
 501 010a 00       		.byte	0
 502 010b 04       		.uleb128 0x4
 503 010c 04       		.byte	0x4
 504 010d CF000000 		.4byte	0xcf
 505 0111 0B       		.uleb128 0xb
 506 0112 61020000 		.4byte	.LASF24
 507 0116 01       		.byte	0x1
 508 0117 E6       		.byte	0xe6
 509 0118 CF000000 		.4byte	0xcf
 510 011c 00000000 		.4byte	.LFB4
 511 0120 0C000000 		.4byte	.LFE4-.LFB4
 512 0124 01       		.uleb128 0x1
 513 0125 9C       		.byte	0x9c
 514 0126 38010000 		.4byte	0x138
 515 012a 0A       		.uleb128 0xa
 516 012b AE020000 		.4byte	.LASF19
 517 012f 01       		.byte	0x1
 518 0130 E8       		.byte	0xe8
 519 0131 0B010000 		.4byte	0x10b
 520 0135 01       		.uleb128 0x1
 521 0136 53       		.byte	0x53
 522 0137 00       		.byte	0
 523 0138 0C       		.uleb128 0xc
 524 0139 6F010000 		.4byte	.LASF21
 525 013d 01       		.byte	0x1
 526 013e 0801     		.2byte	0x108
 527 0140 00000000 		.4byte	.LFB5
 528 0144 10000000 		.4byte	.LFE5-.LFB5
 529 0148 01       		.uleb128 0x1
 530 0149 9C       		.byte	0x9c
 531 014a 5F010000 		.4byte	0x15f
 532 014e 0D       		.uleb128 0xd
 533 014f 41010000 		.4byte	.LASF23
 534 0153 01       		.byte	0x1
 535 0154 0801     		.2byte	0x108
 536 0156 87000000 		.4byte	0x87
 537 015a 00000000 		.4byte	.LLST0
 538 015e 00       		.byte	0
 539 015f 0E       		.uleb128 0xe
 540 0160 48000000 		.4byte	.LASF25
 541 0164 01       		.byte	0x1
 542 0165 1E01     		.2byte	0x11e
 543 0167 87000000 		.4byte	0x87
 544 016b 00000000 		.4byte	.LFB6
 545 016f 0C000000 		.4byte	.LFE6-.LFB6
 546 0173 01       		.uleb128 0x1
 547 0174 9C       		.byte	0x9c
ARM GAS  C:\Users\smiy200\AppData\Local\Temp\cc6BaIhh.s 			page 18


 548 0175 8A010000 		.4byte	0x18a
 549 0179 0F       		.uleb128 0xf
 550 017a 41010000 		.4byte	.LASF23
 551 017e 01       		.byte	0x1
 552 017f 2001     		.2byte	0x120
 553 0181 87000000 		.4byte	0x87
 554 0185 21000000 		.4byte	.LLST1
 555 0189 00       		.byte	0
 556 018a 10       		.uleb128 0x10
 557 018b 31010000 		.4byte	.LASF26
 558 018f 01       		.byte	0x1
 559 0190 3901     		.2byte	0x139
 560 0192 00000000 		.4byte	.LFB7
 561 0196 0C000000 		.4byte	.LFE7-.LFB7
 562 019a 01       		.uleb128 0x1
 563 019b 9C       		.byte	0x9c
 564 019c 11       		.uleb128 0x11
 565 019d 1C020000 		.4byte	.LASF36
 566 01a1 01       		.byte	0x1
 567 01a2 4E01     		.2byte	0x14e
 568 01a4 87000000 		.4byte	0x87
 569 01a8 00000000 		.4byte	.LFB8
 570 01ac 18000000 		.4byte	.LFE8-.LFB8
 571 01b0 01       		.uleb128 0x1
 572 01b1 9C       		.byte	0x9c
 573 01b2 10       		.uleb128 0x10
 574 01b3 F0020000 		.4byte	.LASF27
 575 01b7 01       		.byte	0x1
 576 01b8 6301     		.2byte	0x163
 577 01ba 00000000 		.4byte	.LFB9
 578 01be 0C000000 		.4byte	.LFE9-.LFB9
 579 01c2 01       		.uleb128 0x1
 580 01c3 9C       		.byte	0x9c
 581 01c4 08       		.uleb128 0x8
 582 01c5 C7020000 		.4byte	.LASF28
 583 01c9 01       		.byte	0x1
 584 01ca 40       		.byte	0x40
 585 01cb 00000000 		.4byte	.LFB0
 586 01cf 1C000000 		.4byte	.LFE0-.LFB0
 587 01d3 01       		.uleb128 0x1
 588 01d4 9C       		.byte	0x9c
 589 01d5 08020000 		.4byte	0x208
 590 01d9 12       		.uleb128 0x12
 591 01da 06000000 		.4byte	.LVL7
 592 01de B2010000 		.4byte	0x1b2
 593 01e2 12       		.uleb128 0x12
 594 01e3 0C000000 		.4byte	.LVL8
 595 01e7 DB000000 		.4byte	0xdb
 596 01eb 13       		.uleb128 0x13
 597 01ec 12000000 		.4byte	.LVL9
 598 01f0 38010000 		.4byte	0x138
 599 01f4 FE010000 		.4byte	0x1fe
 600 01f8 14       		.uleb128 0x14
 601 01f9 01       		.uleb128 0x1
 602 01fa 50       		.byte	0x50
 603 01fb 01       		.uleb128 0x1
 604 01fc 37       		.byte	0x37
ARM GAS  C:\Users\smiy200\AppData\Local\Temp\cc6BaIhh.s 			page 19


 605 01fd 00       		.byte	0
 606 01fe 12       		.uleb128 0x12
 607 01ff 16000000 		.4byte	.LVL10
 608 0203 8A010000 		.4byte	0x18a
 609 0207 00       		.byte	0
 610 0208 08       		.uleb128 0x8
 611 0209 4A010000 		.4byte	.LASF29
 612 020d 01       		.byte	0x1
 613 020e 6B       		.byte	0x6b
 614 020f 00000000 		.4byte	.LFB1
 615 0213 1A000000 		.4byte	.LFE1-.LFB1
 616 0217 01       		.uleb128 0x1
 617 0218 9C       		.byte	0x9c
 618 0219 66020000 		.4byte	0x266
 619 021d 15       		.uleb128 0x15
 620 021e 42020000 		.4byte	.LASF22
 621 0222 01       		.byte	0x1
 622 0223 6B       		.byte	0x6b
 623 0224 CF000000 		.4byte	0xcf
 624 0228 38000000 		.4byte	.LLST2
 625 022c 12       		.uleb128 0x12
 626 022d 08000000 		.4byte	.LVL12
 627 0231 B2010000 		.4byte	0x1b2
 628 0235 13       		.uleb128 0x13
 629 0236 0E000000 		.4byte	.LVL13
 630 023a DB000000 		.4byte	0xdb
 631 023e 49020000 		.4byte	0x249
 632 0242 14       		.uleb128 0x14
 633 0243 01       		.uleb128 0x1
 634 0244 50       		.byte	0x50
 635 0245 02       		.uleb128 0x2
 636 0246 74       		.byte	0x74
 637 0247 00       		.sleb128 0
 638 0248 00       		.byte	0
 639 0249 13       		.uleb128 0x13
 640 024a 14000000 		.4byte	.LVL14
 641 024e 38010000 		.4byte	0x138
 642 0252 5C020000 		.4byte	0x25c
 643 0256 14       		.uleb128 0x14
 644 0257 01       		.uleb128 0x1
 645 0258 50       		.byte	0x50
 646 0259 01       		.uleb128 0x1
 647 025a 37       		.byte	0x37
 648 025b 00       		.byte	0
 649 025c 12       		.uleb128 0x12
 650 025d 18000000 		.4byte	.LVL15
 651 0261 8A010000 		.4byte	0x18a
 652 0265 00       		.byte	0
 653 0266 08       		.uleb128 0x8
 654 0267 0D030000 		.4byte	.LASF30
 655 026b 01       		.byte	0x1
 656 026c 89       		.byte	0x89
 657 026d 00000000 		.4byte	.LFB2
 658 0271 14000000 		.4byte	.LFE2-.LFB2
 659 0275 01       		.uleb128 0x1
 660 0276 9C       		.byte	0x9c
 661 0277 8E020000 		.4byte	0x28e
ARM GAS  C:\Users\smiy200\AppData\Local\Temp\cc6BaIhh.s 			page 20


 662 027b 12       		.uleb128 0x12
 663 027c 06000000 		.4byte	.LVL16
 664 0280 B2010000 		.4byte	0x1b2
 665 0284 12       		.uleb128 0x12
 666 0285 0C000000 		.4byte	.LVL17
 667 0289 DB000000 		.4byte	0xdb
 668 028d 00       		.byte	0
 669 028e 10       		.uleb128 0x10
 670 028f 5B010000 		.4byte	.LASF31
 671 0293 01       		.byte	0x1
 672 0294 7E01     		.2byte	0x17e
 673 0296 00000000 		.4byte	.LFB10
 674 029a 0C000000 		.4byte	.LFE10-.LFB10
 675 029e 01       		.uleb128 0x1
 676 029f 9C       		.byte	0x9c
 677 02a0 10       		.uleb128 0x10
 678 02a1 98020000 		.4byte	.LASF32
 679 02a5 01       		.byte	0x1
 680 02a6 9701     		.2byte	0x197
 681 02a8 00000000 		.4byte	.LFB11
 682 02ac 0C000000 		.4byte	.LFE11-.LFB11
 683 02b0 01       		.uleb128 0x1
 684 02b1 9C       		.byte	0x9c
 685 02b2 16       		.uleb128 0x16
 686 02b3 5D000000 		.4byte	.LASF37
 687 02b7 01       		.byte	0x1
 688 02b8 1A       		.byte	0x1a
 689 02b9 87000000 		.4byte	0x87
 690 02bd 05       		.uleb128 0x5
 691 02be 03       		.byte	0x3
 692 02bf 00000000 		.4byte	outputC
 693 02c3 00       		.byte	0
 694              		.section	.debug_abbrev,"",%progbits
 695              	.Ldebug_abbrev0:
 696 0000 01       		.uleb128 0x1
 697 0001 11       		.uleb128 0x11
 698 0002 01       		.byte	0x1
 699 0003 25       		.uleb128 0x25
 700 0004 0E       		.uleb128 0xe
 701 0005 13       		.uleb128 0x13
 702 0006 0B       		.uleb128 0xb
 703 0007 03       		.uleb128 0x3
 704 0008 0E       		.uleb128 0xe
 705 0009 1B       		.uleb128 0x1b
 706 000a 0E       		.uleb128 0xe
 707 000b 55       		.uleb128 0x55
 708 000c 17       		.uleb128 0x17
 709 000d 11       		.uleb128 0x11
 710 000e 01       		.uleb128 0x1
 711 000f 10       		.uleb128 0x10
 712 0010 17       		.uleb128 0x17
 713 0011 00       		.byte	0
 714 0012 00       		.byte	0
 715 0013 02       		.uleb128 0x2
 716 0014 24       		.uleb128 0x24
 717 0015 00       		.byte	0
 718 0016 0B       		.uleb128 0xb
ARM GAS  C:\Users\smiy200\AppData\Local\Temp\cc6BaIhh.s 			page 21


 719 0017 0B       		.uleb128 0xb
 720 0018 3E       		.uleb128 0x3e
 721 0019 0B       		.uleb128 0xb
 722 001a 03       		.uleb128 0x3
 723 001b 08       		.uleb128 0x8
 724 001c 00       		.byte	0
 725 001d 00       		.byte	0
 726 001e 03       		.uleb128 0x3
 727 001f 24       		.uleb128 0x24
 728 0020 00       		.byte	0
 729 0021 0B       		.uleb128 0xb
 730 0022 0B       		.uleb128 0xb
 731 0023 3E       		.uleb128 0x3e
 732 0024 0B       		.uleb128 0xb
 733 0025 03       		.uleb128 0x3
 734 0026 0E       		.uleb128 0xe
 735 0027 00       		.byte	0
 736 0028 00       		.byte	0
 737 0029 04       		.uleb128 0x4
 738 002a 0F       		.uleb128 0xf
 739 002b 00       		.byte	0
 740 002c 0B       		.uleb128 0xb
 741 002d 0B       		.uleb128 0xb
 742 002e 49       		.uleb128 0x49
 743 002f 13       		.uleb128 0x13
 744 0030 00       		.byte	0
 745 0031 00       		.byte	0
 746 0032 05       		.uleb128 0x5
 747 0033 15       		.uleb128 0x15
 748 0034 00       		.byte	0
 749 0035 27       		.uleb128 0x27
 750 0036 19       		.uleb128 0x19
 751 0037 00       		.byte	0
 752 0038 00       		.byte	0
 753 0039 06       		.uleb128 0x6
 754 003a 16       		.uleb128 0x16
 755 003b 00       		.byte	0
 756 003c 03       		.uleb128 0x3
 757 003d 0E       		.uleb128 0xe
 758 003e 3A       		.uleb128 0x3a
 759 003f 0B       		.uleb128 0xb
 760 0040 3B       		.uleb128 0x3b
 761 0041 05       		.uleb128 0x5
 762 0042 49       		.uleb128 0x49
 763 0043 13       		.uleb128 0x13
 764 0044 00       		.byte	0
 765 0045 00       		.byte	0
 766 0046 07       		.uleb128 0x7
 767 0047 35       		.uleb128 0x35
 768 0048 00       		.byte	0
 769 0049 49       		.uleb128 0x49
 770 004a 13       		.uleb128 0x13
 771 004b 00       		.byte	0
 772 004c 00       		.byte	0
 773 004d 08       		.uleb128 0x8
 774 004e 2E       		.uleb128 0x2e
 775 004f 01       		.byte	0x1
ARM GAS  C:\Users\smiy200\AppData\Local\Temp\cc6BaIhh.s 			page 22


 776 0050 3F       		.uleb128 0x3f
 777 0051 19       		.uleb128 0x19
 778 0052 03       		.uleb128 0x3
 779 0053 0E       		.uleb128 0xe
 780 0054 3A       		.uleb128 0x3a
 781 0055 0B       		.uleb128 0xb
 782 0056 3B       		.uleb128 0x3b
 783 0057 0B       		.uleb128 0xb
 784 0058 27       		.uleb128 0x27
 785 0059 19       		.uleb128 0x19
 786 005a 11       		.uleb128 0x11
 787 005b 01       		.uleb128 0x1
 788 005c 12       		.uleb128 0x12
 789 005d 06       		.uleb128 0x6
 790 005e 40       		.uleb128 0x40
 791 005f 18       		.uleb128 0x18
 792 0060 9742     		.uleb128 0x2117
 793 0062 19       		.uleb128 0x19
 794 0063 01       		.uleb128 0x1
 795 0064 13       		.uleb128 0x13
 796 0065 00       		.byte	0
 797 0066 00       		.byte	0
 798 0067 09       		.uleb128 0x9
 799 0068 05       		.uleb128 0x5
 800 0069 00       		.byte	0
 801 006a 03       		.uleb128 0x3
 802 006b 0E       		.uleb128 0xe
 803 006c 3A       		.uleb128 0x3a
 804 006d 0B       		.uleb128 0xb
 805 006e 3B       		.uleb128 0x3b
 806 006f 0B       		.uleb128 0xb
 807 0070 49       		.uleb128 0x49
 808 0071 13       		.uleb128 0x13
 809 0072 02       		.uleb128 0x2
 810 0073 18       		.uleb128 0x18
 811 0074 00       		.byte	0
 812 0075 00       		.byte	0
 813 0076 0A       		.uleb128 0xa
 814 0077 34       		.uleb128 0x34
 815 0078 00       		.byte	0
 816 0079 03       		.uleb128 0x3
 817 007a 0E       		.uleb128 0xe
 818 007b 3A       		.uleb128 0x3a
 819 007c 0B       		.uleb128 0xb
 820 007d 3B       		.uleb128 0x3b
 821 007e 0B       		.uleb128 0xb
 822 007f 49       		.uleb128 0x49
 823 0080 13       		.uleb128 0x13
 824 0081 02       		.uleb128 0x2
 825 0082 18       		.uleb128 0x18
 826 0083 00       		.byte	0
 827 0084 00       		.byte	0
 828 0085 0B       		.uleb128 0xb
 829 0086 2E       		.uleb128 0x2e
 830 0087 01       		.byte	0x1
 831 0088 3F       		.uleb128 0x3f
 832 0089 19       		.uleb128 0x19
ARM GAS  C:\Users\smiy200\AppData\Local\Temp\cc6BaIhh.s 			page 23


 833 008a 03       		.uleb128 0x3
 834 008b 0E       		.uleb128 0xe
 835 008c 3A       		.uleb128 0x3a
 836 008d 0B       		.uleb128 0xb
 837 008e 3B       		.uleb128 0x3b
 838 008f 0B       		.uleb128 0xb
 839 0090 27       		.uleb128 0x27
 840 0091 19       		.uleb128 0x19
 841 0092 49       		.uleb128 0x49
 842 0093 13       		.uleb128 0x13
 843 0094 11       		.uleb128 0x11
 844 0095 01       		.uleb128 0x1
 845 0096 12       		.uleb128 0x12
 846 0097 06       		.uleb128 0x6
 847 0098 40       		.uleb128 0x40
 848 0099 18       		.uleb128 0x18
 849 009a 9742     		.uleb128 0x2117
 850 009c 19       		.uleb128 0x19
 851 009d 01       		.uleb128 0x1
 852 009e 13       		.uleb128 0x13
 853 009f 00       		.byte	0
 854 00a0 00       		.byte	0
 855 00a1 0C       		.uleb128 0xc
 856 00a2 2E       		.uleb128 0x2e
 857 00a3 01       		.byte	0x1
 858 00a4 3F       		.uleb128 0x3f
 859 00a5 19       		.uleb128 0x19
 860 00a6 03       		.uleb128 0x3
 861 00a7 0E       		.uleb128 0xe
 862 00a8 3A       		.uleb128 0x3a
 863 00a9 0B       		.uleb128 0xb
 864 00aa 3B       		.uleb128 0x3b
 865 00ab 05       		.uleb128 0x5
 866 00ac 27       		.uleb128 0x27
 867 00ad 19       		.uleb128 0x19
 868 00ae 11       		.uleb128 0x11
 869 00af 01       		.uleb128 0x1
 870 00b0 12       		.uleb128 0x12
 871 00b1 06       		.uleb128 0x6
 872 00b2 40       		.uleb128 0x40
 873 00b3 18       		.uleb128 0x18
 874 00b4 9742     		.uleb128 0x2117
 875 00b6 19       		.uleb128 0x19
 876 00b7 01       		.uleb128 0x1
 877 00b8 13       		.uleb128 0x13
 878 00b9 00       		.byte	0
 879 00ba 00       		.byte	0
 880 00bb 0D       		.uleb128 0xd
 881 00bc 05       		.uleb128 0x5
 882 00bd 00       		.byte	0
 883 00be 03       		.uleb128 0x3
 884 00bf 0E       		.uleb128 0xe
 885 00c0 3A       		.uleb128 0x3a
 886 00c1 0B       		.uleb128 0xb
 887 00c2 3B       		.uleb128 0x3b
 888 00c3 05       		.uleb128 0x5
 889 00c4 49       		.uleb128 0x49
ARM GAS  C:\Users\smiy200\AppData\Local\Temp\cc6BaIhh.s 			page 24


 890 00c5 13       		.uleb128 0x13
 891 00c6 02       		.uleb128 0x2
 892 00c7 17       		.uleb128 0x17
 893 00c8 00       		.byte	0
 894 00c9 00       		.byte	0
 895 00ca 0E       		.uleb128 0xe
 896 00cb 2E       		.uleb128 0x2e
 897 00cc 01       		.byte	0x1
 898 00cd 3F       		.uleb128 0x3f
 899 00ce 19       		.uleb128 0x19
 900 00cf 03       		.uleb128 0x3
 901 00d0 0E       		.uleb128 0xe
 902 00d1 3A       		.uleb128 0x3a
 903 00d2 0B       		.uleb128 0xb
 904 00d3 3B       		.uleb128 0x3b
 905 00d4 05       		.uleb128 0x5
 906 00d5 27       		.uleb128 0x27
 907 00d6 19       		.uleb128 0x19
 908 00d7 49       		.uleb128 0x49
 909 00d8 13       		.uleb128 0x13
 910 00d9 11       		.uleb128 0x11
 911 00da 01       		.uleb128 0x1
 912 00db 12       		.uleb128 0x12
 913 00dc 06       		.uleb128 0x6
 914 00dd 40       		.uleb128 0x40
 915 00de 18       		.uleb128 0x18
 916 00df 9742     		.uleb128 0x2117
 917 00e1 19       		.uleb128 0x19
 918 00e2 01       		.uleb128 0x1
 919 00e3 13       		.uleb128 0x13
 920 00e4 00       		.byte	0
 921 00e5 00       		.byte	0
 922 00e6 0F       		.uleb128 0xf
 923 00e7 34       		.uleb128 0x34
 924 00e8 00       		.byte	0
 925 00e9 03       		.uleb128 0x3
 926 00ea 0E       		.uleb128 0xe
 927 00eb 3A       		.uleb128 0x3a
 928 00ec 0B       		.uleb128 0xb
 929 00ed 3B       		.uleb128 0x3b
 930 00ee 05       		.uleb128 0x5
 931 00ef 49       		.uleb128 0x49
 932 00f0 13       		.uleb128 0x13
 933 00f1 02       		.uleb128 0x2
 934 00f2 17       		.uleb128 0x17
 935 00f3 00       		.byte	0
 936 00f4 00       		.byte	0
 937 00f5 10       		.uleb128 0x10
 938 00f6 2E       		.uleb128 0x2e
 939 00f7 00       		.byte	0
 940 00f8 3F       		.uleb128 0x3f
 941 00f9 19       		.uleb128 0x19
 942 00fa 03       		.uleb128 0x3
 943 00fb 0E       		.uleb128 0xe
 944 00fc 3A       		.uleb128 0x3a
 945 00fd 0B       		.uleb128 0xb
 946 00fe 3B       		.uleb128 0x3b
ARM GAS  C:\Users\smiy200\AppData\Local\Temp\cc6BaIhh.s 			page 25


 947 00ff 05       		.uleb128 0x5
 948 0100 27       		.uleb128 0x27
 949 0101 19       		.uleb128 0x19
 950 0102 11       		.uleb128 0x11
 951 0103 01       		.uleb128 0x1
 952 0104 12       		.uleb128 0x12
 953 0105 06       		.uleb128 0x6
 954 0106 40       		.uleb128 0x40
 955 0107 18       		.uleb128 0x18
 956 0108 9742     		.uleb128 0x2117
 957 010a 19       		.uleb128 0x19
 958 010b 00       		.byte	0
 959 010c 00       		.byte	0
 960 010d 11       		.uleb128 0x11
 961 010e 2E       		.uleb128 0x2e
 962 010f 00       		.byte	0
 963 0110 3F       		.uleb128 0x3f
 964 0111 19       		.uleb128 0x19
 965 0112 03       		.uleb128 0x3
 966 0113 0E       		.uleb128 0xe
 967 0114 3A       		.uleb128 0x3a
 968 0115 0B       		.uleb128 0xb
 969 0116 3B       		.uleb128 0x3b
 970 0117 05       		.uleb128 0x5
 971 0118 27       		.uleb128 0x27
 972 0119 19       		.uleb128 0x19
 973 011a 49       		.uleb128 0x49
 974 011b 13       		.uleb128 0x13
 975 011c 11       		.uleb128 0x11
 976 011d 01       		.uleb128 0x1
 977 011e 12       		.uleb128 0x12
 978 011f 06       		.uleb128 0x6
 979 0120 40       		.uleb128 0x40
 980 0121 18       		.uleb128 0x18
 981 0122 9742     		.uleb128 0x2117
 982 0124 19       		.uleb128 0x19
 983 0125 00       		.byte	0
 984 0126 00       		.byte	0
 985 0127 12       		.uleb128 0x12
 986 0128 898201   		.uleb128 0x4109
 987 012b 00       		.byte	0
 988 012c 11       		.uleb128 0x11
 989 012d 01       		.uleb128 0x1
 990 012e 31       		.uleb128 0x31
 991 012f 13       		.uleb128 0x13
 992 0130 00       		.byte	0
 993 0131 00       		.byte	0
 994 0132 13       		.uleb128 0x13
 995 0133 898201   		.uleb128 0x4109
 996 0136 01       		.byte	0x1
 997 0137 11       		.uleb128 0x11
 998 0138 01       		.uleb128 0x1
 999 0139 31       		.uleb128 0x31
 1000 013a 13       		.uleb128 0x13
 1001 013b 01       		.uleb128 0x1
 1002 013c 13       		.uleb128 0x13
 1003 013d 00       		.byte	0
ARM GAS  C:\Users\smiy200\AppData\Local\Temp\cc6BaIhh.s 			page 26


 1004 013e 00       		.byte	0
 1005 013f 14       		.uleb128 0x14
 1006 0140 8A8201   		.uleb128 0x410a
 1007 0143 00       		.byte	0
 1008 0144 02       		.uleb128 0x2
 1009 0145 18       		.uleb128 0x18
 1010 0146 9142     		.uleb128 0x2111
 1011 0148 18       		.uleb128 0x18
 1012 0149 00       		.byte	0
 1013 014a 00       		.byte	0
 1014 014b 15       		.uleb128 0x15
 1015 014c 05       		.uleb128 0x5
 1016 014d 00       		.byte	0
 1017 014e 03       		.uleb128 0x3
 1018 014f 0E       		.uleb128 0xe
 1019 0150 3A       		.uleb128 0x3a
 1020 0151 0B       		.uleb128 0xb
 1021 0152 3B       		.uleb128 0x3b
 1022 0153 0B       		.uleb128 0xb
 1023 0154 49       		.uleb128 0x49
 1024 0155 13       		.uleb128 0x13
 1025 0156 02       		.uleb128 0x2
 1026 0157 17       		.uleb128 0x17
 1027 0158 00       		.byte	0
 1028 0159 00       		.byte	0
 1029 015a 16       		.uleb128 0x16
 1030 015b 34       		.uleb128 0x34
 1031 015c 00       		.byte	0
 1032 015d 03       		.uleb128 0x3
 1033 015e 0E       		.uleb128 0xe
 1034 015f 3A       		.uleb128 0x3a
 1035 0160 0B       		.uleb128 0xb
 1036 0161 3B       		.uleb128 0x3b
 1037 0162 0B       		.uleb128 0xb
 1038 0163 49       		.uleb128 0x49
 1039 0164 13       		.uleb128 0x13
 1040 0165 3F       		.uleb128 0x3f
 1041 0166 19       		.uleb128 0x19
 1042 0167 02       		.uleb128 0x2
 1043 0168 18       		.uleb128 0x18
 1044 0169 00       		.byte	0
 1045 016a 00       		.byte	0
 1046 016b 00       		.byte	0
 1047              		.section	.debug_loc,"",%progbits
 1048              	.Ldebug_loc0:
 1049              	.LLST0:
 1050 0000 00000000 		.4byte	.LVL3
 1051 0004 02000000 		.4byte	.LVL4
 1052 0008 0100     		.2byte	0x1
 1053 000a 50       		.byte	0x50
 1054 000b 02000000 		.4byte	.LVL4
 1055 000f 10000000 		.4byte	.LFE5
 1056 0013 0400     		.2byte	0x4
 1057 0015 F3       		.byte	0xf3
 1058 0016 01       		.uleb128 0x1
 1059 0017 50       		.byte	0x50
 1060 0018 9F       		.byte	0x9f
ARM GAS  C:\Users\smiy200\AppData\Local\Temp\cc6BaIhh.s 			page 27


 1061 0019 00000000 		.4byte	0
 1062 001d 00000000 		.4byte	0
 1063              	.LLST1:
 1064 0021 04000000 		.4byte	.LVL5
 1065 0025 06000000 		.4byte	.LVL6
 1066 0029 0500     		.2byte	0x5
 1067 002b 70       		.byte	0x70
 1068 002c 00       		.sleb128 0
 1069 002d 35       		.byte	0x35
 1070 002e 25       		.byte	0x25
 1071 002f 9F       		.byte	0x9f
 1072 0030 00000000 		.4byte	0
 1073 0034 00000000 		.4byte	0
 1074              	.LLST2:
 1075 0038 00000000 		.4byte	.LVL11
 1076 003c 07000000 		.4byte	.LVL12-1
 1077 0040 0100     		.2byte	0x1
 1078 0042 50       		.byte	0x50
 1079 0043 07000000 		.4byte	.LVL12-1
 1080 0047 1A000000 		.4byte	.LFE1
 1081 004b 0100     		.2byte	0x1
 1082 004d 54       		.byte	0x54
 1083 004e 00000000 		.4byte	0
 1084 0052 00000000 		.4byte	0
 1085              		.section	.debug_aranges,"",%progbits
 1086 0000 74000000 		.4byte	0x74
 1087 0004 0200     		.2byte	0x2
 1088 0006 00000000 		.4byte	.Ldebug_info0
 1089 000a 04       		.byte	0x4
 1090 000b 00       		.byte	0
 1091 000c 0000     		.2byte	0
 1092 000e 0000     		.2byte	0
 1093 0010 00000000 		.4byte	.LFB3
 1094 0014 0C000000 		.4byte	.LFE3-.LFB3
 1095 0018 00000000 		.4byte	.LFB4
 1096 001c 0C000000 		.4byte	.LFE4-.LFB4
 1097 0020 00000000 		.4byte	.LFB5
 1098 0024 10000000 		.4byte	.LFE5-.LFB5
 1099 0028 00000000 		.4byte	.LFB6
 1100 002c 0C000000 		.4byte	.LFE6-.LFB6
 1101 0030 00000000 		.4byte	.LFB7
 1102 0034 0C000000 		.4byte	.LFE7-.LFB7
 1103 0038 00000000 		.4byte	.LFB8
 1104 003c 18000000 		.4byte	.LFE8-.LFB8
 1105 0040 00000000 		.4byte	.LFB9
 1106 0044 0C000000 		.4byte	.LFE9-.LFB9
 1107 0048 00000000 		.4byte	.LFB0
 1108 004c 1C000000 		.4byte	.LFE0-.LFB0
 1109 0050 00000000 		.4byte	.LFB1
 1110 0054 1A000000 		.4byte	.LFE1-.LFB1
 1111 0058 00000000 		.4byte	.LFB2
 1112 005c 14000000 		.4byte	.LFE2-.LFB2
 1113 0060 00000000 		.4byte	.LFB10
 1114 0064 0C000000 		.4byte	.LFE10-.LFB10
 1115 0068 00000000 		.4byte	.LFB11
 1116 006c 0C000000 		.4byte	.LFE11-.LFB11
 1117 0070 00000000 		.4byte	0
ARM GAS  C:\Users\smiy200\AppData\Local\Temp\cc6BaIhh.s 			page 28


 1118 0074 00000000 		.4byte	0
 1119              		.section	.debug_ranges,"",%progbits
 1120              	.Ldebug_ranges0:
 1121 0000 00000000 		.4byte	.LFB3
 1122 0004 0C000000 		.4byte	.LFE3
 1123 0008 00000000 		.4byte	.LFB4
 1124 000c 0C000000 		.4byte	.LFE4
 1125 0010 00000000 		.4byte	.LFB5
 1126 0014 10000000 		.4byte	.LFE5
 1127 0018 00000000 		.4byte	.LFB6
 1128 001c 0C000000 		.4byte	.LFE6
 1129 0020 00000000 		.4byte	.LFB7
 1130 0024 0C000000 		.4byte	.LFE7
 1131 0028 00000000 		.4byte	.LFB8
 1132 002c 18000000 		.4byte	.LFE8
 1133 0030 00000000 		.4byte	.LFB9
 1134 0034 0C000000 		.4byte	.LFE9
 1135 0038 00000000 		.4byte	.LFB0
 1136 003c 1C000000 		.4byte	.LFE0
 1137 0040 00000000 		.4byte	.LFB1
 1138 0044 1A000000 		.4byte	.LFE1
 1139 0048 00000000 		.4byte	.LFB2
 1140 004c 14000000 		.4byte	.LFE2
 1141 0050 00000000 		.4byte	.LFB10
 1142 0054 0C000000 		.4byte	.LFE10
 1143 0058 00000000 		.4byte	.LFB11
 1144 005c 0C000000 		.4byte	.LFE11
 1145 0060 00000000 		.4byte	0
 1146 0064 00000000 		.4byte	0
 1147              		.section	.debug_line,"",%progbits
 1148              	.Ldebug_line0:
 1149 0000 22010000 		.section	.debug_str,"MS",%progbits,1
 1149      02004500 
 1149      00000201 
 1149      FB0E0D00 
 1149      01010101 
 1150              	.LASF34:
 1151 0000 47656E65 		.ascii	"Generated_Source\\PSoC5\\isrRF_RX.c\000"
 1151      72617465 
 1151      645F536F 
 1151      75726365 
 1151      5C50536F 
 1152              	.LASF17:
 1153 0022 72656733 		.ascii	"reg32\000"
 1153      3200
 1154              	.LASF14:
 1155 0028 666C6F61 		.ascii	"float\000"
 1155      7400
 1156              	.LASF6:
 1157 002e 73686F72 		.ascii	"short unsigned int\000"
 1157      7420756E 
 1157      7369676E 
 1157      65642069 
 1157      6E7400
 1158              	.LASF15:
 1159 0041 646F7562 		.ascii	"double\000"
 1159      6C6500
ARM GAS  C:\Users\smiy200\AppData\Local\Temp\cc6BaIhh.s 			page 29


 1160              	.LASF25:
 1161 0048 69737252 		.ascii	"isrRF_RX_GetPriority\000"
 1161      465F5258 
 1161      5F476574 
 1161      5072696F 
 1161      72697479 
 1162              	.LASF37:
 1163 005d 6F757470 		.ascii	"outputC\000"
 1163      75744300 
 1164              	.LASF20:
 1165 0065 69737252 		.ascii	"isrRF_RX_SetVector\000"
 1165      465F5258 
 1165      5F536574 
 1165      56656374 
 1165      6F7200
 1166              	.LASF4:
 1167 0078 756E7369 		.ascii	"unsigned char\000"
 1167      676E6564 
 1167      20636861 
 1167      7200
 1168              	.LASF33:
 1169 0086 474E5520 		.ascii	"GNU C11 5.4.1 20160609 (release) [ARM/embedded-5-br"
 1169      43313120 
 1169      352E342E 
 1169      31203230 
 1169      31363036 
 1170 00b9 616E6368 		.ascii	"anch revision 237715] -mcpu=cortex-m3 -mthumb -g -O"
 1170      20726576 
 1170      6973696F 
 1170      6E203233 
 1170      37373135 
 1171 00ec 67202D66 		.ascii	"g -ffunction-sections -ffat-lto-objects\000"
 1171      66756E63 
 1171      74696F6E 
 1171      2D736563 
 1171      74696F6E 
 1172              	.LASF16:
 1173 0114 72656738 		.ascii	"reg8\000"
 1173      00
 1174              	.LASF8:
 1175 0119 6C6F6E67 		.ascii	"long unsigned int\000"
 1175      20756E73 
 1175      69676E65 
 1175      6420696E 
 1175      7400
 1176              	.LASF12:
 1177 012b 75696E74 		.ascii	"uint8\000"
 1177      3800
 1178              	.LASF26:
 1179 0131 69737252 		.ascii	"isrRF_RX_Enable\000"
 1179      465F5258 
 1179      5F456E61 
 1179      626C6500 
 1180              	.LASF23:
 1181 0141 7072696F 		.ascii	"priority\000"
 1181      72697479 
 1181      00
ARM GAS  C:\Users\smiy200\AppData\Local\Temp\cc6BaIhh.s 			page 30


 1182              	.LASF29:
 1183 014a 69737252 		.ascii	"isrRF_RX_StartEx\000"
 1183      465F5258 
 1183      5F537461 
 1183      72744578 
 1183      00
 1184              	.LASF31:
 1185 015b 69737252 		.ascii	"isrRF_RX_SetPending\000"
 1185      465F5258 
 1185      5F536574 
 1185      50656E64 
 1185      696E6700 
 1186              	.LASF21:
 1187 016f 69737252 		.ascii	"isrRF_RX_SetPriority\000"
 1187      465F5258 
 1187      5F536574 
 1187      5072696F 
 1187      72697479 
 1188              	.LASF35:
 1189 0184 5C5C6669 		.ascii	"\\\\files.auckland.ac.nz\\myhome\\Documents\\GitHub"
 1189      6C65732E 
 1189      6175636B 
 1189      6C616E64 
 1189      2E61632E 
 1190 01b2 5C434F4D 		.ascii	"\\COMPSYS-301-Robot\\COMPSYS 301\\psoc student pack"
 1190      50535953 
 1190      2D333031 
 1190      2D526F62 
 1190      6F745C43 
 1191 01e2 5C70736F 		.ascii	"\\psoc student pack\\lab exercise\\psoc_intro 4.0\\"
 1191      63207374 
 1191      7564656E 
 1191      74207061 
 1191      636B5C6C 
 1192 0211 6C616234 		.ascii	"lab4.cydsn\000"
 1192      2E637964 
 1192      736E00
 1193              	.LASF36:
 1194 021c 69737252 		.ascii	"isrRF_RX_GetState\000"
 1194      465F5258 
 1194      5F476574 
 1194      53746174 
 1194      6500
 1195              	.LASF13:
 1196 022e 75696E74 		.ascii	"uint32\000"
 1196      333200
 1197              	.LASF0:
 1198 0235 756E7369 		.ascii	"unsigned int\000"
 1198      676E6564 
 1198      20696E74 
 1198      00
 1199              	.LASF22:
 1200 0242 61646472 		.ascii	"address\000"
 1200      65737300 
 1201              	.LASF9:
 1202 024a 6C6F6E67 		.ascii	"long long unsigned int\000"
 1202      206C6F6E 
ARM GAS  C:\Users\smiy200\AppData\Local\Temp\cc6BaIhh.s 			page 31


 1202      6720756E 
 1202      7369676E 
 1202      65642069 
 1203              	.LASF24:
 1204 0261 69737252 		.ascii	"isrRF_RX_GetVector\000"
 1204      465F5258 
 1204      5F476574 
 1204      56656374 
 1204      6F7200
 1205              	.LASF18:
 1206 0274 63796973 		.ascii	"cyisraddress\000"
 1206      72616464 
 1206      72657373 
 1206      00
 1207              	.LASF10:
 1208 0281 73697A65 		.ascii	"sizetype\000"
 1208      74797065 
 1208      00
 1209              	.LASF1:
 1210 028a 6C6F6E67 		.ascii	"long long int\000"
 1210      206C6F6E 
 1210      6720696E 
 1210      7400
 1211              	.LASF32:
 1212 0298 69737252 		.ascii	"isrRF_RX_ClearPending\000"
 1212      465F5258 
 1212      5F436C65 
 1212      61725065 
 1212      6E64696E 
 1213              	.LASF19:
 1214 02ae 72616D56 		.ascii	"ramVectorTable\000"
 1214      6563746F 
 1214      72546162 
 1214      6C6500
 1215              	.LASF5:
 1216 02bd 73686F72 		.ascii	"short int\000"
 1216      7420696E 
 1216      7400
 1217              	.LASF28:
 1218 02c7 69737252 		.ascii	"isrRF_RX_Start\000"
 1218      465F5258 
 1218      5F537461 
 1218      727400
 1219              	.LASF7:
 1220 02d6 6C6F6E67 		.ascii	"long int\000"
 1220      20696E74 
 1220      00
 1221              	.LASF11:
 1222 02df 63686172 		.ascii	"char\000"
 1222      00
 1223              	.LASF2:
 1224 02e4 6C6F6E67 		.ascii	"long double\000"
 1224      20646F75 
 1224      626C6500 
 1225              	.LASF27:
 1226 02f0 69737252 		.ascii	"isrRF_RX_Disable\000"
 1226      465F5258 
ARM GAS  C:\Users\smiy200\AppData\Local\Temp\cc6BaIhh.s 			page 32


 1226      5F446973 
 1226      61626C65 
 1226      00
 1227              	.LASF3:
 1228 0301 7369676E 		.ascii	"signed char\000"
 1228      65642063 
 1228      68617200 
 1229              	.LASF30:
 1230 030d 69737252 		.ascii	"isrRF_RX_Stop\000"
 1230      465F5258 
 1230      5F53746F 
 1230      7000
 1231              		.ident	"GCC: (GNU Tools for ARM Embedded Processors) 5.4.1 20160609 (release) [ARM/embedded-5-bran
