Archive member included to satisfy reference by file (symbol)

.\CortexM3\ARM_GCC_541\Debug\lab4.a(LED.o)
                              .\CortexM3\ARM_GCC_541\Debug\main.o (LED_Write)
.\CortexM3\ARM_GCC_541\Debug\lab4.a(CyLib.o)
                              .\CortexM3\ARM_GCC_541\Debug\Cm3Start.o (CyHalt)
.\CortexM3\ARM_GCC_541\Debug\lab4.a(cyPm.o)
                              .\CortexM3\ARM_GCC_541\Debug\lab4.a(CyLib.o) (CyPmReadStatus)
.\CortexM3\ARM_GCC_541\Debug\lab4.a(Timer_1.o)
                              .\CortexM3\ARM_GCC_541\Debug\main.o (Timer_1_Start)
.\CortexM3\ARM_GCC_541\Debug\lab4.a(VDAC8_1.o)
                              .\CortexM3\ARM_GCC_541\Debug\main.o (VDAC8_1_SetValue)
.\CortexM3\ARM_GCC_541\Debug\lab4.a(isr_1.o)
                              .\CortexM3\ARM_GCC_541\Debug\main.o (isr_1_StartEx)
.\CortexM3\ARM_GCC_541\Debug\lab4.a(ADC_SAR_1.o)
                              .\CortexM3\ARM_GCC_541\Debug\main.o (ADC_SAR_1_Start)
.\CortexM3\ARM_GCC_541\Debug\lab4.a(ADC_SAR_1_INT.o)
                              .\CortexM3\ARM_GCC_541\Debug\lab4.a(ADC_SAR_1.o) (ADC_SAR_1_ISR)
.\CortexM3\ARM_GCC_541\Debug\lab4.a(ADC_SAR_1_IRQ.o)
                              .\CortexM3\ARM_GCC_541\Debug\main.o (ADC_SAR_1_IRQ_Enable)
.\CortexM3\ARM_GCC_541\Debug\lab4.a(ADC_SAR_1_theACLK.o)
                              .\CortexM3\ARM_GCC_541\Debug\lab4.a(ADC_SAR_1.o) (ADC_SAR_1_theACLK_SetModeRegister)
.\CortexM3\ARM_GCC_541\Debug\lab4.a(CyBootAsmGnu.o)
                              .\CortexM3\ARM_GCC_541\Debug\cyfitter_cfg.o (CyDelayCycles)
.\CortexM3\ARM_GCC_541\Debug\lab4.a(CyFlash.o)
                              .\CortexM3\ARM_GCC_541\Debug\lab4.a(cyPm.o) (CyFlash_SetWaitCycles)
.\CortexM3\ARM_GCC_541\Debug\lab4.a(CySpc.o)
                              .\CortexM3\ARM_GCC_541\Debug\lab4.a(CyFlash.o) (CySpcStart)
c:/program files (x86)/cypress/psoc creator/4.2/psoc creator/import/gnu/arm/5.4.1/bin/../lib/gcc/arm-none-eabi/5.4.1/armv7-m\libgcc.a(_arm_addsubsf3.o)
                              .\CortexM3\ARM_GCC_541\Debug\lab4.a(ADC_SAR_1.o) (__aeabi_i2f)
c:/program files (x86)/cypress/psoc creator/4.2/psoc creator/import/gnu/arm/5.4.1/bin/../lib/gcc/arm-none-eabi/5.4.1/armv7-m\libgcc.a(_arm_muldivsf3.o)
                              .\CortexM3\ARM_GCC_541\Debug\lab4.a(ADC_SAR_1.o) (__aeabi_fmul)
c:/program files (x86)/cypress/psoc creator/4.2/psoc creator/import/gnu/arm/5.4.1/bin/../lib/gcc/arm-none-eabi/5.4.1/armv7-m\libgcc.a(_aeabi_ldivmod.o)
                              .\CortexM3\ARM_GCC_541\Debug\lab4.a(ADC_SAR_1.o) (__aeabi_ldivmod)
c:/program files (x86)/cypress/psoc creator/4.2/psoc creator/import/gnu/arm/5.4.1/bin/../lib/gcc/arm-none-eabi/5.4.1/armv7-m\libgcc.a(_udivmoddi4.o)
                              c:/program files (x86)/cypress/psoc creator/4.2/psoc creator/import/gnu/arm/5.4.1/bin/../lib/gcc/arm-none-eabi/5.4.1/armv7-m\libgcc.a(_aeabi_ldivmod.o) (__udivmoddi4)
c:/program files (x86)/cypress/psoc creator/4.2/psoc creator/import/gnu/arm/5.4.1/bin/../lib/gcc/arm-none-eabi/5.4.1/armv7-m\libgcc.a(_dvmd_tls.o)
                              c:/program files (x86)/cypress/psoc creator/4.2/psoc creator/import/gnu/arm/5.4.1/bin/../lib/gcc/arm-none-eabi/5.4.1/armv7-m\libgcc.a(_aeabi_ldivmod.o) (__aeabi_ldiv0)
c:/program files (x86)/cypress/psoc creator/4.2/psoc creator/import/gnu/arm/5.4.1/bin/../lib/gcc/arm-none-eabi/5.4.1/../../../../arm-none-eabi/lib/armv7-m\libg_nano.a(lib_a-errno.o)
                              .\CortexM3\ARM_GCC_541\Debug\Cm3Start.o (__errno)
c:/program files (x86)/cypress/psoc creator/4.2/psoc creator/import/gnu/arm/5.4.1/bin/../lib/gcc/arm-none-eabi/5.4.1/../../../../arm-none-eabi/lib/armv7-m\libg_nano.a(lib_a-exit.o)
                              c:/program files (x86)/cypress/psoc creator/4.2/psoc creator/import/gnu/arm/5.4.1/bin/../lib/gcc/arm-none-eabi/5.4.1/../../../../arm-none-eabi/lib/armv7-m/crt0.o (exit)
c:/program files (x86)/cypress/psoc creator/4.2/psoc creator/import/gnu/arm/5.4.1/bin/../lib/gcc/arm-none-eabi/5.4.1/../../../../arm-none-eabi/lib/armv7-m\libg_nano.a(lib_a-impure.o)
                              c:/program files (x86)/cypress/psoc creator/4.2/psoc creator/import/gnu/arm/5.4.1/bin/../lib/gcc/arm-none-eabi/5.4.1/../../../../arm-none-eabi/lib/armv7-m\libg_nano.a(lib_a-exit.o) (_global_impure_ptr)
c:/program files (x86)/cypress/psoc creator/4.2/psoc creator/import/gnu/arm/5.4.1/bin/../lib/gcc/arm-none-eabi/5.4.1/../../../../arm-none-eabi/lib/armv7-m\libg_nano.a(lib_a-init.o)
                              c:/program files (x86)/cypress/psoc creator/4.2/psoc creator/import/gnu/arm/5.4.1/bin/../lib/gcc/arm-none-eabi/5.4.1/../../../../arm-none-eabi/lib/armv7-m/crt0.o (__libc_init_array)
c:/program files (x86)/cypress/psoc creator/4.2/psoc creator/import/gnu/arm/5.4.1/bin/../lib/gcc/arm-none-eabi/5.4.1/../../../../arm-none-eabi/lib/armv7-m\libg_nano.a(lib_a-memcpy-stub.o)
                              .\CortexM3\ARM_GCC_541\Debug\cyfitter_cfg.o (memcpy)
c:/program files (x86)/cypress/psoc creator/4.2/psoc creator/import/gnu/arm/5.4.1/bin/../lib/gcc/arm-none-eabi/5.4.1/../../../../arm-none-eabi/lib/armv7-m\libg_nano.a(lib_a-memset.o)
                              c:/program files (x86)/cypress/psoc creator/4.2/psoc creator/import/gnu/arm/5.4.1/bin/../lib/gcc/arm-none-eabi/5.4.1/../../../../arm-none-eabi/lib/armv7-m/crt0.o (memset)

Allocating common symbols
Common symbol       size              file

entry               0x40              .\CortexM3\ARM_GCC_541\Debug\main.o
ADC_SAR_1_countsPerVolt
                    0x2               .\CortexM3\ARM_GCC_541\Debug\lab4.a(ADC_SAR_1.o)
ADC_SAR_1_shift     0x2               .\CortexM3\ARM_GCC_541\Debug\lab4.a(ADC_SAR_1.o)
system_state        0x20              .\CortexM3\ARM_GCC_541\Debug\main.o
line                0x40              .\CortexM3\ARM_GCC_541\Debug\main.o
ADC_SAR_1_countsPer10Volt
                    0x4               .\CortexM3\ARM_GCC_541\Debug\lab4.a(ADC_SAR_1.o)
outputC             0x1               .\CortexM3\ARM_GCC_541\Debug\main.o
usbBuffer           0x40              .\CortexM3\ARM_GCC_541\Debug\main.o
dieTemperature      0x2               .\CortexM3\ARM_GCC_541\Debug\lab4.a(CyFlash.o)
rf_string           0xff              .\CortexM3\ARM_GCC_541\Debug\main.o
ADC_SAR_1_offset    0x2               .\CortexM3\ARM_GCC_541\Debug\lab4.a(ADC_SAR_1.o)

Discarded input sections

 .text          0x00000000        0x0 c:/program files (x86)/cypress/psoc creator/4.2/psoc creator/import/gnu/arm/5.4.1/bin/../lib/gcc/arm-none-eabi/5.4.1/armv7-m/crti.o
 .data          0x00000000        0x0 c:/program files (x86)/cypress/psoc creator/4.2/psoc creator/import/gnu/arm/5.4.1/bin/../lib/gcc/arm-none-eabi/5.4.1/armv7-m/crti.o
 .bss           0x00000000        0x0 c:/program files (x86)/cypress/psoc creator/4.2/psoc creator/import/gnu/arm/5.4.1/bin/../lib/gcc/arm-none-eabi/5.4.1/armv7-m/crti.o
 .data          0x00000000        0x4 c:/program files (x86)/cypress/psoc creator/4.2/psoc creator/import/gnu/arm/5.4.1/bin/../lib/gcc/arm-none-eabi/5.4.1/armv7-m/crtbegin.o
 .text          0x00000000       0x74 c:/program files (x86)/cypress/psoc creator/4.2/psoc creator/import/gnu/arm/5.4.1/bin/../lib/gcc/arm-none-eabi/5.4.1/../../../../arm-none-eabi/lib/armv7-m/crt0.o
 .data          0x00000000        0x0 c:/program files (x86)/cypress/psoc creator/4.2/psoc creator/import/gnu/arm/5.4.1/bin/../lib/gcc/arm-none-eabi/5.4.1/../../../../arm-none-eabi/lib/armv7-m/crt0.o
 .bss           0x00000000        0x0 c:/program files (x86)/cypress/psoc creator/4.2/psoc creator/import/gnu/arm/5.4.1/bin/../lib/gcc/arm-none-eabi/5.4.1/../../../../arm-none-eabi/lib/armv7-m/crt0.o
 .ARM.extab     0x00000000        0x0 c:/program files (x86)/cypress/psoc creator/4.2/psoc creator/import/gnu/arm/5.4.1/bin/../lib/gcc/arm-none-eabi/5.4.1/../../../../arm-none-eabi/lib/armv7-m/crt0.o
 .ARM.exidx     0x00000000        0x8 c:/program files (x86)/cypress/psoc creator/4.2/psoc creator/import/gnu/arm/5.4.1/bin/../lib/gcc/arm-none-eabi/5.4.1/../../../../arm-none-eabi/lib/armv7-m/crt0.o
 .text          0x00000000        0x0 .\CortexM3\ARM_GCC_541\Debug\main.o
 .data          0x00000000       0x40 .\CortexM3\ARM_GCC_541\Debug\main.o
 .bss           0x00000000        0x3 .\CortexM3\ARM_GCC_541\Debug\main.o
 COMMON         0x00000000      0x1e3 .\CortexM3\ARM_GCC_541\Debug\main.o
 .text          0x00000000        0x0 .\CortexM3\ARM_GCC_541\Debug\cyfitter_cfg.o
 .data          0x00000000        0x0 .\CortexM3\ARM_GCC_541\Debug\cyfitter_cfg.o
 .bss           0x00000000        0x0 .\CortexM3\ARM_GCC_541\Debug\cyfitter_cfg.o
 .text.SetAnalogRoutingPumps
                0x00000000       0x1c .\CortexM3\ARM_GCC_541\Debug\cyfitter_cfg.o
 .text          0x00000000        0x0 .\CortexM3\ARM_GCC_541\Debug\cymetadata.o
 .data          0x00000000        0x0 .\CortexM3\ARM_GCC_541\Debug\cymetadata.o
 .bss           0x00000000        0x0 .\CortexM3\ARM_GCC_541\Debug\cymetadata.o
 .text          0x00000000        0x0 .\CortexM3\ARM_GCC_541\Debug\Cm3Start.o
 .data          0x00000000        0x4 .\CortexM3\ARM_GCC_541\Debug\Cm3Start.o
 .bss           0x00000000        0x0 .\CortexM3\ARM_GCC_541\Debug\Cm3Start.o
 .text._exit    0x00000000        0xc .\CortexM3\ARM_GCC_541\Debug\Cm3Start.o
 .text._sbrk    0x00000000       0x30 .\CortexM3\ARM_GCC_541\Debug\Cm3Start.o
 .text          0x00000000        0x0 .\CortexM3\ARM_GCC_541\Debug\lab4.a(LED.o)
 .data          0x00000000        0x0 .\CortexM3\ARM_GCC_541\Debug\lab4.a(LED.o)
 .bss           0x00000000        0x0 .\CortexM3\ARM_GCC_541\Debug\lab4.a(LED.o)
 .text.LED_SetDriveMode
                0x00000000       0x18 .\CortexM3\ARM_GCC_541\Debug\lab4.a(LED.o)
 .text.LED_ReadDataReg
                0x00000000       0x10 .\CortexM3\ARM_GCC_541\Debug\lab4.a(LED.o)
 .text          0x00000000        0x0 .\CortexM3\ARM_GCC_541\Debug\lab4.a(CyLib.o)
 .bss           0x00000000       0x1c .\CortexM3\ARM_GCC_541\Debug\lab4.a(CyLib.o)
 .text.CyUSB_PowerOnCheck
                0x00000000       0x48 .\CortexM3\ARM_GCC_541\Debug\lab4.a(CyLib.o)
 .text.CyBusClk_Internal_SetDivider
                0x00000000       0x48 .\CortexM3\ARM_GCC_541\Debug\lab4.a(CyLib.o)
 .text.CyPLL_OUT_Stop
                0x00000000       0x10 .\CortexM3\ARM_GCC_541\Debug\lab4.a(CyLib.o)
 .text.CyIMO_Stop
                0x00000000       0x1c .\CortexM3\ARM_GCC_541\Debug\lab4.a(CyLib.o)
 .text.CyIMO_EnableDoubler
                0x00000000       0x10 .\CortexM3\ARM_GCC_541\Debug\lab4.a(CyLib.o)
 .text.CyIMO_DisableDoubler
                0x00000000       0x10 .\CortexM3\ARM_GCC_541\Debug\lab4.a(CyLib.o)
 .text.CyMasterClk_SetSource
                0x00000000       0x18 .\CortexM3\ARM_GCC_541\Debug\lab4.a(CyLib.o)
 .text.CyMasterClk_SetDivider
                0x00000000        0xc .\CortexM3\ARM_GCC_541\Debug\lab4.a(CyLib.o)
 .text.CyBusClk_SetDivider
                0x00000000       0x70 .\CortexM3\ARM_GCC_541\Debug\lab4.a(CyLib.o)
 .text.CyUsbClk_SetSource
                0x00000000       0x18 .\CortexM3\ARM_GCC_541\Debug\lab4.a(CyLib.o)
 .text.CyILO_Start1K
                0x00000000       0x10 .\CortexM3\ARM_GCC_541\Debug\lab4.a(CyLib.o)
 .text.CyILO_Stop1K
                0x00000000       0x10 .\CortexM3\ARM_GCC_541\Debug\lab4.a(CyLib.o)
 .text.CyILO_Start100K
                0x00000000       0x10 .\CortexM3\ARM_GCC_541\Debug\lab4.a(CyLib.o)
 .text.CyILO_Stop100K
                0x00000000       0x10 .\CortexM3\ARM_GCC_541\Debug\lab4.a(CyLib.o)
 .text.CyPLL_OUT_Start
                0x00000000       0x78 .\CortexM3\ARM_GCC_541\Debug\lab4.a(CyLib.o)
 .text.CyIMO_Start
                0x00000000       0x60 .\CortexM3\ARM_GCC_541\Debug\lab4.a(CyLib.o)
 .text.CyILO_Enable33K
                0x00000000       0x10 .\CortexM3\ARM_GCC_541\Debug\lab4.a(CyLib.o)
 .text.CyILO_Disable33K
                0x00000000       0x10 .\CortexM3\ARM_GCC_541\Debug\lab4.a(CyLib.o)
 .text.CyILO_SetSource
                0x00000000       0x18 .\CortexM3\ARM_GCC_541\Debug\lab4.a(CyLib.o)
 .text.CyILO_SetPowerMode
                0x00000000       0x24 .\CortexM3\ARM_GCC_541\Debug\lab4.a(CyLib.o)
 .text.CyXTAL_32KHZ_Stop
                0x00000000       0x30 .\CortexM3\ARM_GCC_541\Debug\lab4.a(CyLib.o)
 .text.CyXTAL_32KHZ_ReadStatus
                0x00000000       0x10 .\CortexM3\ARM_GCC_541\Debug\lab4.a(CyLib.o)
 .text.CyXTAL_Start
                0x00000000       0xac .\CortexM3\ARM_GCC_541\Debug\lab4.a(CyLib.o)
 .text.CyXTAL_Stop
                0x00000000       0x10 .\CortexM3\ARM_GCC_541\Debug\lab4.a(CyLib.o)
 .text.CyXTAL_EnableErrStatus
                0x00000000       0x10 .\CortexM3\ARM_GCC_541\Debug\lab4.a(CyLib.o)
 .text.CyXTAL_DisableErrStatus
                0x00000000       0x10 .\CortexM3\ARM_GCC_541\Debug\lab4.a(CyLib.o)
 .text.CyXTAL_ReadStatus
                0x00000000       0x18 .\CortexM3\ARM_GCC_541\Debug\lab4.a(CyLib.o)
 .text.CyXTAL_EnableFaultRecovery
                0x00000000       0x10 .\CortexM3\ARM_GCC_541\Debug\lab4.a(CyLib.o)
 .text.CyXTAL_DisableFaultRecovery
                0x00000000       0x10 .\CortexM3\ARM_GCC_541\Debug\lab4.a(CyLib.o)
 .text.CyXTAL_SetStartup
                0x00000000       0x18 .\CortexM3\ARM_GCC_541\Debug\lab4.a(CyLib.o)
 .text.CyXTAL_SetFbVoltage
                0x00000000       0x18 .\CortexM3\ARM_GCC_541\Debug\lab4.a(CyLib.o)
 .text.CyXTAL_SetWdVoltage
                0x00000000       0x18 .\CortexM3\ARM_GCC_541\Debug\lab4.a(CyLib.o)
 .text.CyPLL_OUT_SetPQ
                0x00000000       0x60 .\CortexM3\ARM_GCC_541\Debug\lab4.a(CyLib.o)
 .text.CyPLL_OUT_SetSource
                0x00000000       0x34 .\CortexM3\ARM_GCC_541\Debug\lab4.a(CyLib.o)
 .text.CyIMO_SetTrimValue
                0x00000000       0xcc .\CortexM3\ARM_GCC_541\Debug\lab4.a(CyLib.o)
 .text.CyIMO_SetFreq
                0x00000000       0xf4 .\CortexM3\ARM_GCC_541\Debug\lab4.a(CyLib.o)
 .text.CyIMO_SetSource
                0x00000000       0x58 .\CortexM3\ARM_GCC_541\Debug\lab4.a(CyLib.o)
 .text.CySoftwareReset
                0x00000000       0x10 .\CortexM3\ARM_GCC_541\Debug\lab4.a(CyLib.o)
 .text.CyDelay  0x00000000       0x2c .\CortexM3\ARM_GCC_541\Debug\lab4.a(CyLib.o)
 .text.CyXTAL_32KHZ_SetPowerMode
                0x00000000       0x84 .\CortexM3\ARM_GCC_541\Debug\lab4.a(CyLib.o)
 .text.CyXTAL_32KHZ_Start
                0x00000000       0x74 .\CortexM3\ARM_GCC_541\Debug\lab4.a(CyLib.o)
 .text.CyDelayFreq
                0x00000000       0x4c .\CortexM3\ARM_GCC_541\Debug\lab4.a(CyLib.o)
 .text.CyWdtStart
                0x00000000       0x40 .\CortexM3\ARM_GCC_541\Debug\lab4.a(CyLib.o)
 .text.CyWdtClear
                0x00000000        0xc .\CortexM3\ARM_GCC_541\Debug\lab4.a(CyLib.o)
 .text.CyVdStickyStatus
                0x00000000       0x2c .\CortexM3\ARM_GCC_541\Debug\lab4.a(CyLib.o)
 .text.CyVdLvDigitEnable
                0x00000000       0x84 .\CortexM3\ARM_GCC_541\Debug\lab4.a(CyLib.o)
 .text.CyVdLvAnalogEnable
                0x00000000       0x80 .\CortexM3\ARM_GCC_541\Debug\lab4.a(CyLib.o)
 .text.CyVdLvDigitDisable
                0x00000000       0x30 .\CortexM3\ARM_GCC_541\Debug\lab4.a(CyLib.o)
 .text.CyVdLvAnalogDisable
                0x00000000       0x28 .\CortexM3\ARM_GCC_541\Debug\lab4.a(CyLib.o)
 .text.CyVdHvAnalogEnable
                0x00000000       0x54 .\CortexM3\ARM_GCC_541\Debug\lab4.a(CyLib.o)
 .text.CyVdHvAnalogDisable
                0x00000000       0x20 .\CortexM3\ARM_GCC_541\Debug\lab4.a(CyLib.o)
 .text.CyVdRealTimeStatus
                0x00000000       0x1c .\CortexM3\ARM_GCC_541\Debug\lab4.a(CyLib.o)
 .text.CyDisableInts
                0x00000000       0x1c .\CortexM3\ARM_GCC_541\Debug\lab4.a(CyLib.o)
 .text.CyEnableInts
                0x00000000       0x18 .\CortexM3\ARM_GCC_541\Debug\lab4.a(CyLib.o)
 .text.CyFlushCache
                0x00000000       0x44 .\CortexM3\ARM_GCC_541\Debug\lab4.a(CyLib.o)
 .text.CyIntSetSysVector
                0x00000000       0x28 .\CortexM3\ARM_GCC_541\Debug\lab4.a(CyLib.o)
 .text.CyIntGetSysVector
                0x00000000       0x20 .\CortexM3\ARM_GCC_541\Debug\lab4.a(CyLib.o)
 .text.CyIntGetVector
                0x00000000       0x24 .\CortexM3\ARM_GCC_541\Debug\lab4.a(CyLib.o)
 .text.CyIntGetPriority
                0x00000000       0x20 .\CortexM3\ARM_GCC_541\Debug\lab4.a(CyLib.o)
 .text.CyIntGetState
                0x00000000       0x24 .\CortexM3\ARM_GCC_541\Debug\lab4.a(CyLib.o)
 .text.CySysTickStop
                0x00000000       0x10 .\CortexM3\ARM_GCC_541\Debug\lab4.a(CyLib.o)
 .text.CySysTickEnableInterrupt
                0x00000000       0x10 .\CortexM3\ARM_GCC_541\Debug\lab4.a(CyLib.o)
 .text.CySysTickEnable
                0x00000000       0x18 .\CortexM3\ARM_GCC_541\Debug\lab4.a(CyLib.o)
 .text.CySysTickDisableInterrupt
                0x00000000       0x10 .\CortexM3\ARM_GCC_541\Debug\lab4.a(CyLib.o)
 .text.CySysTickSetReload
                0x00000000       0x10 .\CortexM3\ARM_GCC_541\Debug\lab4.a(CyLib.o)
 .text.CySysTickGetReload
                0x00000000       0x10 .\CortexM3\ARM_GCC_541\Debug\lab4.a(CyLib.o)
 .text.CySysTickGetValue
                0x00000000       0x10 .\CortexM3\ARM_GCC_541\Debug\lab4.a(CyLib.o)
 .text.CySysTickSetClockSource
                0x00000000       0x20 .\CortexM3\ARM_GCC_541\Debug\lab4.a(CyLib.o)
 .text.CySysTickGetClockSource
                0x00000000       0x10 .\CortexM3\ARM_GCC_541\Debug\lab4.a(CyLib.o)
 .text.CySysTickGetCountFlag
                0x00000000       0x10 .\CortexM3\ARM_GCC_541\Debug\lab4.a(CyLib.o)
 .text.CySysTickServiceCallbacks
                0x00000000       0x28 .\CortexM3\ARM_GCC_541\Debug\lab4.a(CyLib.o)
 .text.CySysTickClear
                0x00000000        0xc .\CortexM3\ARM_GCC_541\Debug\lab4.a(CyLib.o)
 .text.CySysTickInit
                0x00000000       0x58 .\CortexM3\ARM_GCC_541\Debug\lab4.a(CyLib.o)
 .text.CySysTickStart
                0x00000000       0x1c .\CortexM3\ARM_GCC_541\Debug\lab4.a(CyLib.o)
 .text.CySysTickSetCallback
                0x00000000       0x10 .\CortexM3\ARM_GCC_541\Debug\lab4.a(CyLib.o)
 .text.CySysTickGetCallback
                0x00000000       0x10 .\CortexM3\ARM_GCC_541\Debug\lab4.a(CyLib.o)
 .text.CyGetUniqueId
                0x00000000       0x70 .\CortexM3\ARM_GCC_541\Debug\lab4.a(CyLib.o)
 .text          0x00000000        0x0 .\CortexM3\ARM_GCC_541\Debug\lab4.a(cyPm.o)
 .data          0x00000000        0x0 .\CortexM3\ARM_GCC_541\Debug\lab4.a(cyPm.o)
 .bss           0x00000000       0x43 .\CortexM3\ARM_GCC_541\Debug\lab4.a(cyPm.o)
 .text.CyPmHibSlpSaveSet
                0x00000000      0x1dc .\CortexM3\ARM_GCC_541\Debug\lab4.a(cyPm.o)
 .text.CyPmHibSlpRestore
                0x00000000       0xd8 .\CortexM3\ARM_GCC_541\Debug\lab4.a(cyPm.o)
 .text.CyPmHviLviSaveDisable
                0x00000000       0xa0 .\CortexM3\ARM_GCC_541\Debug\lab4.a(cyPm.o)
 .text.CyPmHibSaveSet
                0x00000000       0x98 .\CortexM3\ARM_GCC_541\Debug\lab4.a(cyPm.o)
 .text.CyPmHviLviRestore
                0x00000000       0x48 .\CortexM3\ARM_GCC_541\Debug\lab4.a(cyPm.o)
 .text.CyPmHibRestore
                0x00000000       0x60 .\CortexM3\ARM_GCC_541\Debug\lab4.a(cyPm.o)
 .text.CyPmSaveClocks
                0x00000000      0x218 .\CortexM3\ARM_GCC_541\Debug\lab4.a(cyPm.o)
 .text.CyPmRestoreClocks
                0x00000000      0x24c .\CortexM3\ARM_GCC_541\Debug\lab4.a(cyPm.o)
 .text.CyPmAltAct
                0x00000000       0x6c .\CortexM3\ARM_GCC_541\Debug\lab4.a(cyPm.o)
 .text.CyPmSleep
                0x00000000       0xf4 .\CortexM3\ARM_GCC_541\Debug\lab4.a(cyPm.o)
 .text.CyPmHibernateEx
                0x00000000       0xf4 .\CortexM3\ARM_GCC_541\Debug\lab4.a(cyPm.o)
 .text.CyPmHibernate
                0x00000000        0xc .\CortexM3\ARM_GCC_541\Debug\lab4.a(cyPm.o)
 .text.CyPmReadStatus
                0x00000000       0x30 .\CortexM3\ARM_GCC_541\Debug\lab4.a(cyPm.o)
 .text.CyPmCtwSetInterval
                0x00000000       0x5c .\CortexM3\ARM_GCC_541\Debug\lab4.a(cyPm.o)
 .text.CyPmOppsSet
                0x00000000       0x2c .\CortexM3\ARM_GCC_541\Debug\lab4.a(cyPm.o)
 .text.CyPmFtwSetInterval
                0x00000000       0x5c .\CortexM3\ARM_GCC_541\Debug\lab4.a(cyPm.o)
 .rodata        0x00000000        0xf .\CortexM3\ARM_GCC_541\Debug\lab4.a(cyPm.o)
 .text          0x00000000        0x0 .\CortexM3\ARM_GCC_541\Debug\lab4.a(Timer_1.o)
 .data          0x00000000        0x0 .\CortexM3\ARM_GCC_541\Debug\lab4.a(Timer_1.o)
 .text.Timer_1_Stop
                0x00000000       0x28 .\CortexM3\ARM_GCC_541\Debug\lab4.a(Timer_1.o)
 .text.Timer_1_SoftwareCapture
                0x00000000        0xc .\CortexM3\ARM_GCC_541\Debug\lab4.a(Timer_1.o)
 .text.Timer_1_ReadStatusRegister
                0x00000000        0xc .\CortexM3\ARM_GCC_541\Debug\lab4.a(Timer_1.o)
 .text.Timer_1_ReadControlRegister
                0x00000000        0xc .\CortexM3\ARM_GCC_541\Debug\lab4.a(Timer_1.o)
 .text.Timer_1_WriteControlRegister
                0x00000000        0xc .\CortexM3\ARM_GCC_541\Debug\lab4.a(Timer_1.o)
 .text.Timer_1_ReadPeriod
                0x00000000        0xc .\CortexM3\ARM_GCC_541\Debug\lab4.a(Timer_1.o)
 .text.Timer_1_ReadCapture
                0x00000000        0xc .\CortexM3\ARM_GCC_541\Debug\lab4.a(Timer_1.o)
 .text.Timer_1_ReadCounter
                0x00000000       0x14 .\CortexM3\ARM_GCC_541\Debug\lab4.a(Timer_1.o)
 .text          0x00000000        0x0 .\CortexM3\ARM_GCC_541\Debug\lab4.a(VDAC8_1.o)
 .data          0x00000000        0x0 .\CortexM3\ARM_GCC_541\Debug\lab4.a(VDAC8_1.o)
 .text.VDAC8_1_Stop
                0x00000000       0x1c .\CortexM3\ARM_GCC_541\Debug\lab4.a(VDAC8_1.o)
 .text          0x00000000        0x0 .\CortexM3\ARM_GCC_541\Debug\lab4.a(isr_1.o)
 .data          0x00000000        0x0 .\CortexM3\ARM_GCC_541\Debug\lab4.a(isr_1.o)
 .bss           0x00000000        0x0 .\CortexM3\ARM_GCC_541\Debug\lab4.a(isr_1.o)
 .text.isr_1_GetVector
                0x00000000        0xc .\CortexM3\ARM_GCC_541\Debug\lab4.a(isr_1.o)
 .text.isr_1_GetPriority
                0x00000000        0xc .\CortexM3\ARM_GCC_541\Debug\lab4.a(isr_1.o)
 .text.isr_1_GetState
                0x00000000       0x18 .\CortexM3\ARM_GCC_541\Debug\lab4.a(isr_1.o)
 .text.isr_1_Start
                0x00000000       0x1c .\CortexM3\ARM_GCC_541\Debug\lab4.a(isr_1.o)
 .text.isr_1_Stop
                0x00000000       0x14 .\CortexM3\ARM_GCC_541\Debug\lab4.a(isr_1.o)
 .text.isr_1_SetPending
                0x00000000        0xc .\CortexM3\ARM_GCC_541\Debug\lab4.a(isr_1.o)
 .text.isr_1_ClearPending
                0x00000000        0xc .\CortexM3\ARM_GCC_541\Debug\lab4.a(isr_1.o)
 .text          0x00000000        0x0 .\CortexM3\ARM_GCC_541\Debug\lab4.a(ADC_SAR_1.o)
 .data          0x00000000        0x0 .\CortexM3\ARM_GCC_541\Debug\lab4.a(ADC_SAR_1.o)
 .text.ADC_SAR_1_Stop
                0x00000000       0x48 .\CortexM3\ARM_GCC_541\Debug\lab4.a(ADC_SAR_1.o)
 .text.ADC_SAR_1_SetPower
                0x00000000       0x18 .\CortexM3\ARM_GCC_541\Debug\lab4.a(ADC_SAR_1.o)
 .text.ADC_SAR_1_GetResult16
                0x00000000       0x18 .\CortexM3\ARM_GCC_541\Debug\lab4.a(ADC_SAR_1.o)
 .text.ADC_SAR_1_SetOffset
                0x00000000        0xc .\CortexM3\ARM_GCC_541\Debug\lab4.a(ADC_SAR_1.o)
 .text.ADC_SAR_1_SetGain
                0x00000000       0x10 .\CortexM3\ARM_GCC_541\Debug\lab4.a(ADC_SAR_1.o)
 .text.ADC_SAR_1_SetScaledGain
                0x00000000        0xc .\CortexM3\ARM_GCC_541\Debug\lab4.a(ADC_SAR_1.o)
 .text.ADC_SAR_1_CountsTo_mVolts
                0x00000000       0x58 .\CortexM3\ARM_GCC_541\Debug\lab4.a(ADC_SAR_1.o)
 .text.ADC_SAR_1_CountsTo_uVolts
                0x00000000       0x48 .\CortexM3\ARM_GCC_541\Debug\lab4.a(ADC_SAR_1.o)
 .text.ADC_SAR_1_CountsTo_Volts
                0x00000000       0x50 .\CortexM3\ARM_GCC_541\Debug\lab4.a(ADC_SAR_1.o)
 .text          0x00000000        0x0 .\CortexM3\ARM_GCC_541\Debug\lab4.a(ADC_SAR_1_INT.o)
 .data          0x00000000        0x0 .\CortexM3\ARM_GCC_541\Debug\lab4.a(ADC_SAR_1_INT.o)
 .bss           0x00000000        0x0 .\CortexM3\ARM_GCC_541\Debug\lab4.a(ADC_SAR_1_INT.o)
 .text          0x00000000        0x0 .\CortexM3\ARM_GCC_541\Debug\lab4.a(ADC_SAR_1_IRQ.o)
 .data          0x00000000        0x0 .\CortexM3\ARM_GCC_541\Debug\lab4.a(ADC_SAR_1_IRQ.o)
 .bss           0x00000000        0x0 .\CortexM3\ARM_GCC_541\Debug\lab4.a(ADC_SAR_1_IRQ.o)
 .text.ADC_SAR_1_IRQ_Interrupt
                0x00000000        0x4 .\CortexM3\ARM_GCC_541\Debug\lab4.a(ADC_SAR_1_IRQ.o)
 .text.ADC_SAR_1_IRQ_SetVector
                0x00000000        0xc .\CortexM3\ARM_GCC_541\Debug\lab4.a(ADC_SAR_1_IRQ.o)
 .text.ADC_SAR_1_IRQ_GetVector
                0x00000000        0xc .\CortexM3\ARM_GCC_541\Debug\lab4.a(ADC_SAR_1_IRQ.o)
 .text.ADC_SAR_1_IRQ_SetPriority
                0x00000000       0x10 .\CortexM3\ARM_GCC_541\Debug\lab4.a(ADC_SAR_1_IRQ.o)
 .text.ADC_SAR_1_IRQ_GetPriority
                0x00000000        0xc .\CortexM3\ARM_GCC_541\Debug\lab4.a(ADC_SAR_1_IRQ.o)
 .text.ADC_SAR_1_IRQ_GetState
                0x00000000       0x10 .\CortexM3\ARM_GCC_541\Debug\lab4.a(ADC_SAR_1_IRQ.o)
 .text.ADC_SAR_1_IRQ_Disable
                0x00000000        0xc .\CortexM3\ARM_GCC_541\Debug\lab4.a(ADC_SAR_1_IRQ.o)
 .text.ADC_SAR_1_IRQ_Start
                0x00000000       0x1c .\CortexM3\ARM_GCC_541\Debug\lab4.a(ADC_SAR_1_IRQ.o)
 .text.ADC_SAR_1_IRQ_StartEx
                0x00000000       0x1c .\CortexM3\ARM_GCC_541\Debug\lab4.a(ADC_SAR_1_IRQ.o)
 .text.ADC_SAR_1_IRQ_Stop
                0x00000000       0x14 .\CortexM3\ARM_GCC_541\Debug\lab4.a(ADC_SAR_1_IRQ.o)
 .text.ADC_SAR_1_IRQ_SetPending
                0x00000000        0xc .\CortexM3\ARM_GCC_541\Debug\lab4.a(ADC_SAR_1_IRQ.o)
 .text.ADC_SAR_1_IRQ_ClearPending
                0x00000000        0xc .\CortexM3\ARM_GCC_541\Debug\lab4.a(ADC_SAR_1_IRQ.o)
 .text          0x00000000        0x0 .\CortexM3\ARM_GCC_541\Debug\lab4.a(ADC_SAR_1_theACLK.o)
 .data          0x00000000        0x0 .\CortexM3\ARM_GCC_541\Debug\lab4.a(ADC_SAR_1_theACLK.o)
 .bss           0x00000000        0x0 .\CortexM3\ARM_GCC_541\Debug\lab4.a(ADC_SAR_1_theACLK.o)
 .text.ADC_SAR_1_theACLK_Start
                0x00000000       0x1c .\CortexM3\ARM_GCC_541\Debug\lab4.a(ADC_SAR_1_theACLK.o)
 .text.ADC_SAR_1_theACLK_Stop
                0x00000000       0x1c .\CortexM3\ARM_GCC_541\Debug\lab4.a(ADC_SAR_1_theACLK.o)
 .text.ADC_SAR_1_theACLK_StopBlock
                0x00000000       0x6c .\CortexM3\ARM_GCC_541\Debug\lab4.a(ADC_SAR_1_theACLK.o)
 .text.ADC_SAR_1_theACLK_StandbyPower
                0x00000000       0x20 .\CortexM3\ARM_GCC_541\Debug\lab4.a(ADC_SAR_1_theACLK.o)
 .text.ADC_SAR_1_theACLK_GetDividerRegister
                0x00000000        0xc .\CortexM3\ARM_GCC_541\Debug\lab4.a(ADC_SAR_1_theACLK.o)
 .text.ADC_SAR_1_theACLK_ClearModeRegister
                0x00000000       0x18 .\CortexM3\ARM_GCC_541\Debug\lab4.a(ADC_SAR_1_theACLK.o)
 .text.ADC_SAR_1_theACLK_GetModeRegister
                0x00000000       0x10 .\CortexM3\ARM_GCC_541\Debug\lab4.a(ADC_SAR_1_theACLK.o)
 .text.ADC_SAR_1_theACLK_GetSourceRegister
                0x00000000       0x10 .\CortexM3\ARM_GCC_541\Debug\lab4.a(ADC_SAR_1_theACLK.o)
 .text.ADC_SAR_1_theACLK_SetDividerRegister
                0x00000000       0xd8 .\CortexM3\ARM_GCC_541\Debug\lab4.a(ADC_SAR_1_theACLK.o)
 .text.ADC_SAR_1_theACLK_SetSourceRegister
                0x00000000       0x5c .\CortexM3\ARM_GCC_541\Debug\lab4.a(ADC_SAR_1_theACLK.o)
 .text.ADC_SAR_1_theACLK_SetPhaseRegister
                0x00000000       0x10 .\CortexM3\ARM_GCC_541\Debug\lab4.a(ADC_SAR_1_theACLK.o)
 .text.ADC_SAR_1_theACLK_GetPhaseRegister
                0x00000000       0x10 .\CortexM3\ARM_GCC_541\Debug\lab4.a(ADC_SAR_1_theACLK.o)
 .data          0x00000000        0x0 .\CortexM3\ARM_GCC_541\Debug\lab4.a(CyBootAsmGnu.o)
 .bss           0x00000000        0x0 .\CortexM3\ARM_GCC_541\Debug\lab4.a(CyBootAsmGnu.o)
 .text          0x00000000        0x0 .\CortexM3\ARM_GCC_541\Debug\lab4.a(CyFlash.o)
 .data          0x00000000        0x0 .\CortexM3\ARM_GCC_541\Debug\lab4.a(CyFlash.o)
 .bss           0x00000000        0x0 .\CortexM3\ARM_GCC_541\Debug\lab4.a(CyFlash.o)
 .text.CySetTempInt
                0x00000000       0x60 .\CortexM3\ARM_GCC_541\Debug\lab4.a(CyFlash.o)
 .text.CyFlash_Start
                0x00000000       0x54 .\CortexM3\ARM_GCC_541\Debug\lab4.a(CyFlash.o)
 .text.CyFlash_Stop
                0x00000000       0x24 .\CortexM3\ARM_GCC_541\Debug\lab4.a(CyFlash.o)
 .text.CyFlash_EraseRow
                0x00000000       0x78 .\CortexM3\ARM_GCC_541\Debug\lab4.a(CyFlash.o)
 .text.CyFlashGetSpcAlgorithm
                0x00000000       0x4c .\CortexM3\ARM_GCC_541\Debug\lab4.a(CyFlash.o)
 .text.CySetTemp
                0x00000000       0x14 .\CortexM3\ARM_GCC_541\Debug\lab4.a(CyFlash.o)
 .text.CySetFlashEEBuffer
                0x00000000       0x20 .\CortexM3\ARM_GCC_541\Debug\lab4.a(CyFlash.o)
 .text.CyWriteRowFull
                0x00000000       0xf8 .\CortexM3\ARM_GCC_541\Debug\lab4.a(CyFlash.o)
 .text.CyWriteRowData
                0x00000000       0x14 .\CortexM3\ARM_GCC_541\Debug\lab4.a(CyFlash.o)
 .text.CyFlash_SetWaitCycles
                0x00000000       0x7c .\CortexM3\ARM_GCC_541\Debug\lab4.a(CyFlash.o)
 .text.CyEEPROM_Start
                0x00000000       0x54 .\CortexM3\ARM_GCC_541\Debug\lab4.a(CyFlash.o)
 .text.CyEEPROM_Stop
                0x00000000       0x24 .\CortexM3\ARM_GCC_541\Debug\lab4.a(CyFlash.o)
 .text.CyEEPROM_ReadReserve
                0x00000000       0x1c .\CortexM3\ARM_GCC_541\Debug\lab4.a(CyFlash.o)
 .text.CyEEPROM_ReadRelease
                0x00000000       0x10 .\CortexM3\ARM_GCC_541\Debug\lab4.a(CyFlash.o)
 COMMON         0x00000000        0x2 .\CortexM3\ARM_GCC_541\Debug\lab4.a(CyFlash.o)
 .text          0x00000000        0x0 .\CortexM3\ARM_GCC_541\Debug\lab4.a(CySpc.o)
 .data          0x00000000        0x0 .\CortexM3\ARM_GCC_541\Debug\lab4.a(CySpc.o)
 .bss           0x00000000        0x8 .\CortexM3\ARM_GCC_541\Debug\lab4.a(CySpc.o)
 .text.CySpcStart
                0x00000000       0x24 .\CortexM3\ARM_GCC_541\Debug\lab4.a(CySpc.o)
 .text.CySpcStop
                0x00000000       0x24 .\CortexM3\ARM_GCC_541\Debug\lab4.a(CySpc.o)
 .text.CySpcReadData
                0x00000000       0x34 .\CortexM3\ARM_GCC_541\Debug\lab4.a(CySpc.o)
 .text.CySpcLoadMultiByte
                0x00000000       0x78 .\CortexM3\ARM_GCC_541\Debug\lab4.a(CySpc.o)
 .text.CySpcLoadRow
                0x00000000       0x50 .\CortexM3\ARM_GCC_541\Debug\lab4.a(CySpc.o)
 .text.CySpcLoadRowFull
                0x00000000       0x80 .\CortexM3\ARM_GCC_541\Debug\lab4.a(CySpc.o)
 .text.CySpcWriteRow
                0x00000000       0x4c .\CortexM3\ARM_GCC_541\Debug\lab4.a(CySpc.o)
 .text.CySpcEraseSector
                0x00000000       0x3c .\CortexM3\ARM_GCC_541\Debug\lab4.a(CySpc.o)
 .text.CySpcEraseRow
                0x00000000       0x4c .\CortexM3\ARM_GCC_541\Debug\lab4.a(CySpc.o)
 .text.CySpcGetTemp
                0x00000000       0x3c .\CortexM3\ARM_GCC_541\Debug\lab4.a(CySpc.o)
 .text.CySpcLock
                0x00000000       0x4c .\CortexM3\ARM_GCC_541\Debug\lab4.a(CySpc.o)
 .text.CySpcUnlock
                0x00000000       0x38 .\CortexM3\ARM_GCC_541\Debug\lab4.a(CySpc.o)
 .text.CySpcGetAlgorithm
                0x00000000       0x28 .\CortexM3\ARM_GCC_541\Debug\lab4.a(CySpc.o)
 .text          0x00000000      0x21c c:/program files (x86)/cypress/psoc creator/4.2/psoc creator/import/gnu/arm/5.4.1/bin/../lib/gcc/arm-none-eabi/5.4.1/armv7-m\libgcc.a(_arm_addsubsf3.o)
 .data          0x00000000        0x0 c:/program files (x86)/cypress/psoc creator/4.2/psoc creator/import/gnu/arm/5.4.1/bin/../lib/gcc/arm-none-eabi/5.4.1/armv7-m\libgcc.a(_arm_addsubsf3.o)
 .bss           0x00000000        0x0 c:/program files (x86)/cypress/psoc creator/4.2/psoc creator/import/gnu/arm/5.4.1/bin/../lib/gcc/arm-none-eabi/5.4.1/armv7-m\libgcc.a(_arm_addsubsf3.o)
 .text          0x00000000      0x2a0 c:/program files (x86)/cypress/psoc creator/4.2/psoc creator/import/gnu/arm/5.4.1/bin/../lib/gcc/arm-none-eabi/5.4.1/armv7-m\libgcc.a(_arm_muldivsf3.o)
 .data          0x00000000        0x0 c:/program files (x86)/cypress/psoc creator/4.2/psoc creator/import/gnu/arm/5.4.1/bin/../lib/gcc/arm-none-eabi/5.4.1/armv7-m\libgcc.a(_arm_muldivsf3.o)
 .bss           0x00000000        0x0 c:/program files (x86)/cypress/psoc creator/4.2/psoc creator/import/gnu/arm/5.4.1/bin/../lib/gcc/arm-none-eabi/5.4.1/armv7-m\libgcc.a(_arm_muldivsf3.o)
 .text          0x00000000       0xa0 c:/program files (x86)/cypress/psoc creator/4.2/psoc creator/import/gnu/arm/5.4.1/bin/../lib/gcc/arm-none-eabi/5.4.1/armv7-m\libgcc.a(_aeabi_ldivmod.o)
 .data          0x00000000        0x0 c:/program files (x86)/cypress/psoc creator/4.2/psoc creator/import/gnu/arm/5.4.1/bin/../lib/gcc/arm-none-eabi/5.4.1/armv7-m\libgcc.a(_aeabi_ldivmod.o)
 .bss           0x00000000        0x0 c:/program files (x86)/cypress/psoc creator/4.2/psoc creator/import/gnu/arm/5.4.1/bin/../lib/gcc/arm-none-eabi/5.4.1/armv7-m\libgcc.a(_aeabi_ldivmod.o)
 .text          0x00000000      0x2ec c:/program files (x86)/cypress/psoc creator/4.2/psoc creator/import/gnu/arm/5.4.1/bin/../lib/gcc/arm-none-eabi/5.4.1/armv7-m\libgcc.a(_udivmoddi4.o)
 .data          0x00000000        0x0 c:/program files (x86)/cypress/psoc creator/4.2/psoc creator/import/gnu/arm/5.4.1/bin/../lib/gcc/arm-none-eabi/5.4.1/armv7-m\libgcc.a(_udivmoddi4.o)
 .bss           0x00000000        0x0 c:/program files (x86)/cypress/psoc creator/4.2/psoc creator/import/gnu/arm/5.4.1/bin/../lib/gcc/arm-none-eabi/5.4.1/armv7-m\libgcc.a(_udivmoddi4.o)
 .ARM.extab     0x00000000        0x0 c:/program files (x86)/cypress/psoc creator/4.2/psoc creator/import/gnu/arm/5.4.1/bin/../lib/gcc/arm-none-eabi/5.4.1/armv7-m\libgcc.a(_udivmoddi4.o)
 .ARM.exidx     0x00000000        0x8 c:/program files (x86)/cypress/psoc creator/4.2/psoc creator/import/gnu/arm/5.4.1/bin/../lib/gcc/arm-none-eabi/5.4.1/armv7-m\libgcc.a(_udivmoddi4.o)
 .text          0x00000000        0x4 c:/program files (x86)/cypress/psoc creator/4.2/psoc creator/import/gnu/arm/5.4.1/bin/../lib/gcc/arm-none-eabi/5.4.1/armv7-m\libgcc.a(_dvmd_tls.o)
 .data          0x00000000        0x0 c:/program files (x86)/cypress/psoc creator/4.2/psoc creator/import/gnu/arm/5.4.1/bin/../lib/gcc/arm-none-eabi/5.4.1/armv7-m\libgcc.a(_dvmd_tls.o)
 .bss           0x00000000        0x0 c:/program files (x86)/cypress/psoc creator/4.2/psoc creator/import/gnu/arm/5.4.1/bin/../lib/gcc/arm-none-eabi/5.4.1/armv7-m\libgcc.a(_dvmd_tls.o)
 .text          0x00000000        0x0 c:/program files (x86)/cypress/psoc creator/4.2/psoc creator/import/gnu/arm/5.4.1/bin/../lib/gcc/arm-none-eabi/5.4.1/../../../../arm-none-eabi/lib/armv7-m\libg_nano.a(lib_a-errno.o)
 .data          0x00000000        0x0 c:/program files (x86)/cypress/psoc creator/4.2/psoc creator/import/gnu/arm/5.4.1/bin/../lib/gcc/arm-none-eabi/5.4.1/../../../../arm-none-eabi/lib/armv7-m\libg_nano.a(lib_a-errno.o)
 .bss           0x00000000        0x0 c:/program files (x86)/cypress/psoc creator/4.2/psoc creator/import/gnu/arm/5.4.1/bin/../lib/gcc/arm-none-eabi/5.4.1/../../../../arm-none-eabi/lib/armv7-m\libg_nano.a(lib_a-errno.o)
 .text          0x00000000        0x0 c:/program files (x86)/cypress/psoc creator/4.2/psoc creator/import/gnu/arm/5.4.1/bin/../lib/gcc/arm-none-eabi/5.4.1/../../../../arm-none-eabi/lib/armv7-m\libg_nano.a(lib_a-exit.o)
 .data          0x00000000        0x0 c:/program files (x86)/cypress/psoc creator/4.2/psoc creator/import/gnu/arm/5.4.1/bin/../lib/gcc/arm-none-eabi/5.4.1/../../../../arm-none-eabi/lib/armv7-m\libg_nano.a(lib_a-exit.o)
 .bss           0x00000000        0x0 c:/program files (x86)/cypress/psoc creator/4.2/psoc creator/import/gnu/arm/5.4.1/bin/../lib/gcc/arm-none-eabi/5.4.1/../../../../arm-none-eabi/lib/armv7-m\libg_nano.a(lib_a-exit.o)
 .text.exit     0x00000000       0x28 c:/program files (x86)/cypress/psoc creator/4.2/psoc creator/import/gnu/arm/5.4.1/bin/../lib/gcc/arm-none-eabi/5.4.1/../../../../arm-none-eabi/lib/armv7-m\libg_nano.a(lib_a-exit.o)
 .text          0x00000000        0x0 c:/program files (x86)/cypress/psoc creator/4.2/psoc creator/import/gnu/arm/5.4.1/bin/../lib/gcc/arm-none-eabi/5.4.1/../../../../arm-none-eabi/lib/armv7-m\libg_nano.a(lib_a-impure.o)
 .data          0x00000000        0x0 c:/program files (x86)/cypress/psoc creator/4.2/psoc creator/import/gnu/arm/5.4.1/bin/../lib/gcc/arm-none-eabi/5.4.1/../../../../arm-none-eabi/lib/armv7-m\libg_nano.a(lib_a-impure.o)
 .bss           0x00000000        0x0 c:/program files (x86)/cypress/psoc creator/4.2/psoc creator/import/gnu/arm/5.4.1/bin/../lib/gcc/arm-none-eabi/5.4.1/../../../../arm-none-eabi/lib/armv7-m\libg_nano.a(lib_a-impure.o)
 .rodata._global_impure_ptr
                0x00000000        0x4 c:/program files (x86)/cypress/psoc creator/4.2/psoc creator/import/gnu/arm/5.4.1/bin/../lib/gcc/arm-none-eabi/5.4.1/../../../../arm-none-eabi/lib/armv7-m\libg_nano.a(lib_a-impure.o)
 .text          0x00000000        0x0 c:/program files (x86)/cypress/psoc creator/4.2/psoc creator/import/gnu/arm/5.4.1/bin/../lib/gcc/arm-none-eabi/5.4.1/../../../../arm-none-eabi/lib/armv7-m\libg_nano.a(lib_a-init.o)
 .data          0x00000000        0x0 c:/program files (x86)/cypress/psoc creator/4.2/psoc creator/import/gnu/arm/5.4.1/bin/../lib/gcc/arm-none-eabi/5.4.1/../../../../arm-none-eabi/lib/armv7-m\libg_nano.a(lib_a-init.o)
 .bss           0x00000000        0x0 c:/program files (x86)/cypress/psoc creator/4.2/psoc creator/import/gnu/arm/5.4.1/bin/../lib/gcc/arm-none-eabi/5.4.1/../../../../arm-none-eabi/lib/armv7-m\libg_nano.a(lib_a-init.o)
 .text          0x00000000        0x0 c:/program files (x86)/cypress/psoc creator/4.2/psoc creator/import/gnu/arm/5.4.1/bin/../lib/gcc/arm-none-eabi/5.4.1/../../../../arm-none-eabi/lib/armv7-m\libg_nano.a(lib_a-memcpy-stub.o)
 .data          0x00000000        0x0 c:/program files (x86)/cypress/psoc creator/4.2/psoc creator/import/gnu/arm/5.4.1/bin/../lib/gcc/arm-none-eabi/5.4.1/../../../../arm-none-eabi/lib/armv7-m\libg_nano.a(lib_a-memcpy-stub.o)
 .bss           0x00000000        0x0 c:/program files (x86)/cypress/psoc creator/4.2/psoc creator/import/gnu/arm/5.4.1/bin/../lib/gcc/arm-none-eabi/5.4.1/../../../../arm-none-eabi/lib/armv7-m\libg_nano.a(lib_a-memcpy-stub.o)
 .text          0x00000000        0x0 c:/program files (x86)/cypress/psoc creator/4.2/psoc creator/import/gnu/arm/5.4.1/bin/../lib/gcc/arm-none-eabi/5.4.1/../../../../arm-none-eabi/lib/armv7-m\libg_nano.a(lib_a-memset.o)
 .data          0x00000000        0x0 c:/program files (x86)/cypress/psoc creator/4.2/psoc creator/import/gnu/arm/5.4.1/bin/../lib/gcc/arm-none-eabi/5.4.1/../../../../arm-none-eabi/lib/armv7-m\libg_nano.a(lib_a-memset.o)
 .bss           0x00000000        0x0 c:/program files (x86)/cypress/psoc creator/4.2/psoc creator/import/gnu/arm/5.4.1/bin/../lib/gcc/arm-none-eabi/5.4.1/../../../../arm-none-eabi/lib/armv7-m\libg_nano.a(lib_a-memset.o)
 .text          0x00000000        0x0 c:/program files (x86)/cypress/psoc creator/4.2/psoc creator/import/gnu/arm/5.4.1/bin/../lib/gcc/arm-none-eabi/5.4.1/armv7-m/crtend.o
 .data          0x00000000        0x0 c:/program files (x86)/cypress/psoc creator/4.2/psoc creator/import/gnu/arm/5.4.1/bin/../lib/gcc/arm-none-eabi/5.4.1/armv7-m/crtend.o
 .bss           0x00000000        0x0 c:/program files (x86)/cypress/psoc creator/4.2/psoc creator/import/gnu/arm/5.4.1/bin/../lib/gcc/arm-none-eabi/5.4.1/armv7-m/crtend.o
 .text          0x00000000        0x0 c:/program files (x86)/cypress/psoc creator/4.2/psoc creator/import/gnu/arm/5.4.1/bin/../lib/gcc/arm-none-eabi/5.4.1/armv7-m/crtn.o
 .data          0x00000000        0x0 c:/program files (x86)/cypress/psoc creator/4.2/psoc creator/import/gnu/arm/5.4.1/bin/../lib/gcc/arm-none-eabi/5.4.1/armv7-m/crtn.o
 .bss           0x00000000        0x0 c:/program files (x86)/cypress/psoc creator/4.2/psoc creator/import/gnu/arm/5.4.1/bin/../lib/gcc/arm-none-eabi/5.4.1/armv7-m/crtn.o

Memory Configuration

Name             Origin             Length             Attributes
rom              0x00000000         0x00040000         xr
ram              0x1fff8000         0x00010000         xrw
*default*        0x00000000         0xffffffff

Linker script and memory map

LOAD c:/program files (x86)/cypress/psoc creator/4.2/psoc creator/import/gnu/arm/5.4.1/bin/../lib/gcc/arm-none-eabi/5.4.1/armv7-m/crti.o
LOAD c:/program files (x86)/cypress/psoc creator/4.2/psoc creator/import/gnu/arm/5.4.1/bin/../lib/gcc/arm-none-eabi/5.4.1/armv7-m/crtbegin.o
LOAD c:/program files (x86)/cypress/psoc creator/4.2/psoc creator/import/gnu/arm/5.4.1/bin/../lib/gcc/arm-none-eabi/5.4.1/../../../../arm-none-eabi/lib/armv7-m/crt0.o
START GROUP
LOAD .\CortexM3\ARM_GCC_541\Debug\main.o
LOAD .\CortexM3\ARM_GCC_541\Debug\cyfitter_cfg.o
LOAD .\CortexM3\ARM_GCC_541\Debug\cymetadata.o
LOAD .\CortexM3\ARM_GCC_541\Debug\Cm3Start.o
LOAD .\CortexM3\ARM_GCC_541\Debug\lab4.a
LOAD C:\Program Files (x86)\Cypress\PSoC Creator\4.2\PSoC Creator\psoc\content\cycomponentlibrary\CyComponentLibrary.cylib\CortexM3\ARM_GCC_541\Debug\CyComponentLibrary.a
END GROUP
START GROUP
LOAD c:/program files (x86)/cypress/psoc creator/4.2/psoc creator/import/gnu/arm/5.4.1/bin/../lib/gcc/arm-none-eabi/5.4.1/armv7-m\libgcc.a
LOAD c:/program files (x86)/cypress/psoc creator/4.2/psoc creator/import/gnu/arm/5.4.1/bin/../lib/gcc/arm-none-eabi/5.4.1/../../../../arm-none-eabi/lib/armv7-m\libg_nano.a
LOAD c:/program files (x86)/cypress/psoc creator/4.2/psoc creator/import/gnu/arm/5.4.1/bin/../lib/gcc/arm-none-eabi/5.4.1/../../../../arm-none-eabi/lib/armv7-m\libc_nano.a
END GROUP
START GROUP
LOAD c:/program files (x86)/cypress/psoc creator/4.2/psoc creator/import/gnu/arm/5.4.1/bin/../lib/gcc/arm-none-eabi/5.4.1/armv7-m\libgcc.a
LOAD c:/program files (x86)/cypress/psoc creator/4.2/psoc creator/import/gnu/arm/5.4.1/bin/../lib/gcc/arm-none-eabi/5.4.1/../../../../arm-none-eabi/lib/armv7-m\libc_nano.a
END GROUP
LOAD c:/program files (x86)/cypress/psoc creator/4.2/psoc creator/import/gnu/arm/5.4.1/bin/../lib/gcc/arm-none-eabi/5.4.1/armv7-m/crtend.o
LOAD c:/program files (x86)/cypress/psoc creator/4.2/psoc creator/import/gnu/arm/5.4.1/bin/../lib/gcc/arm-none-eabi/5.4.1/armv7-m/crtn.o
START GROUP
LOAD c:/program files (x86)/cypress/psoc creator/4.2/psoc creator/import/gnu/arm/5.4.1/bin/../lib/gcc/arm-none-eabi/5.4.1/armv7-m\libgcc.a
LOAD c:/program files (x86)/cypress/psoc creator/4.2/psoc creator/import/gnu/arm/5.4.1/bin/../lib/gcc/arm-none-eabi/5.4.1/../../../../arm-none-eabi/lib/armv7-m\libc.a
LOAD c:/program files (x86)/cypress/psoc creator/4.2/psoc creator/import/gnu/arm/5.4.1/bin/../lib/gcc/arm-none-eabi/5.4.1/../../../../arm-none-eabi/lib/armv7-m\libnosys.a
END GROUP
                0x00000000                CY_APPL_ORIGIN = 0x0
                0x00000100                CY_FLASH_ROW_SIZE = 0x100
                0x00000020                CY_ECC_ROW_SIZE = 0x20
                0x00000000                CY_EE_IN_BTLDR = 0x0
                0x00000000                CY_APPL_LOADABLE = 0x0
                0x00000800                CY_EE_SIZE = 0x800
                0x00000001                CY_APPL_NUM = 0x1
                0x00000001                CY_APPL_MAX = 0x1
                0x00000040                CY_METADATA_SIZE = 0x40
                0x00000000                CY_APPL_LOADABLE = 0x0
                0x00000000                CY_CHECKSUM_EXCLUDE_SIZE = ALIGN (0x0, CY_FLASH_ROW_SIZE)
                [!provide]                PROVIDE (__cy_heap_start, _end)
                0x00000001                PROVIDE (__cy_region_num, ((__cy_regions_end - __cy_regions) / 0x10))
                0x20008000                PROVIDE (__cy_stack, (ORIGIN (ram) + LENGTH (ram)))
                [!provide]                PROVIDE (__cy_heap_end, (__cy_stack - 0x800))

.cybootloader   0x00000000        0x0
 *(.cybootloader)
                0x00000000                appl1_start = CY_APPL_ORIGIN?CY_APPL_ORIGIN:ALIGN (CY_FLASH_ROW_SIZE)
                0x0001ff00                appl2_start = (appl1_start + ALIGN ((((LENGTH (rom) - appl1_start) - (0x2 * CY_FLASH_ROW_SIZE)) / 0x2), CY_FLASH_ROW_SIZE))
                0x00000000                appl_start = (CY_APPL_NUM == 0x1)?appl1_start:appl2_start
                0x00000000                ecc_offset = ((appl_start / CY_FLASH_ROW_SIZE) * CY_ECC_ROW_SIZE)
                0x00000000                ee_offset = (CY_APPL_LOADABLE && ! (CY_EE_IN_BTLDR))?((CY_EE_SIZE / CY_APPL_MAX) * (CY_APPL_NUM - 0x1)):0x0
                0x00000800                ee_size = (CY_APPL_LOADABLE && ! (CY_EE_IN_BTLDR))?(CY_EE_SIZE / CY_APPL_MAX):CY_EE_SIZE
                [!provide]                PROVIDE (CY_ECC_OFFSET, ecc_offset)

.text           0x00000000      0x92e
 CREATE_OBJECT_SYMBOLS
                0x00000000                PROVIDE (__cy_interrupt_vector, RomVectors)
 *(.romvectors)
 .romvectors    0x00000000       0x10 .\CortexM3\ARM_GCC_541\Debug\Cm3Start.o
                0x00000000                RomVectors
                0x00000001                ASSERT ((. != __cy_interrupt_vector), No interrupt vector)
                0x00000001                ASSERT (CY_APPL_ORIGIN?(SIZEOF (.cybootloader) <= CY_APPL_ORIGIN):0x1, Wrong image location)
                0x00000010                PROVIDE (__cy_reset, Reset)
 *(.text.Reset)
 .text.Reset    0x00000010       0x18 .\CortexM3\ARM_GCC_541\Debug\Cm3Start.o
                0x00000010                Reset
                0x00000001                ASSERT ((. != __cy_reset), No reset code)
 *(.dma_init)
                0x00000001                ASSERT ((((appl_start + .) <= 0x10000) || 0x1), DMA Init must be within the first 64k of flash)
 *(.text .text.* .gnu.linkonce.t.*)
 .text          0x00000028       0x5c c:/program files (x86)/cypress/psoc creator/4.2/psoc creator/import/gnu/arm/5.4.1/bin/../lib/gcc/arm-none-eabi/5.4.1/armv7-m/crtbegin.o
 .text.isr_1_Interrupt
                0x00000084       0x24 .\CortexM3\ARM_GCC_541\Debug\main.o
                0x00000084                isr_1_Interrupt
 .text.main     0x000000a8       0x20 .\CortexM3\ARM_GCC_541\Debug\main.o
                0x000000a8                main
 .text.cfg_write_bytes32
                0x000000c8       0x34 .\CortexM3\ARM_GCC_541\Debug\cyfitter_cfg.o
 .text.CYMEMZERO
                0x000000fc        0xc .\CortexM3\ARM_GCC_541\Debug\cyfitter_cfg.o
 .text.AnalogSetDefault
                0x00000108       0x88 .\CortexM3\ARM_GCC_541\Debug\cyfitter_cfg.o
 .text.CYCONFIGCPY
                0x00000190        0x8 .\CortexM3\ARM_GCC_541\Debug\cyfitter_cfg.o
 .text.ClockSetup
                0x00000198       0xc4 .\CortexM3\ARM_GCC_541\Debug\cyfitter_cfg.o
 .text.cyfitter_cfg
                0x0000025c      0x108 .\CortexM3\ARM_GCC_541\Debug\cyfitter_cfg.o
                0x0000025c                cyfitter_cfg
 .text.IntDefaultHandler
                0x00000364       0x10 .\CortexM3\ARM_GCC_541\Debug\Cm3Start.o
                0x00000364                IntDefaultHandler
 .text.Start_c  0x00000374       0x4c .\CortexM3\ARM_GCC_541\Debug\Cm3Start.o
                0x00000374                Start_c
 .text.initialize_psoc
                0x000003c0       0x68 .\CortexM3\ARM_GCC_541\Debug\Cm3Start.o
                0x000003c0                initialize_psoc
 .text.LED_Write
                0x00000428       0x18 .\CortexM3\ARM_GCC_541\Debug\lab4.a(LED.o)
                0x00000428                LED_Write
 .text.LED_Read
                0x00000440       0x10 .\CortexM3\ARM_GCC_541\Debug\lab4.a(LED.o)
                0x00000440                LED_Read
 .text.CyHalt   0x00000450        0x4 .\CortexM3\ARM_GCC_541\Debug\lab4.a(CyLib.o)
                0x00000450                CyHalt
 .text.CyDelayUs
                0x00000454       0x14 .\CortexM3\ARM_GCC_541\Debug\lab4.a(CyLib.o)
                0x00000454                CyDelayUs
 .text.CyIntSetVector
                0x00000468       0x28 .\CortexM3\ARM_GCC_541\Debug\lab4.a(CyLib.o)
                0x00000468                CyIntSetVector
 .text.CyIntSetPriority
                0x00000490       0x30 .\CortexM3\ARM_GCC_541\Debug\lab4.a(CyLib.o)
                0x00000490                CyIntSetPriority
 .text.Timer_1_Enable
                0x000004c0       0x28 .\CortexM3\ARM_GCC_541\Debug\lab4.a(Timer_1.o)
                0x000004c0                Timer_1_Enable
 .text.Timer_1_SetInterruptMode
                0x000004e8        0xc .\CortexM3\ARM_GCC_541\Debug\lab4.a(Timer_1.o)
                0x000004e8                Timer_1_SetInterruptMode
 .text.Timer_1_WritePeriod
                0x000004f4        0xc .\CortexM3\ARM_GCC_541\Debug\lab4.a(Timer_1.o)
                0x000004f4                Timer_1_WritePeriod
 .text.Timer_1_WriteCounter
                0x00000500        0xc .\CortexM3\ARM_GCC_541\Debug\lab4.a(Timer_1.o)
                0x00000500                Timer_1_WriteCounter
 .text.Timer_1_Init
                0x0000050c       0x68 .\CortexM3\ARM_GCC_541\Debug\lab4.a(Timer_1.o)
                0x0000050c                Timer_1_Init
 .text.Timer_1_Start
                0x00000574       0x1c .\CortexM3\ARM_GCC_541\Debug\lab4.a(Timer_1.o)
                0x00000574                Timer_1_Start
 .text.VDAC8_1_Enable
                0x00000590       0x1c .\CortexM3\ARM_GCC_541\Debug\lab4.a(VDAC8_1.o)
                0x00000590                VDAC8_1_Enable
 .text.VDAC8_1_SetSpeed
                0x000005ac       0x1c .\CortexM3\ARM_GCC_541\Debug\lab4.a(VDAC8_1.o)
                0x000005ac                VDAC8_1_SetSpeed
 .text.VDAC8_1_SetValue
                0x000005c8        0xc .\CortexM3\ARM_GCC_541\Debug\lab4.a(VDAC8_1.o)
                0x000005c8                VDAC8_1_SetValue
 .text.VDAC8_1_DacTrim
                0x000005d4       0x24 .\CortexM3\ARM_GCC_541\Debug\lab4.a(VDAC8_1.o)
                0x000005d4                VDAC8_1_DacTrim
 .text.VDAC8_1_SetRange
                0x000005f8       0x20 .\CortexM3\ARM_GCC_541\Debug\lab4.a(VDAC8_1.o)
                0x000005f8                VDAC8_1_SetRange
 .text.VDAC8_1_Init
                0x00000618       0x20 .\CortexM3\ARM_GCC_541\Debug\lab4.a(VDAC8_1.o)
                0x00000618                VDAC8_1_Init
 .text.VDAC8_1_Start
                0x00000638       0x24 .\CortexM3\ARM_GCC_541\Debug\lab4.a(VDAC8_1.o)
                0x00000638                VDAC8_1_Start
 .text.isr_1_SetVector
                0x0000065c        0xc .\CortexM3\ARM_GCC_541\Debug\lab4.a(isr_1.o)
                0x0000065c                isr_1_SetVector
 .text.isr_1_SetPriority
                0x00000668       0x10 .\CortexM3\ARM_GCC_541\Debug\lab4.a(isr_1.o)
                0x00000668                isr_1_SetPriority
 .text.isr_1_Enable
                0x00000678        0xc .\CortexM3\ARM_GCC_541\Debug\lab4.a(isr_1.o)
                0x00000678                isr_1_Enable
 .text.isr_1_Disable
                0x00000684        0xc .\CortexM3\ARM_GCC_541\Debug\lab4.a(isr_1.o)
                0x00000684                isr_1_Disable
 .text.isr_1_StartEx
                0x00000690       0x1c .\CortexM3\ARM_GCC_541\Debug\lab4.a(isr_1.o)
                0x00000690                isr_1_StartEx
 .text.ADC_SAR_1_CalcGain
                0x000006ac       0x5c .\CortexM3\ARM_GCC_541\Debug\lab4.a(ADC_SAR_1.o)
 .text.ADC_SAR_1_Enable
                0x00000708       0x94 .\CortexM3\ARM_GCC_541\Debug\lab4.a(ADC_SAR_1.o)
                0x00000708                ADC_SAR_1_Enable
 .text.ADC_SAR_1_SetResolution
                0x0000079c       0x38 .\CortexM3\ARM_GCC_541\Debug\lab4.a(ADC_SAR_1.o)
                0x0000079c                ADC_SAR_1_SetResolution
 .text.ADC_SAR_1_Init
                0x000007d4       0x3c .\CortexM3\ARM_GCC_541\Debug\lab4.a(ADC_SAR_1.o)
                0x000007d4                ADC_SAR_1_Init
 .text.ADC_SAR_1_Start
                0x00000810       0x1c .\CortexM3\ARM_GCC_541\Debug\lab4.a(ADC_SAR_1.o)
                0x00000810                ADC_SAR_1_Start
 .text.ADC_SAR_1_IsEndConversion
                0x0000082c       0x24 .\CortexM3\ARM_GCC_541\Debug\lab4.a(ADC_SAR_1.o)
                0x0000082c                ADC_SAR_1_IsEndConversion
 .text.ADC_SAR_1_GetResult8
                0x00000850       0x18 .\CortexM3\ARM_GCC_541\Debug\lab4.a(ADC_SAR_1.o)
                0x00000850                ADC_SAR_1_GetResult8
 .text.ADC_SAR_1_ISR
                0x00000868        0x4 .\CortexM3\ARM_GCC_541\Debug\lab4.a(ADC_SAR_1_INT.o)
                0x00000868                ADC_SAR_1_ISR
 .text.ADC_SAR_1_IRQ_Enable
                0x0000086c        0xc .\CortexM3\ARM_GCC_541\Debug\lab4.a(ADC_SAR_1_IRQ.o)
                0x0000086c                ADC_SAR_1_IRQ_Enable
 .text.ADC_SAR_1_theACLK_SetModeRegister
                0x00000878       0x14 .\CortexM3\ARM_GCC_541\Debug\lab4.a(ADC_SAR_1_theACLK.o)
                0x00000878                ADC_SAR_1_theACLK_SetModeRegister
 *fill*         0x0000088c        0x4 
 .text          0x00000890       0x20 .\CortexM3\ARM_GCC_541\Debug\lab4.a(CyBootAsmGnu.o)
                0x00000890                CyDelayCycles
                0x000008a0                CyEnterCriticalSection
                0x000008a8                CyExitCriticalSection
 .text.__errno  0x000008b0        0xc c:/program files (x86)/cypress/psoc creator/4.2/psoc creator/import/gnu/arm/5.4.1/bin/../lib/gcc/arm-none-eabi/5.4.1/../../../../arm-none-eabi/lib/armv7-m\libg_nano.a(lib_a-errno.o)
                0x000008b0                __errno
 .text.__libc_init_array
                0x000008bc       0x4c c:/program files (x86)/cypress/psoc creator/4.2/psoc creator/import/gnu/arm/5.4.1/bin/../lib/gcc/arm-none-eabi/5.4.1/../../../../arm-none-eabi/lib/armv7-m\libg_nano.a(lib_a-init.o)
                0x000008bc                __libc_init_array
 .text.memcpy   0x00000908       0x16 c:/program files (x86)/cypress/psoc creator/4.2/psoc creator/import/gnu/arm/5.4.1/bin/../lib/gcc/arm-none-eabi/5.4.1/../../../../arm-none-eabi/lib/armv7-m\libg_nano.a(lib_a-memcpy-stub.o)
                0x00000908                memcpy
 .text.memset   0x0000091e       0x10 c:/program files (x86)/cypress/psoc creator/4.2/psoc creator/import/gnu/arm/5.4.1/bin/../lib/gcc/arm-none-eabi/5.4.1/../../../../arm-none-eabi/lib/armv7-m\libg_nano.a(lib_a-memset.o)
                0x0000091e                memset
 *(.plt)
 *(.gnu.warning)
 *(.glue_7t)
 .glue_7t       0x0000092e        0x0 linker stubs
 *(.glue_7)
 .glue_7        0x0000092e        0x0 linker stubs
 *(.vfp11_veneer)
 .vfp11_veneer  0x0000092e        0x0 linker stubs
 *(.bootloader)
 *(.ARM.extab* .gnu.linkonce.armextab.*)
 *(.gcc_except_table)

.v4_bx          0x00000930        0x0
 .v4_bx         0x00000930        0x0 linker stubs

.iplt           0x00000930        0x0
 .iplt          0x00000930        0x0 c:/program files (x86)/cypress/psoc creator/4.2/psoc creator/import/gnu/arm/5.4.1/bin/../lib/gcc/arm-none-eabi/5.4.1/armv7-m/crtbegin.o

.eh_frame_hdr
 *(.eh_frame_hdr)

.eh_frame       0x00000930        0x4
 *(.eh_frame)
 .eh_frame      0x00000930        0x0 c:/program files (x86)/cypress/psoc creator/4.2/psoc creator/import/gnu/arm/5.4.1/bin/../lib/gcc/arm-none-eabi/5.4.1/armv7-m/crtbegin.o
 .eh_frame      0x00000930        0x4 c:/program files (x86)/cypress/psoc creator/4.2/psoc creator/import/gnu/arm/5.4.1/bin/../lib/gcc/arm-none-eabi/5.4.1/armv7-m/crtend.o
                [!provide]                PROVIDE (__exidx_start, .)

.ARM.exidx
 *(.ARM.exidx* .gnu.linkonce.armexidx.*)
                0x00000934                __exidx_end = .

.rodata         0x00000934       0x6c
 *(.rodata .rodata.* .gnu.linkonce.r.*)
 .rodata        0x00000934       0x30 .\CortexM3\ARM_GCC_541\Debug\cyfitter_cfg.o
 .rodata.str1.1
                0x00000964        0x2 c:/program files (x86)/cypress/psoc creator/4.2/psoc creator/import/gnu/arm/5.4.1/bin/../lib/gcc/arm-none-eabi/5.4.1/../../../../arm-none-eabi/lib/armv7-m\libg_nano.a(lib_a-impure.o)
                0x00000968                . = ALIGN (0x4)
 *fill*         0x00000966        0x2 
 *(.init)
 .init          0x00000968        0x4 c:/program files (x86)/cypress/psoc creator/4.2/psoc creator/import/gnu/arm/5.4.1/bin/../lib/gcc/arm-none-eabi/5.4.1/armv7-m/crti.o
                0x00000968                _init
 .init          0x0000096c        0x8 c:/program files (x86)/cypress/psoc creator/4.2/psoc creator/import/gnu/arm/5.4.1/bin/../lib/gcc/arm-none-eabi/5.4.1/armv7-m/crtn.o
                0x00000974                . = ALIGN (0x4)
                0x00000974                __preinit_array_start = .
 *(.preinit_array)
                0x00000974                __preinit_array_end = .
                0x00000974                . = ALIGN (0x4)
                0x00000974                __init_array_start = .
 *(SORT(.init_array.*))
 *(.init_array)
 .init_array    0x00000974        0x4 c:/program files (x86)/cypress/psoc creator/4.2/psoc creator/import/gnu/arm/5.4.1/bin/../lib/gcc/arm-none-eabi/5.4.1/armv7-m/crtbegin.o
 .init_array    0x00000978        0x4 .\CortexM3\ARM_GCC_541\Debug\Cm3Start.o
                0x0000097c                __init_array_end = .
                0x0000097c                . = ALIGN (0x4)
 *(.fini)
 .fini          0x0000097c        0x4 c:/program files (x86)/cypress/psoc creator/4.2/psoc creator/import/gnu/arm/5.4.1/bin/../lib/gcc/arm-none-eabi/5.4.1/armv7-m/crti.o
                0x0000097c                _fini
 .fini          0x00000980        0x8 c:/program files (x86)/cypress/psoc creator/4.2/psoc creator/import/gnu/arm/5.4.1/bin/../lib/gcc/arm-none-eabi/5.4.1/armv7-m/crtn.o
                0x00000988                . = ALIGN (0x4)
                0x00000988                __fini_array_start = .
 *(.fini_array)
 .fini_array    0x00000988        0x4 c:/program files (x86)/cypress/psoc creator/4.2/psoc creator/import/gnu/arm/5.4.1/bin/../lib/gcc/arm-none-eabi/5.4.1/armv7-m/crtbegin.o
 *(SORT(.fini_array.*))
                0x0000098c                __fini_array_end = .
                0x0000098c                . = ALIGN (0x4)
 *crtbegin.o(.ctors)
 *(EXCLUDE_FILE(*crtend.o) .ctors)
 *(SORT(.ctors.*))
 *crtend.o(.ctors)
                0x0000098c                . = ALIGN (0x4)
 *crtbegin.o(.dtors)
 *(EXCLUDE_FILE(*crtend.o) .dtors)
 *(SORT(.dtors.*))
 *crtend.o(.dtors)
                0x0000098c                . = ALIGN (0x4)
                0x0000098c                __cy_regions = .
                0x0000098c        0x4 LONG 0x9a0 __cy_region_init_ram
                0x00000990        0x4 LONG 0x1fff80c8 __cy_region_start_data
                0x00000994        0x4 LONG 0x78 __cy_region_init_size_ram
                0x00000998        0x4 LONG 0x30 __cy_region_zero_size_ram
                0x0000099c                __cy_regions_end = .
                0x000009a0                . = ALIGN (0x8)
 *fill*         0x0000099c        0x4 
                0x000009a0                _etext = .

.cy_checksum_exclude
                0x000009a0        0x0
 *(.cy_checksum_exclude)

.ramvectors     0x1fff8000       0xc0
                0x1fff8000                __cy_region_start_ram = .
 *(.ramvectors)
 .ramvectors    0x1fff8000       0xc0 .\CortexM3\ARM_GCC_541\Debug\Cm3Start.o
                0x1fff8000                CyRamVectors

.noinit         0x1fff80c0        0x1
 *(.noinit)
 .noinit        0x1fff80c0        0x1 .\CortexM3\ARM_GCC_541\Debug\lab4.a(CyLib.o)
                0x1fff80c0                CyResetStatus

.data           0x1fff80c8       0x78 load address 0x000009a0
                0x1fff80c8                __cy_region_start_data = .
 *(.jcr)
 .jcr           0x1fff80c8        0x0 c:/program files (x86)/cypress/psoc creator/4.2/psoc creator/import/gnu/arm/5.4.1/bin/../lib/gcc/arm-none-eabi/5.4.1/armv7-m/crtbegin.o
 .jcr           0x1fff80c8        0x4 c:/program files (x86)/cypress/psoc creator/4.2/psoc creator/import/gnu/arm/5.4.1/bin/../lib/gcc/arm-none-eabi/5.4.1/armv7-m/crtend.o
 *(.got.plt)
 *(.got)
 *(.shdata)
 *(.data .data.* .gnu.linkonce.d.*)
 .data          0x1fff80cc       0x10 .\CortexM3\ARM_GCC_541\Debug\lab4.a(CyLib.o)
                0x1fff80cc                cydelay_32k_ms
                0x1fff80d0                cydelay_freq_khz
                0x1fff80d4                cydelay_freq_mhz
                0x1fff80d8                cydelay_freq_hz
 .data.impure_data
                0x1fff80dc       0x60 c:/program files (x86)/cypress/psoc creator/4.2/psoc creator/import/gnu/arm/5.4.1/bin/../lib/gcc/arm-none-eabi/5.4.1/../../../../arm-none-eabi/lib/armv7-m\libg_nano.a(lib_a-impure.o)
 .data._impure_ptr
                0x1fff813c        0x4 c:/program files (x86)/cypress/psoc creator/4.2/psoc creator/import/gnu/arm/5.4.1/bin/../lib/gcc/arm-none-eabi/5.4.1/../../../../arm-none-eabi/lib/armv7-m\libg_nano.a(lib_a-impure.o)
                0x1fff813c                _impure_ptr
                0x1fff8140                . = ALIGN (0x8)
 *(.ram)
                0x1fff8140                _edata = .

.igot.plt       0x1fff8140        0x0 load address 0x00000a18
 .igot.plt      0x1fff8140        0x0 c:/program files (x86)/cypress/psoc creator/4.2/psoc creator/import/gnu/arm/5.4.1/bin/../lib/gcc/arm-none-eabi/5.4.1/armv7-m/crtbegin.o

.bss            0x1fff8140       0x30 load address 0x00000a18
                0x1fff8140                PROVIDE (__bss_start__, .)
 *(.shbss)
 *(.bss .bss.* .gnu.linkonce.b.*)
 .bss           0x1fff8140       0x1c c:/program files (x86)/cypress/psoc creator/4.2/psoc creator/import/gnu/arm/5.4.1/bin/../lib/gcc/arm-none-eabi/5.4.1/armv7-m/crtbegin.o
 .bss           0x1fff815c        0x1 .\CortexM3\ARM_GCC_541\Debug\lab4.a(Timer_1.o)
                0x1fff815c                Timer_1_initVar
 .bss           0x1fff815d        0x1 .\CortexM3\ARM_GCC_541\Debug\lab4.a(VDAC8_1.o)
                0x1fff815d                VDAC8_1_initVar
 .bss           0x1fff815e        0x1 .\CortexM3\ARM_GCC_541\Debug\lab4.a(ADC_SAR_1.o)
                0x1fff815e                ADC_SAR_1_initVar
 *(COMMON)
 *fill*         0x1fff815f        0x1 
 COMMON         0x1fff8160        0xa .\CortexM3\ARM_GCC_541\Debug\lab4.a(ADC_SAR_1.o)
                0x1fff8160                ADC_SAR_1_countsPerVolt
                0x1fff8162                ADC_SAR_1_shift
                0x1fff8164                ADC_SAR_1_countsPer10Volt
                0x1fff8168                ADC_SAR_1_offset
                0x1fff8170                . = ALIGN (0x8)
 *fill*         0x1fff816a        0x6 
 *(.ram.b)
                0x1fff8170                _end = .
                0x1fff8170                __end = .
                0x1fff8170                PROVIDE (end, .)
                0x1fff8170                PROVIDE (__bss_end__, .)
                0x000009a0                __cy_region_init_ram = LOADADDR (.data)
                0x00000078                __cy_region_init_size_ram = (_edata - ADDR (.data))
                0x00000030                __cy_region_zero_size_ram = (_end - _edata)

.heap           0x1fff8170       0x80 load address 0x00000a18
                0x1fff8170                . = _end
                0x1fff81f0                . = (. + 0x80)
 *fill*         0x1fff8170       0x80 
                0x1fff81f0                __cy_heap_limit = .

.stack          0x20007800      0x800
                0x20007800                __cy_stack_limit = .
                0x20008000                . = (. + 0x800)
 *fill*         0x20007800      0x800 
                0x00000001                ASSERT ((__cy_stack_limit >= __cy_heap_limit), region RAM overflowed with stack)
                0x00000000                cy_checksum_exclude_size = (CY_APPL_LOADABLE == 0x1)?SIZEOF (.cy_checksum_exclude):0x0
                0x00000001                ASSERT ((cy_checksum_exclude_size <= CY_CHECKSUM_EXCLUDE_SIZE), CY_BOOT: Section .cy_checksum_exclude size exceedes specified limit.)

.cyloadermeta
 *(.cyloadermeta)

.cyloadablemeta
 *(.cyloadablemeta)

.cyconfigecc    0x80000000      0x144
 *(.cyconfigecc)
 .cyconfigecc   0x80000000      0x144 .\CortexM3\ARM_GCC_541\Debug\cymetadata.o
                0x80000000                cy_meta_configecc

.cycustnvl      0x90000000        0x4
 *(.cycustnvl)
 .cycustnvl     0x90000000        0x4 .\CortexM3\ARM_GCC_541\Debug\cymetadata.o
                0x90000000                cy_meta_custnvl

.cywolatch      0x90100000        0x4
 *(.cywolatch)
 .cywolatch     0x90100000        0x4 .\CortexM3\ARM_GCC_541\Debug\cymetadata.o
                0x90100000                cy_meta_wonvl

.cyeeprom       0x90200000        0x0
 *(.cyeeprom)
                0x00000001                ASSERT ((. <= ((0x90200000 + ee_offset) + ee_size)), .cyeeprom data will not fit in EEPROM)

.cyflashprotect
                0x90400000      0x100
 *(.cyflashprotect)
 .cyflashprotect
                0x90400000      0x100 .\CortexM3\ARM_GCC_541\Debug\cymetadata.o
                0x90400000                cy_meta_flashprotect

.cymeta         0x90500000        0xc
 *(.cymeta)
 .cymeta        0x90500000        0xc .\CortexM3\ARM_GCC_541\Debug\cymetadata.o
                0x90500000                cy_metadata

.rel.dyn        0x00000a18        0x0 load address 0x9050000c
 .rel.iplt      0x00000a18        0x0 c:/program files (x86)/cypress/psoc creator/4.2/psoc creator/import/gnu/arm/5.4.1/bin/../lib/gcc/arm-none-eabi/5.4.1/armv7-m/crtbegin.o

.stab
 *(.stab)

.stabstr
 *(.stabstr)

.debug
 *(.debug)

.line
 *(.line)

.debug_srcinfo
 *(.debug_srcinfo)

.debug_sfnames
 *(.debug_sfnames)

.debug_aranges  0x00000000      0x880
 *(.debug_aranges)
 .debug_aranges
                0x00000000       0x28 .\CortexM3\ARM_GCC_541\Debug\main.o
 .debug_aranges
                0x00000028       0x50 .\CortexM3\ARM_GCC_541\Debug\cyfitter_cfg.o
 .debug_aranges
                0x00000078       0x18 .\CortexM3\ARM_GCC_541\Debug\cymetadata.o
 .debug_aranges
                0x00000090       0x48 .\CortexM3\ARM_GCC_541\Debug\Cm3Start.o
 .debug_aranges
                0x000000d8       0x38 .\CortexM3\ARM_GCC_541\Debug\lab4.a(LED.o)
 .debug_aranges
                0x00000110      0x2a0 .\CortexM3\ARM_GCC_541\Debug\lab4.a(CyLib.o)
 .debug_aranges
                0x000003b0       0x98 .\CortexM3\ARM_GCC_541\Debug\lab4.a(cyPm.o)
 .debug_aranges
                0x00000448       0x88 .\CortexM3\ARM_GCC_541\Debug\lab4.a(Timer_1.o)
 .debug_aranges
                0x000004d0       0x58 .\CortexM3\ARM_GCC_541\Debug\lab4.a(VDAC8_1.o)
 .debug_aranges
                0x00000528       0x78 .\CortexM3\ARM_GCC_541\Debug\lab4.a(isr_1.o)
 .debug_aranges
                0x000005a0       0x98 .\CortexM3\ARM_GCC_541\Debug\lab4.a(ADC_SAR_1.o)
 .debug_aranges
                0x00000638       0x20 .\CortexM3\ARM_GCC_541\Debug\lab4.a(ADC_SAR_1_INT.o)
 .debug_aranges
                0x00000658       0x80 .\CortexM3\ARM_GCC_541\Debug\lab4.a(ADC_SAR_1_IRQ.o)
 .debug_aranges
                0x000006d8       0x80 .\CortexM3\ARM_GCC_541\Debug\lab4.a(ADC_SAR_1_theACLK.o)
 .debug_aranges
                0x00000758       0x20 .\CortexM3\ARM_GCC_541\Debug\lab4.a(CyBootAsmGnu.o)
 .debug_aranges
                0x00000778       0x88 .\CortexM3\ARM_GCC_541\Debug\lab4.a(CyFlash.o)
 .debug_aranges
                0x00000800       0x80 .\CortexM3\ARM_GCC_541\Debug\lab4.a(CySpc.o)

.debug_pubnames
 *(.debug_pubnames)

.debug_info     0x00000000     0x4c0c
 *(.debug_info .gnu.linkonce.wi.*)
 .debug_info    0x00000000      0x3b6 .\CortexM3\ARM_GCC_541\Debug\main.o
 .debug_info    0x000003b6      0x53c .\CortexM3\ARM_GCC_541\Debug\cyfitter_cfg.o
 .debug_info    0x000008f2      0x135 .\CortexM3\ARM_GCC_541\Debug\cymetadata.o
 .debug_info    0x00000a27      0x3bb .\CortexM3\ARM_GCC_541\Debug\Cm3Start.o
 .debug_info    0x00000de2      0x11f .\CortexM3\ARM_GCC_541\Debug\lab4.a(LED.o)
 .debug_info    0x00000f01     0x1374 .\CortexM3\ARM_GCC_541\Debug\lab4.a(CyLib.o)
 .debug_info    0x00002275      0xa2a .\CortexM3\ARM_GCC_541\Debug\lab4.a(cyPm.o)
 .debug_info    0x00002c9f      0x295 .\CortexM3\ARM_GCC_541\Debug\lab4.a(Timer_1.o)
 .debug_info    0x00002f34      0x1e0 .\CortexM3\ARM_GCC_541\Debug\lab4.a(VDAC8_1.o)
 .debug_info    0x00003114      0x2b1 .\CortexM3\ARM_GCC_541\Debug\lab4.a(isr_1.o)
 .debug_info    0x000033c5      0x59c .\CortexM3\ARM_GCC_541\Debug\lab4.a(ADC_SAR_1.o)
 .debug_info    0x00003961       0x92 .\CortexM3\ARM_GCC_541\Debug\lab4.a(ADC_SAR_1_INT.o)
 .debug_info    0x000039f3      0x2d2 .\CortexM3\ARM_GCC_541\Debug\lab4.a(ADC_SAR_1_IRQ.o)
 .debug_info    0x00003cc5      0x2c4 .\CortexM3\ARM_GCC_541\Debug\lab4.a(ADC_SAR_1_theACLK.o)
 .debug_info    0x00003f89       0xe6 .\CortexM3\ARM_GCC_541\Debug\lab4.a(CyBootAsmGnu.o)
 .debug_info    0x0000406f      0x64d .\CortexM3\ARM_GCC_541\Debug\lab4.a(CyFlash.o)
 .debug_info    0x000046bc      0x550 .\CortexM3\ARM_GCC_541\Debug\lab4.a(CySpc.o)

.debug_abbrev   0x00000000     0x14ea
 *(.debug_abbrev)
 .debug_abbrev  0x00000000      0x12e .\CortexM3\ARM_GCC_541\Debug\main.o
 .debug_abbrev  0x0000012e      0x1e3 .\CortexM3\ARM_GCC_541\Debug\cyfitter_cfg.o
 .debug_abbrev  0x00000311       0x66 .\CortexM3\ARM_GCC_541\Debug\cymetadata.o
 .debug_abbrev  0x00000377      0x1e8 .\CortexM3\ARM_GCC_541\Debug\Cm3Start.o
 .debug_abbrev  0x0000055f       0x90 .\CortexM3\ARM_GCC_541\Debug\lab4.a(LED.o)
 .debug_abbrev  0x000005ef      0x254 .\CortexM3\ARM_GCC_541\Debug\lab4.a(CyLib.o)
 .debug_abbrev  0x00000843      0x1ab .\CortexM3\ARM_GCC_541\Debug\lab4.a(cyPm.o)
 .debug_abbrev  0x000009ee      0x11a .\CortexM3\ARM_GCC_541\Debug\lab4.a(Timer_1.o)
 .debug_abbrev  0x00000b08       0xf7 .\CortexM3\ARM_GCC_541\Debug\lab4.a(VDAC8_1.o)
 .debug_abbrev  0x00000bff      0x132 .\CortexM3\ARM_GCC_541\Debug\lab4.a(isr_1.o)
 .debug_abbrev  0x00000d31      0x194 .\CortexM3\ARM_GCC_541\Debug\lab4.a(ADC_SAR_1.o)
 .debug_abbrev  0x00000ec5       0x42 .\CortexM3\ARM_GCC_541\Debug\lab4.a(ADC_SAR_1_INT.o)
 .debug_abbrev  0x00000f07      0x173 .\CortexM3\ARM_GCC_541\Debug\lab4.a(ADC_SAR_1_IRQ.o)
 .debug_abbrev  0x0000107a      0x121 .\CortexM3\ARM_GCC_541\Debug\lab4.a(ADC_SAR_1_theACLK.o)
 .debug_abbrev  0x0000119b       0x14 .\CortexM3\ARM_GCC_541\Debug\lab4.a(CyBootAsmGnu.o)
 .debug_abbrev  0x000011af      0x1a7 .\CortexM3\ARM_GCC_541\Debug\lab4.a(CyFlash.o)
 .debug_abbrev  0x00001356      0x194 .\CortexM3\ARM_GCC_541\Debug\lab4.a(CySpc.o)

.debug_line     0x00000000     0x2091
 *(.debug_line)
 .debug_line    0x00000000      0x1d2 .\CortexM3\ARM_GCC_541\Debug\main.o
 .debug_line    0x000001d2      0x1d3 .\CortexM3\ARM_GCC_541\Debug\cyfitter_cfg.o
 .debug_line    0x000003a5      0x141 .\CortexM3\ARM_GCC_541\Debug\cymetadata.o
 .debug_line    0x000004e6      0x234 .\CortexM3\ARM_GCC_541\Debug\Cm3Start.o
 .debug_line    0x0000071a       0x90 .\CortexM3\ARM_GCC_541\Debug\lab4.a(LED.o)
 .debug_line    0x000007aa      0x816 .\CortexM3\ARM_GCC_541\Debug\lab4.a(CyLib.o)
 .debug_line    0x00000fc0      0x367 .\CortexM3\ARM_GCC_541\Debug\lab4.a(cyPm.o)
 .debug_line    0x00001327      0x155 .\CortexM3\ARM_GCC_541\Debug\lab4.a(Timer_1.o)
 .debug_line    0x0000147c       0xe4 .\CortexM3\ARM_GCC_541\Debug\lab4.a(VDAC8_1.o)
 .debug_line    0x00001560      0x122 .\CortexM3\ARM_GCC_541\Debug\lab4.a(isr_1.o)
 .debug_line    0x00001682      0x1fc .\CortexM3\ARM_GCC_541\Debug\lab4.a(ADC_SAR_1.o)
 .debug_line    0x0000187e       0x56 .\CortexM3\ARM_GCC_541\Debug\lab4.a(ADC_SAR_1_INT.o)
 .debug_line    0x000018d4      0x13a .\CortexM3\ARM_GCC_541\Debug\lab4.a(ADC_SAR_1_IRQ.o)
 .debug_line    0x00001a0e      0x1a3 .\CortexM3\ARM_GCC_541\Debug\lab4.a(ADC_SAR_1_theACLK.o)
 .debug_line    0x00001bb1       0x66 .\CortexM3\ARM_GCC_541\Debug\lab4.a(CyBootAsmGnu.o)
 .debug_line    0x00001c17      0x21a .\CortexM3\ARM_GCC_541\Debug\lab4.a(CyFlash.o)
 .debug_line    0x00001e31      0x260 .\CortexM3\ARM_GCC_541\Debug\lab4.a(CySpc.o)

.debug_frame    0x00000000     0x161c
 *(.debug_frame)
 .debug_frame   0x00000000       0x48 .\CortexM3\ARM_GCC_541\Debug\main.o
 .debug_frame   0x00000048       0xec .\CortexM3\ARM_GCC_541\Debug\cyfitter_cfg.o
 .debug_frame   0x00000134       0xb8 .\CortexM3\ARM_GCC_541\Debug\Cm3Start.o
 .debug_frame   0x000001ec       0x50 .\CortexM3\ARM_GCC_541\Debug\lab4.a(LED.o)
 .debug_frame   0x0000023c      0x738 .\CortexM3\ARM_GCC_541\Debug\lab4.a(CyLib.o)
 .debug_frame   0x00000974      0x1f8 .\CortexM3\ARM_GCC_541\Debug\lab4.a(cyPm.o)
 .debug_frame   0x00000b6c      0x108 .\CortexM3\ARM_GCC_541\Debug\lab4.a(Timer_1.o)
 .debug_frame   0x00000c74       0xb4 .\CortexM3\ARM_GCC_541\Debug\lab4.a(VDAC8_1.o)
 .debug_frame   0x00000d28       0xf4 .\CortexM3\ARM_GCC_541\Debug\lab4.a(isr_1.o)
 .debug_frame   0x00000e1c      0x190 .\CortexM3\ARM_GCC_541\Debug\lab4.a(ADC_SAR_1.o)
 .debug_frame   0x00000fac       0x20 .\CortexM3\ARM_GCC_541\Debug\lab4.a(ADC_SAR_1_INT.o)
 .debug_frame   0x00000fcc      0x104 .\CortexM3\ARM_GCC_541\Debug\lab4.a(ADC_SAR_1_IRQ.o)
 .debug_frame   0x000010d0      0x100 .\CortexM3\ARM_GCC_541\Debug\lab4.a(ADC_SAR_1_theACLK.o)
 .debug_frame   0x000011d0      0x194 .\CortexM3\ARM_GCC_541\Debug\lab4.a(CyFlash.o)
 .debug_frame   0x00001364      0x180 .\CortexM3\ARM_GCC_541\Debug\lab4.a(CySpc.o)
 .debug_frame   0x000014e4       0x44 c:/program files (x86)/cypress/psoc creator/4.2/psoc creator/import/gnu/arm/5.4.1/bin/../lib/gcc/arm-none-eabi/5.4.1/armv7-m\libgcc.a(_aeabi_ldivmod.o)
 .debug_frame   0x00001528       0x38 c:/program files (x86)/cypress/psoc creator/4.2/psoc creator/import/gnu/arm/5.4.1/bin/../lib/gcc/arm-none-eabi/5.4.1/armv7-m\libgcc.a(_udivmoddi4.o)
 .debug_frame   0x00001560       0x20 c:/program files (x86)/cypress/psoc creator/4.2/psoc creator/import/gnu/arm/5.4.1/bin/../lib/gcc/arm-none-eabi/5.4.1/../../../../arm-none-eabi/lib/armv7-m\libg_nano.a(lib_a-errno.o)
 .debug_frame   0x00001580       0x28 c:/program files (x86)/cypress/psoc creator/4.2/psoc creator/import/gnu/arm/5.4.1/bin/../lib/gcc/arm-none-eabi/5.4.1/../../../../arm-none-eabi/lib/armv7-m\libg_nano.a(lib_a-exit.o)
 .debug_frame   0x000015a8       0x2c c:/program files (x86)/cypress/psoc creator/4.2/psoc creator/import/gnu/arm/5.4.1/bin/../lib/gcc/arm-none-eabi/5.4.1/../../../../arm-none-eabi/lib/armv7-m\libg_nano.a(lib_a-init.o)
 .debug_frame   0x000015d4       0x28 c:/program files (x86)/cypress/psoc creator/4.2/psoc creator/import/gnu/arm/5.4.1/bin/../lib/gcc/arm-none-eabi/5.4.1/../../../../arm-none-eabi/lib/armv7-m\libg_nano.a(lib_a-memcpy-stub.o)
 .debug_frame   0x000015fc       0x20 c:/program files (x86)/cypress/psoc creator/4.2/psoc creator/import/gnu/arm/5.4.1/bin/../lib/gcc/arm-none-eabi/5.4.1/../../../../arm-none-eabi/lib/armv7-m\libg_nano.a(lib_a-memset.o)

.debug_str      0x00000000     0x1d65
 *(.debug_str)
 .debug_str     0x00000000      0x389 .\CortexM3\ARM_GCC_541\Debug\main.o
                                0x3db (size before relaxing)
 .debug_str     0x00000389      0x15f .\CortexM3\ARM_GCC_541\Debug\cyfitter_cfg.o
                                0x351 (size before relaxing)
 .debug_str     0x000004e8       0x7f .\CortexM3\ARM_GCC_541\Debug\cymetadata.o
                                0x23a (size before relaxing)
 .debug_str     0x00000567      0x144 .\CortexM3\ARM_GCC_541\Debug\Cm3Start.o
                                0x360 (size before relaxing)
 .debug_str     0x000006ab       0x4e .\CortexM3\ARM_GCC_541\Debug\lab4.a(LED.o)
                                0x22e (size before relaxing)
 .debug_str     0x000006f9      0x83f .\CortexM3\ARM_GCC_541\Debug\lab4.a(CyLib.o)
                                0xa9d (size before relaxing)
 .debug_str     0x00000f38      0x365 .\CortexM3\ARM_GCC_541\Debug\lab4.a(cyPm.o)
                                0x789 (size before relaxing)
 .debug_str     0x0000129d      0x174 .\CortexM3\ARM_GCC_541\Debug\lab4.a(Timer_1.o)
                                0x36b (size before relaxing)
 .debug_str     0x00001411       0x92 .\CortexM3\ARM_GCC_541\Debug\lab4.a(VDAC8_1.o)
                                0x289 (size before relaxing)
 .debug_str     0x000014a3       0xc8 .\CortexM3\ARM_GCC_541\Debug\lab4.a(isr_1.o)
                                0x2ec (size before relaxing)
 .debug_str     0x0000156b      0x216 .\CortexM3\ARM_GCC_541\Debug\lab4.a(ADC_SAR_1.o)
                                0x4e6 (size before relaxing)
 .debug_str     0x00001781       0x35 .\CortexM3\ARM_GCC_541\Debug\lab4.a(ADC_SAR_1_INT.o)
                                0x1f1 (size before relaxing)
 .debug_str     0x000017b6      0x141 .\CortexM3\ARM_GCC_541\Debug\lab4.a(ADC_SAR_1_IRQ.o)
                                0x36c (size before relaxing)
 .debug_str     0x000018f7      0x207 .\CortexM3\ARM_GCC_541\Debug\lab4.a(ADC_SAR_1_theACLK.o)
                                0x40b (size before relaxing)
 .debug_str     0x00001afe      0x1bb .\CortexM3\ARM_GCC_541\Debug\lab4.a(CyFlash.o)
                                0x416 (size before relaxing)
 .debug_str     0x00001cb9       0xac .\CortexM3\ARM_GCC_541\Debug\lab4.a(CySpc.o)
                                0x38e (size before relaxing)

.debug_loc      0x00000000     0x1f49
 *(.debug_loc)
 .debug_loc     0x00000000       0x13 .\CortexM3\ARM_GCC_541\Debug\main.o
 .debug_loc     0x00000013      0x1fd .\CortexM3\ARM_GCC_541\Debug\cyfitter_cfg.o
 .debug_loc     0x00000210      0x144 .\CortexM3\ARM_GCC_541\Debug\Cm3Start.o
 .debug_loc     0x00000354       0x42 .\CortexM3\ARM_GCC_541\Debug\lab4.a(LED.o)
 .debug_loc     0x00000396      0xa11 .\CortexM3\ARM_GCC_541\Debug\lab4.a(CyLib.o)
 .debug_loc     0x00000da7      0x1e4 .\CortexM3\ARM_GCC_541\Debug\lab4.a(cyPm.o)
 .debug_loc     0x00000f8b       0x79 .\CortexM3\ARM_GCC_541\Debug\lab4.a(VDAC8_1.o)
 .debug_loc     0x00001004       0x56 .\CortexM3\ARM_GCC_541\Debug\lab4.a(isr_1.o)
 .debug_loc     0x0000105a      0x295 .\CortexM3\ARM_GCC_541\Debug\lab4.a(ADC_SAR_1.o)
 .debug_loc     0x000012ef       0x56 .\CortexM3\ARM_GCC_541\Debug\lab4.a(ADC_SAR_1_IRQ.o)
 .debug_loc     0x00001345      0x14d .\CortexM3\ARM_GCC_541\Debug\lab4.a(ADC_SAR_1_theACLK.o)
 .debug_loc     0x00001492      0x3b2 .\CortexM3\ARM_GCC_541\Debug\lab4.a(CyFlash.o)
 .debug_loc     0x00001844      0x705 .\CortexM3\ARM_GCC_541\Debug\lab4.a(CySpc.o)

.debug_macinfo
 *(.debug_macinfo)

.debug_ranges   0x00000000      0x758
 *(.debug_ranges)
 .debug_ranges  0x00000000       0x18 .\CortexM3\ARM_GCC_541\Debug\main.o
 .debug_ranges  0x00000018       0x40 .\CortexM3\ARM_GCC_541\Debug\cyfitter_cfg.o
 .debug_ranges  0x00000058       0x38 .\CortexM3\ARM_GCC_541\Debug\Cm3Start.o
 .debug_ranges  0x00000090       0x28 .\CortexM3\ARM_GCC_541\Debug\lab4.a(LED.o)
 .debug_ranges  0x000000b8      0x290 .\CortexM3\ARM_GCC_541\Debug\lab4.a(CyLib.o)
 .debug_ranges  0x00000348       0x88 .\CortexM3\ARM_GCC_541\Debug\lab4.a(cyPm.o)
 .debug_ranges  0x000003d0       0x78 .\CortexM3\ARM_GCC_541\Debug\lab4.a(Timer_1.o)
 .debug_ranges  0x00000448       0x48 .\CortexM3\ARM_GCC_541\Debug\lab4.a(VDAC8_1.o)
 .debug_ranges  0x00000490       0x68 .\CortexM3\ARM_GCC_541\Debug\lab4.a(isr_1.o)
 .debug_ranges  0x000004f8       0x88 .\CortexM3\ARM_GCC_541\Debug\lab4.a(ADC_SAR_1.o)
 .debug_ranges  0x00000580       0x10 .\CortexM3\ARM_GCC_541\Debug\lab4.a(ADC_SAR_1_INT.o)
 .debug_ranges  0x00000590       0x70 .\CortexM3\ARM_GCC_541\Debug\lab4.a(ADC_SAR_1_IRQ.o)
 .debug_ranges  0x00000600       0x70 .\CortexM3\ARM_GCC_541\Debug\lab4.a(ADC_SAR_1_theACLK.o)
 .debug_ranges  0x00000670       0x78 .\CortexM3\ARM_GCC_541\Debug\lab4.a(CyFlash.o)
 .debug_ranges  0x000006e8       0x70 .\CortexM3\ARM_GCC_541\Debug\lab4.a(CySpc.o)

.comment        0x00000000       0x6e
 .comment       0x00000000       0x6e .\CortexM3\ARM_GCC_541\Debug\main.o
                                 0x6f (size before relaxing)
 .comment       0x0000006e       0x6f .\CortexM3\ARM_GCC_541\Debug\cyfitter_cfg.o
 .comment       0x0000006e       0x6f .\CortexM3\ARM_GCC_541\Debug\cymetadata.o
 .comment       0x0000006e       0x6f .\CortexM3\ARM_GCC_541\Debug\Cm3Start.o
 .comment       0x0000006e       0x6f .\CortexM3\ARM_GCC_541\Debug\lab4.a(LED.o)
 .comment       0x0000006e       0x6f .\CortexM3\ARM_GCC_541\Debug\lab4.a(CyLib.o)
 .comment       0x0000006e       0x6f .\CortexM3\ARM_GCC_541\Debug\lab4.a(cyPm.o)
 .comment       0x0000006e       0x6f .\CortexM3\ARM_GCC_541\Debug\lab4.a(Timer_1.o)
 .comment       0x0000006e       0x6f .\CortexM3\ARM_GCC_541\Debug\lab4.a(VDAC8_1.o)
 .comment       0x0000006e       0x6f .\CortexM3\ARM_GCC_541\Debug\lab4.a(isr_1.o)
 .comment       0x0000006e       0x6f .\CortexM3\ARM_GCC_541\Debug\lab4.a(ADC_SAR_1.o)
 .comment       0x0000006e       0x6f .\CortexM3\ARM_GCC_541\Debug\lab4.a(ADC_SAR_1_INT.o)
 .comment       0x0000006e       0x6f .\CortexM3\ARM_GCC_541\Debug\lab4.a(ADC_SAR_1_IRQ.o)
 .comment       0x0000006e       0x6f .\CortexM3\ARM_GCC_541\Debug\lab4.a(ADC_SAR_1_theACLK.o)
 .comment       0x0000006e       0x6f .\CortexM3\ARM_GCC_541\Debug\lab4.a(CyFlash.o)
 .comment       0x0000006e       0x6f .\CortexM3\ARM_GCC_541\Debug\lab4.a(CySpc.o)

.debug_weaknames
 *(.debug_weaknames)

.debug_funcnames
 *(.debug_funcnames)

.debug_typenames
 *(.debug_typenames)

.debug_varnames
 *(.debug_varnames)

.note.gnu.arm.ident
 *(.note.gnu.arm.ident)

.ARM.attributes
                0x00000000       0x29
 *(.ARM.attributes)
 .ARM.attributes
                0x00000000       0x1d c:/program files (x86)/cypress/psoc creator/4.2/psoc creator/import/gnu/arm/5.4.1/bin/../lib/gcc/arm-none-eabi/5.4.1/armv7-m/crti.o
 .ARM.attributes
                0x0000001d       0x2d c:/program files (x86)/cypress/psoc creator/4.2/psoc creator/import/gnu/arm/5.4.1/bin/../lib/gcc/arm-none-eabi/5.4.1/armv7-m/crtbegin.o
 .ARM.attributes
                0x0000004a       0x1b c:/program files (x86)/cypress/psoc creator/4.2/psoc creator/import/gnu/arm/5.4.1/bin/../lib/gcc/arm-none-eabi/5.4.1/../../../../arm-none-eabi/lib/armv7-m/crt0.o
 .ARM.attributes
                0x00000065       0x33 .\CortexM3\ARM_GCC_541\Debug\main.o
 .ARM.attributes
                0x00000098       0x33 .\CortexM3\ARM_GCC_541\Debug\cyfitter_cfg.o
 .ARM.attributes
                0x000000cb       0x33 .\CortexM3\ARM_GCC_541\Debug\cymetadata.o
 .ARM.attributes
                0x000000fe       0x33 .\CortexM3\ARM_GCC_541\Debug\Cm3Start.o
 .ARM.attributes
                0x00000131       0x33 .\CortexM3\ARM_GCC_541\Debug\lab4.a(LED.o)
 .ARM.attributes
                0x00000164       0x33 .\CortexM3\ARM_GCC_541\Debug\lab4.a(CyLib.o)
 .ARM.attributes
                0x00000197       0x33 .\CortexM3\ARM_GCC_541\Debug\lab4.a(cyPm.o)
 .ARM.attributes
                0x000001ca       0x33 .\CortexM3\ARM_GCC_541\Debug\lab4.a(Timer_1.o)
 .ARM.attributes
                0x000001fd       0x33 .\CortexM3\ARM_GCC_541\Debug\lab4.a(VDAC8_1.o)
 .ARM.attributes
                0x00000230       0x33 .\CortexM3\ARM_GCC_541\Debug\lab4.a(isr_1.o)
 .ARM.attributes
                0x00000263       0x33 .\CortexM3\ARM_GCC_541\Debug\lab4.a(ADC_SAR_1.o)
 .ARM.attributes
                0x00000296       0x33 .\CortexM3\ARM_GCC_541\Debug\lab4.a(ADC_SAR_1_INT.o)
 .ARM.attributes
                0x000002c9       0x33 .\CortexM3\ARM_GCC_541\Debug\lab4.a(ADC_SAR_1_IRQ.o)
 .ARM.attributes
                0x000002fc       0x33 .\CortexM3\ARM_GCC_541\Debug\lab4.a(ADC_SAR_1_theACLK.o)
 .ARM.attributes
                0x0000032f       0x21 .\CortexM3\ARM_GCC_541\Debug\lab4.a(CyBootAsmGnu.o)
 .ARM.attributes
                0x00000350       0x33 .\CortexM3\ARM_GCC_541\Debug\lab4.a(CyFlash.o)
 .ARM.attributes
                0x00000383       0x33 .\CortexM3\ARM_GCC_541\Debug\lab4.a(CySpc.o)
 .ARM.attributes
                0x000003b6       0x1d c:/program files (x86)/cypress/psoc creator/4.2/psoc creator/import/gnu/arm/5.4.1/bin/../lib/gcc/arm-none-eabi/5.4.1/armv7-m\libgcc.a(_arm_addsubsf3.o)
 .ARM.attributes
                0x000003d3       0x1d c:/program files (x86)/cypress/psoc creator/4.2/psoc creator/import/gnu/arm/5.4.1/bin/../lib/gcc/arm-none-eabi/5.4.1/armv7-m\libgcc.a(_arm_muldivsf3.o)
 .ARM.attributes
                0x000003f0       0x1d c:/program files (x86)/cypress/psoc creator/4.2/psoc creator/import/gnu/arm/5.4.1/bin/../lib/gcc/arm-none-eabi/5.4.1/armv7-m\libgcc.a(_aeabi_ldivmod.o)
 .ARM.attributes
                0x0000040d       0x2d c:/program files (x86)/cypress/psoc creator/4.2/psoc creator/import/gnu/arm/5.4.1/bin/../lib/gcc/arm-none-eabi/5.4.1/armv7-m\libgcc.a(_udivmoddi4.o)
 .ARM.attributes
                0x0000043a       0x1d c:/program files (x86)/cypress/psoc creator/4.2/psoc creator/import/gnu/arm/5.4.1/bin/../lib/gcc/arm-none-eabi/5.4.1/armv7-m\libgcc.a(_dvmd_tls.o)
 .ARM.attributes
                0x00000457       0x2d c:/program files (x86)/cypress/psoc creator/4.2/psoc creator/import/gnu/arm/5.4.1/bin/../lib/gcc/arm-none-eabi/5.4.1/../../../../arm-none-eabi/lib/armv7-m\libg_nano.a(lib_a-errno.o)
 .ARM.attributes
                0x00000484       0x2d c:/program files (x86)/cypress/psoc creator/4.2/psoc creator/import/gnu/arm/5.4.1/bin/../lib/gcc/arm-none-eabi/5.4.1/../../../../arm-none-eabi/lib/armv7-m\libg_nano.a(lib_a-exit.o)
 .ARM.attributes
                0x000004b1       0x2d c:/program files (x86)/cypress/psoc creator/4.2/psoc creator/import/gnu/arm/5.4.1/bin/../lib/gcc/arm-none-eabi/5.4.1/../../../../arm-none-eabi/lib/armv7-m\libg_nano.a(lib_a-impure.o)
 .ARM.attributes
                0x000004de       0x2d c:/program files (x86)/cypress/psoc creator/4.2/psoc creator/import/gnu/arm/5.4.1/bin/../lib/gcc/arm-none-eabi/5.4.1/../../../../arm-none-eabi/lib/armv7-m\libg_nano.a(lib_a-init.o)
 .ARM.attributes
                0x0000050b       0x2d c:/program files (x86)/cypress/psoc creator/4.2/psoc creator/import/gnu/arm/5.4.1/bin/../lib/gcc/arm-none-eabi/5.4.1/../../../../arm-none-eabi/lib/armv7-m\libg_nano.a(lib_a-memcpy-stub.o)
 .ARM.attributes
                0x00000538       0x2d c:/program files (x86)/cypress/psoc creator/4.2/psoc creator/import/gnu/arm/5.4.1/bin/../lib/gcc/arm-none-eabi/5.4.1/../../../../arm-none-eabi/lib/armv7-m\libg_nano.a(lib_a-memset.o)
 .ARM.attributes
                0x00000565       0x2d c:/program files (x86)/cypress/psoc creator/4.2/psoc creator/import/gnu/arm/5.4.1/bin/../lib/gcc/arm-none-eabi/5.4.1/armv7-m/crtend.o
 .ARM.attributes
                0x00000592       0x1d c:/program files (x86)/cypress/psoc creator/4.2/psoc creator/import/gnu/arm/5.4.1/bin/../lib/gcc/arm-none-eabi/5.4.1/armv7-m/crtn.o

/DISCARD/
 *(.note.GNU-stack)
OUTPUT(\\files.auckland.ac.nz\myhome\Documents\GitHub\COMPSYS-301-Robot\COMPSYS 301\psoc student pack\psoc student pack\lab exercise\psoc_intro 4.0\lab4.cydsn\CortexM3\ARM_GCC_541\Debug\lab4.elf elf32-littlearm)
