Archive member included because of file (symbol)

.\CortexM3\ARM_GCC_493\Debug\lab4.a(cyfitter_cfg.o)
                              .\CortexM3\ARM_GCC_493\Debug\Cm3Start.o (cyfitter_cfg)
.\CortexM3\ARM_GCC_493\Debug\lab4.a(CyBootAsmGnu.o)
                              .\CortexM3\ARM_GCC_493\Debug\lab4.a(cyfitter_cfg.o) (CyDelayCycles)
.\CortexM3\ARM_GCC_493\Debug\lab4.a(CyLib.o)
                              .\CortexM3\ARM_GCC_493\Debug\Cm3Start.o (CyHalt)
.\CortexM3\ARM_GCC_493\Debug\lab4.a(cyPm.o)
                              .\CortexM3\ARM_GCC_493\Debug\lab4.a(CyLib.o) (CyPmReadStatus)
.\CortexM3\ARM_GCC_493\Debug\lab4.a(USBUART.o)
                              .\CortexM3\ARM_GCC_493\Debug\main.o (USBUART_Start)
.\CortexM3\ARM_GCC_493\Debug\lab4.a(USBUART_cdc.o)
                              .\CortexM3\ARM_GCC_493\Debug\main.o (USBUART_CDC_Init)
.\CortexM3\ARM_GCC_493\Debug\lab4.a(USBUART_drv.o)
                              .\CortexM3\ARM_GCC_493\Debug\lab4.a(USBUART.o) (USBUART_lastPacketSize)
.\CortexM3\ARM_GCC_493\Debug\lab4.a(USBUART_episr.o)
                              .\CortexM3\ARM_GCC_493\Debug\lab4.a(USBUART.o) (USBUART_EP_1_ISR)
.\CortexM3\ARM_GCC_493\Debug\lab4.a(USBUART_pm.o)
                              .\CortexM3\ARM_GCC_493\Debug\lab4.a(USBUART.o) (USBUART_DP_ISR)
.\CortexM3\ARM_GCC_493\Debug\lab4.a(USBUART_std.o)
                              .\CortexM3\ARM_GCC_493\Debug\lab4.a(USBUART_pm.o) (USBUART_ConfigReg)
.\CortexM3\ARM_GCC_493\Debug\lab4.a(USBUART_vnd.o)
                              .\CortexM3\ARM_GCC_493\Debug\lab4.a(USBUART_drv.o) (USBUART_HandleVendorRqst)
.\CortexM3\ARM_GCC_493\Debug\lab4.a(USBUART_Dp.o)
                              .\CortexM3\ARM_GCC_493\Debug\lab4.a(USBUART_pm.o) (USBUART_Dp_ClearInterrupt)
.\CortexM3\ARM_GCC_493\Debug\lab4.a(CyFlash.o)
                              .\CortexM3\ARM_GCC_493\Debug\lab4.a(cyPm.o) (CyFlash_SetWaitCycles)
.\CortexM3\ARM_GCC_493\Debug\lab4.a(CySpc.o)
                              .\CortexM3\ARM_GCC_493\Debug\lab4.a(CyFlash.o) (CySpcStart)
.\CortexM3\ARM_GCC_493\Debug\lab4.a(USBUART_cls.o)
                              .\CortexM3\ARM_GCC_493\Debug\lab4.a(USBUART_drv.o) (USBUART_DispatchClassRqst)
.\CortexM3\ARM_GCC_493\Debug\lab4.a(USBUART_descr.o)
                              .\CortexM3\ARM_GCC_493\Debug\lab4.a(USBUART_std.o) (USBUART_idSerialNumberStringDescriptor)
c:/program files (x86)/cypress/psoc creator/3.3/psoc creator/import/gnu/arm/4.9.3/bin/../lib/gcc/arm-none-eabi/4.9.3/../../../../arm-none-eabi/lib/armv7-m\libg_nano.a(lib_a-errno.o)
                              .\CortexM3\ARM_GCC_493\Debug\Cm3Start.o (__errno)
c:/program files (x86)/cypress/psoc creator/3.3/psoc creator/import/gnu/arm/4.9.3/bin/../lib/gcc/arm-none-eabi/4.9.3/../../../../arm-none-eabi/lib/armv7-m\libg_nano.a(lib_a-exit.o)
                              c:/program files (x86)/cypress/psoc creator/3.3/psoc creator/import/gnu/arm/4.9.3/bin/../lib/gcc/arm-none-eabi/4.9.3/../../../../arm-none-eabi/lib/armv7-m/crt0.o (exit)
c:/program files (x86)/cypress/psoc creator/3.3/psoc creator/import/gnu/arm/4.9.3/bin/../lib/gcc/arm-none-eabi/4.9.3/../../../../arm-none-eabi/lib/armv7-m\libg_nano.a(lib_a-impure.o)
                              c:/program files (x86)/cypress/psoc creator/3.3/psoc creator/import/gnu/arm/4.9.3/bin/../lib/gcc/arm-none-eabi/4.9.3/../../../../arm-none-eabi/lib/armv7-m\libg_nano.a(lib_a-exit.o) (_global_impure_ptr)
c:/program files (x86)/cypress/psoc creator/3.3/psoc creator/import/gnu/arm/4.9.3/bin/../lib/gcc/arm-none-eabi/4.9.3/../../../../arm-none-eabi/lib/armv7-m\libg_nano.a(lib_a-init.o)
                              c:/program files (x86)/cypress/psoc creator/3.3/psoc creator/import/gnu/arm/4.9.3/bin/../lib/gcc/arm-none-eabi/4.9.3/../../../../arm-none-eabi/lib/armv7-m/crt0.o (__libc_init_array)
c:/program files (x86)/cypress/psoc creator/3.3/psoc creator/import/gnu/arm/4.9.3/bin/../lib/gcc/arm-none-eabi/4.9.3/../../../../arm-none-eabi/lib/armv7-m\libg_nano.a(lib_a-memcpy.o)
                              .\CortexM3\ARM_GCC_493\Debug\lab4.a(cyfitter_cfg.o) (memcpy)
c:/program files (x86)/cypress/psoc creator/3.3/psoc creator/import/gnu/arm/4.9.3/bin/../lib/gcc/arm-none-eabi/4.9.3/../../../../arm-none-eabi/lib/armv7-m\libg_nano.a(lib_a-memset.o)
                              c:/program files (x86)/cypress/psoc creator/3.3/psoc creator/import/gnu/arm/4.9.3/bin/../lib/gcc/arm-none-eabi/4.9.3/../../../../arm-none-eabi/lib/armv7-m/crt0.o (memset)
c:/program files (x86)/cypress/psoc creator/3.3/psoc creator/import/gnu/arm/4.9.3/bin/../lib/gcc/arm-none-eabi/4.9.3/../../../../arm-none-eabi/lib/armv7-m\libg_nano.a(lib_a-strcpy.o)
                              .\CortexM3\ARM_GCC_493\Debug\main.o (strcpy)
c:/program files (x86)/cypress/psoc creator/3.3/psoc creator/import/gnu/arm/4.9.3/bin/../lib/gcc/arm-none-eabi/4.9.3/../../../../arm-none-eabi/lib/armv7-m\libg_nano.a(lib_a-strlen.o)
                              .\CortexM3\ARM_GCC_493\Debug\main.o (strlen)

Allocating common symbols
Common symbol       size              file

entry               0x40              .\CortexM3\ARM_GCC_493\Debug\main.o
USBUART_lastPacketSize
                    0x1               .\CortexM3\ARM_GCC_493\Debug\lab4.a(USBUART_drv.o)
USBUART_device      0x1               .\CortexM3\ARM_GCC_493\Debug\lab4.a(USBUART_drv.o)
USBUART_transferByteCount
                    0x2               .\CortexM3\ARM_GCC_493\Debug\lab4.a(USBUART_drv.o)
USBUART_transferState
                    0x1               .\CortexM3\ARM_GCC_493\Debug\lab4.a(USBUART_drv.o)
system_state        0x20              .\CortexM3\ARM_GCC_493\Debug\main.o
USBUART_interfaceSettingLast
                    0x2               .\CortexM3\ARM_GCC_493\Debug\lab4.a(USBUART_drv.o)
USBUART_linesChanged
                    0x2               .\CortexM3\ARM_GCC_493\Debug\lab4.a(USBUART_cdc.o)
USBUART_currentTD   0xc               .\CortexM3\ARM_GCC_493\Debug\lab4.a(USBUART_drv.o)
line                0x40              .\CortexM3\ARM_GCC_493\Debug\main.o
USBUART_cdcDataInEp
                    0x2               .\CortexM3\ARM_GCC_493\Debug\lab4.a(USBUART_cdc.o)
usbBuffer           0x40              .\CortexM3\ARM_GCC_493\Debug\main.o
USBUART_idSerialNumberStringDescriptor
                    0x22              .\CortexM3\ARM_GCC_493\Debug\lab4.a(USBUART_descr.o)
USBUART_cdcCommInInterruptEp
                    0x2               .\CortexM3\ARM_GCC_493\Debug\lab4.a(USBUART_cdc.o)
USBUART_cdcDataOutEp
                    0x2               .\CortexM3\ARM_GCC_493\Debug\lab4.a(USBUART_cdc.o)
USBUART_interfaceNumber
                    0x1               .\CortexM3\ARM_GCC_493\Debug\lab4.a(USBUART_drv.o)
USBUART_interfaceClass
                    0x4               .\CortexM3\ARM_GCC_493\Debug\lab4.a(USBUART_drv.o)
USBUART_configurationChanged
                    0x1               .\CortexM3\ARM_GCC_493\Debug\lab4.a(USBUART_drv.o)
USBUART_ep0Mode     0x1               .\CortexM3\ARM_GCC_493\Debug\lab4.a(USBUART_drv.o)
USBUART_deviceAddress
                    0x1               .\CortexM3\ARM_GCC_493\Debug\lab4.a(USBUART_drv.o)
USBUART_configuration
                    0x1               .\CortexM3\ARM_GCC_493\Debug\lab4.a(USBUART_drv.o)
USBUART_serialStateBitmap
                    0x4               .\CortexM3\ARM_GCC_493\Debug\lab4.a(USBUART_cdc.o)
USBUART_ep0Count    0x1               .\CortexM3\ARM_GCC_493\Debug\lab4.a(USBUART_drv.o)
USBUART_linesControlBitmap
                    0x4               .\CortexM3\ARM_GCC_493\Debug\lab4.a(USBUART_cdc.o)
USBUART_deviceStatus
                    0x1               .\CortexM3\ARM_GCC_493\Debug\lab4.a(USBUART_drv.o)
USBUART_EP          0x6c              .\CortexM3\ARM_GCC_493\Debug\lab4.a(USBUART_drv.o)
USBUART_interfaceSetting
                    0x2               .\CortexM3\ARM_GCC_493\Debug\lab4.a(USBUART_drv.o)
USBUART_ep0Toggle   0x1               .\CortexM3\ARM_GCC_493\Debug\lab4.a(USBUART_drv.o)
dieTemperature      0x2               .\CortexM3\ARM_GCC_493\Debug\lab4.a(CyFlash.o)
rf_string           0xff              .\CortexM3\ARM_GCC_493\Debug\main.o
USBUART_interfaceStatus
                    0x2               .\CortexM3\ARM_GCC_493\Debug\lab4.a(USBUART_drv.o)

Discarded input sections

 .text          0x00000000        0x0 c:/program files (x86)/cypress/psoc creator/3.3/psoc creator/import/gnu/arm/4.9.3/bin/../lib/gcc/arm-none-eabi/4.9.3/armv7-m/crti.o
 .data          0x00000000        0x0 c:/program files (x86)/cypress/psoc creator/3.3/psoc creator/import/gnu/arm/4.9.3/bin/../lib/gcc/arm-none-eabi/4.9.3/armv7-m/crti.o
 .bss           0x00000000        0x0 c:/program files (x86)/cypress/psoc creator/3.3/psoc creator/import/gnu/arm/4.9.3/bin/../lib/gcc/arm-none-eabi/4.9.3/armv7-m/crti.o
 .data          0x00000000        0x4 c:/program files (x86)/cypress/psoc creator/3.3/psoc creator/import/gnu/arm/4.9.3/bin/../lib/gcc/arm-none-eabi/4.9.3/armv7-m/crtbegin.o
 .text          0x00000000       0x74 c:/program files (x86)/cypress/psoc creator/3.3/psoc creator/import/gnu/arm/4.9.3/bin/../lib/gcc/arm-none-eabi/4.9.3/../../../../arm-none-eabi/lib/armv7-m/crt0.o
 .data          0x00000000        0x0 c:/program files (x86)/cypress/psoc creator/3.3/psoc creator/import/gnu/arm/4.9.3/bin/../lib/gcc/arm-none-eabi/4.9.3/../../../../arm-none-eabi/lib/armv7-m/crt0.o
 .bss           0x00000000        0x0 c:/program files (x86)/cypress/psoc creator/3.3/psoc creator/import/gnu/arm/4.9.3/bin/../lib/gcc/arm-none-eabi/4.9.3/../../../../arm-none-eabi/lib/armv7-m/crt0.o
 .ARM.extab     0x00000000        0x0 c:/program files (x86)/cypress/psoc creator/3.3/psoc creator/import/gnu/arm/4.9.3/bin/../lib/gcc/arm-none-eabi/4.9.3/../../../../arm-none-eabi/lib/armv7-m/crt0.o
 .ARM.exidx     0x00000000        0x8 c:/program files (x86)/cypress/psoc creator/3.3/psoc creator/import/gnu/arm/4.9.3/bin/../lib/gcc/arm-none-eabi/4.9.3/../../../../arm-none-eabi/lib/armv7-m/crt0.o
 .text          0x00000000        0x0 .\CortexM3\ARM_GCC_493\Debug\main.o
 .text.handle_rx_binary
                0x00000000        0x4 .\CortexM3\ARM_GCC_493\Debug\main.o
 .text.handle_rx_ascii
                0x00000000        0x4 .\CortexM3\ARM_GCC_493\Debug\main.o
 .text          0x00000000        0x0 .\CortexM3\ARM_GCC_493\Debug\cymetadata.o
 .data          0x00000000        0x0 .\CortexM3\ARM_GCC_493\Debug\cymetadata.o
 .bss           0x00000000        0x0 .\CortexM3\ARM_GCC_493\Debug\cymetadata.o
 .text          0x00000000        0x0 .\CortexM3\ARM_GCC_493\Debug\Cm3Start.o
 .data          0x00000000        0x4 .\CortexM3\ARM_GCC_493\Debug\Cm3Start.o
 .bss           0x00000000        0x0 .\CortexM3\ARM_GCC_493\Debug\Cm3Start.o
 .text._exit    0x00000000        0xc .\CortexM3\ARM_GCC_493\Debug\Cm3Start.o
 .text._sbrk    0x00000000       0x30 .\CortexM3\ARM_GCC_493\Debug\Cm3Start.o
 .text          0x00000000        0x0 .\CortexM3\ARM_GCC_493\Debug\lab4.a(cyfitter_cfg.o)
 .data          0x00000000        0x0 .\CortexM3\ARM_GCC_493\Debug\lab4.a(cyfitter_cfg.o)
 .bss           0x00000000        0x0 .\CortexM3\ARM_GCC_493\Debug\lab4.a(cyfitter_cfg.o)
 .text.SetAnalogRoutingPumps
                0x00000000       0x10 .\CortexM3\ARM_GCC_493\Debug\lab4.a(cyfitter_cfg.o)
 .data          0x00000000        0x0 .\CortexM3\ARM_GCC_493\Debug\lab4.a(CyBootAsmGnu.o)
 .bss           0x00000000        0x0 .\CortexM3\ARM_GCC_493\Debug\lab4.a(CyBootAsmGnu.o)
 .text          0x00000000        0x0 .\CortexM3\ARM_GCC_493\Debug\lab4.a(CyLib.o)
 .bss           0x00000000       0x1c .\CortexM3\ARM_GCC_493\Debug\lab4.a(CyLib.o)
 .text.CyUSB_PowerOnCheck
                0x00000000       0x48 .\CortexM3\ARM_GCC_493\Debug\lab4.a(CyLib.o)
 .text.CyBusClk_Internal_SetDivider
                0x00000000       0x48 .\CortexM3\ARM_GCC_493\Debug\lab4.a(CyLib.o)
 .text.CyPLL_OUT_Stop
                0x00000000       0x10 .\CortexM3\ARM_GCC_493\Debug\lab4.a(CyLib.o)
 .text.CyIMO_Stop
                0x00000000       0x1c .\CortexM3\ARM_GCC_493\Debug\lab4.a(CyLib.o)
 .text.CyIMO_EnableDoubler
                0x00000000       0x10 .\CortexM3\ARM_GCC_493\Debug\lab4.a(CyLib.o)
 .text.CyIMO_DisableDoubler
                0x00000000       0x10 .\CortexM3\ARM_GCC_493\Debug\lab4.a(CyLib.o)
 .text.CyMasterClk_SetSource
                0x00000000       0x18 .\CortexM3\ARM_GCC_493\Debug\lab4.a(CyLib.o)
 .text.CyMasterClk_SetDivider
                0x00000000        0xc .\CortexM3\ARM_GCC_493\Debug\lab4.a(CyLib.o)
 .text.CyBusClk_SetDivider
                0x00000000       0x70 .\CortexM3\ARM_GCC_493\Debug\lab4.a(CyLib.o)
 .text.CyUsbClk_SetSource
                0x00000000       0x18 .\CortexM3\ARM_GCC_493\Debug\lab4.a(CyLib.o)
 .text.CyILO_Start1K
                0x00000000       0x10 .\CortexM3\ARM_GCC_493\Debug\lab4.a(CyLib.o)
 .text.CyILO_Stop1K
                0x00000000       0x10 .\CortexM3\ARM_GCC_493\Debug\lab4.a(CyLib.o)
 .text.CyILO_Start100K
                0x00000000       0x10 .\CortexM3\ARM_GCC_493\Debug\lab4.a(CyLib.o)
 .text.CyILO_Stop100K
                0x00000000       0x10 .\CortexM3\ARM_GCC_493\Debug\lab4.a(CyLib.o)
 .text.CyPLL_OUT_Start
                0x00000000       0x78 .\CortexM3\ARM_GCC_493\Debug\lab4.a(CyLib.o)
 .text.CyIMO_Start
                0x00000000       0x60 .\CortexM3\ARM_GCC_493\Debug\lab4.a(CyLib.o)
 .text.CyILO_Enable33K
                0x00000000       0x10 .\CortexM3\ARM_GCC_493\Debug\lab4.a(CyLib.o)
 .text.CyILO_Disable33K
                0x00000000       0x10 .\CortexM3\ARM_GCC_493\Debug\lab4.a(CyLib.o)
 .text.CyILO_SetSource
                0x00000000       0x18 .\CortexM3\ARM_GCC_493\Debug\lab4.a(CyLib.o)
 .text.CyILO_SetPowerMode
                0x00000000       0x24 .\CortexM3\ARM_GCC_493\Debug\lab4.a(CyLib.o)
 .text.CyXTAL_32KHZ_Stop
                0x00000000       0x30 .\CortexM3\ARM_GCC_493\Debug\lab4.a(CyLib.o)
 .text.CyXTAL_32KHZ_ReadStatus
                0x00000000       0x10 .\CortexM3\ARM_GCC_493\Debug\lab4.a(CyLib.o)
 .text.CyXTAL_Start
                0x00000000       0xac .\CortexM3\ARM_GCC_493\Debug\lab4.a(CyLib.o)
 .text.CyXTAL_Stop
                0x00000000       0x10 .\CortexM3\ARM_GCC_493\Debug\lab4.a(CyLib.o)
 .text.CyXTAL_EnableErrStatus
                0x00000000       0x10 .\CortexM3\ARM_GCC_493\Debug\lab4.a(CyLib.o)
 .text.CyXTAL_DisableErrStatus
                0x00000000       0x10 .\CortexM3\ARM_GCC_493\Debug\lab4.a(CyLib.o)
 .text.CyXTAL_ReadStatus
                0x00000000       0x18 .\CortexM3\ARM_GCC_493\Debug\lab4.a(CyLib.o)
 .text.CyXTAL_EnableFaultRecovery
                0x00000000       0x10 .\CortexM3\ARM_GCC_493\Debug\lab4.a(CyLib.o)
 .text.CyXTAL_DisableFaultRecovery
                0x00000000       0x10 .\CortexM3\ARM_GCC_493\Debug\lab4.a(CyLib.o)
 .text.CyXTAL_SetStartup
                0x00000000       0x18 .\CortexM3\ARM_GCC_493\Debug\lab4.a(CyLib.o)
 .text.CyXTAL_SetFbVoltage
                0x00000000       0x18 .\CortexM3\ARM_GCC_493\Debug\lab4.a(CyLib.o)
 .text.CyXTAL_SetWdVoltage
                0x00000000       0x18 .\CortexM3\ARM_GCC_493\Debug\lab4.a(CyLib.o)
 .text.CyPLL_OUT_SetPQ
                0x00000000       0x60 .\CortexM3\ARM_GCC_493\Debug\lab4.a(CyLib.o)
 .text.CyPLL_OUT_SetSource
                0x00000000       0x34 .\CortexM3\ARM_GCC_493\Debug\lab4.a(CyLib.o)
 .text.CyIMO_SetTrimValue
                0x00000000       0xcc .\CortexM3\ARM_GCC_493\Debug\lab4.a(CyLib.o)
 .text.CyIMO_SetFreq
                0x00000000       0xf4 .\CortexM3\ARM_GCC_493\Debug\lab4.a(CyLib.o)
 .text.CyIMO_SetSource
                0x00000000       0x58 .\CortexM3\ARM_GCC_493\Debug\lab4.a(CyLib.o)
 .text.CySoftwareReset
                0x00000000       0x10 .\CortexM3\ARM_GCC_493\Debug\lab4.a(CyLib.o)
 .text.CyDelay  0x00000000       0x2c .\CortexM3\ARM_GCC_493\Debug\lab4.a(CyLib.o)
 .text.CyXTAL_32KHZ_SetPowerMode
                0x00000000       0x84 .\CortexM3\ARM_GCC_493\Debug\lab4.a(CyLib.o)
 .text.CyXTAL_32KHZ_Start
                0x00000000       0x70 .\CortexM3\ARM_GCC_493\Debug\lab4.a(CyLib.o)
 .text.CyDelayFreq
                0x00000000       0x4c .\CortexM3\ARM_GCC_493\Debug\lab4.a(CyLib.o)
 .text.CyWdtStart
                0x00000000       0x40 .\CortexM3\ARM_GCC_493\Debug\lab4.a(CyLib.o)
 .text.CyWdtClear
                0x00000000        0xc .\CortexM3\ARM_GCC_493\Debug\lab4.a(CyLib.o)
 .text.CyVdStickyStatus
                0x00000000       0x2c .\CortexM3\ARM_GCC_493\Debug\lab4.a(CyLib.o)
 .text.CyVdLvDigitEnable
                0x00000000       0x84 .\CortexM3\ARM_GCC_493\Debug\lab4.a(CyLib.o)
 .text.CyVdLvAnalogEnable
                0x00000000       0x80 .\CortexM3\ARM_GCC_493\Debug\lab4.a(CyLib.o)
 .text.CyVdLvDigitDisable
                0x00000000       0x30 .\CortexM3\ARM_GCC_493\Debug\lab4.a(CyLib.o)
 .text.CyVdLvAnalogDisable
                0x00000000       0x28 .\CortexM3\ARM_GCC_493\Debug\lab4.a(CyLib.o)
 .text.CyVdHvAnalogEnable
                0x00000000       0x54 .\CortexM3\ARM_GCC_493\Debug\lab4.a(CyLib.o)
 .text.CyVdHvAnalogDisable
                0x00000000       0x20 .\CortexM3\ARM_GCC_493\Debug\lab4.a(CyLib.o)
 .text.CyVdRealTimeStatus
                0x00000000       0x1c .\CortexM3\ARM_GCC_493\Debug\lab4.a(CyLib.o)
 .text.CyDisableInts
                0x00000000       0x1c .\CortexM3\ARM_GCC_493\Debug\lab4.a(CyLib.o)
 .text.CyEnableInts
                0x00000000       0x18 .\CortexM3\ARM_GCC_493\Debug\lab4.a(CyLib.o)
 .text.CyFlushCache
                0x00000000       0x44 .\CortexM3\ARM_GCC_493\Debug\lab4.a(CyLib.o)
 .text.CyIntSetSysVector
                0x00000000       0x28 .\CortexM3\ARM_GCC_493\Debug\lab4.a(CyLib.o)
 .text.CyIntGetSysVector
                0x00000000       0x20 .\CortexM3\ARM_GCC_493\Debug\lab4.a(CyLib.o)
 .text.CyIntGetVector
                0x00000000       0x24 .\CortexM3\ARM_GCC_493\Debug\lab4.a(CyLib.o)
 .text.CyIntGetPriority
                0x00000000       0x20 .\CortexM3\ARM_GCC_493\Debug\lab4.a(CyLib.o)
 .text.CyIntGetState
                0x00000000       0x24 .\CortexM3\ARM_GCC_493\Debug\lab4.a(CyLib.o)
 .text.CySysTickStop
                0x00000000       0x10 .\CortexM3\ARM_GCC_493\Debug\lab4.a(CyLib.o)
 .text.CySysTickEnableInterrupt
                0x00000000       0x10 .\CortexM3\ARM_GCC_493\Debug\lab4.a(CyLib.o)
 .text.CySysTickEnable
                0x00000000       0x18 .\CortexM3\ARM_GCC_493\Debug\lab4.a(CyLib.o)
 .text.CySysTickDisableInterrupt
                0x00000000       0x10 .\CortexM3\ARM_GCC_493\Debug\lab4.a(CyLib.o)
 .text.CySysTickSetReload
                0x00000000       0x10 .\CortexM3\ARM_GCC_493\Debug\lab4.a(CyLib.o)
 .text.CySysTickGetReload
                0x00000000       0x10 .\CortexM3\ARM_GCC_493\Debug\lab4.a(CyLib.o)
 .text.CySysTickGetValue
                0x00000000       0x10 .\CortexM3\ARM_GCC_493\Debug\lab4.a(CyLib.o)
 .text.CySysTickSetClockSource
                0x00000000       0x20 .\CortexM3\ARM_GCC_493\Debug\lab4.a(CyLib.o)
 .text.CySysTickGetCountFlag
                0x00000000       0x10 .\CortexM3\ARM_GCC_493\Debug\lab4.a(CyLib.o)
 .text.CySysTickServiceCallbacks
                0x00000000       0x28 .\CortexM3\ARM_GCC_493\Debug\lab4.a(CyLib.o)
 .text.CySysTickClear
                0x00000000        0xc .\CortexM3\ARM_GCC_493\Debug\lab4.a(CyLib.o)
 .text.CySysTickInit
                0x00000000       0x58 .\CortexM3\ARM_GCC_493\Debug\lab4.a(CyLib.o)
 .text.CySysTickStart
                0x00000000       0x1c .\CortexM3\ARM_GCC_493\Debug\lab4.a(CyLib.o)
 .text.CySysTickSetCallback
                0x00000000       0x10 .\CortexM3\ARM_GCC_493\Debug\lab4.a(CyLib.o)
 .text.CySysTickGetCallback
                0x00000000       0x10 .\CortexM3\ARM_GCC_493\Debug\lab4.a(CyLib.o)
 .text          0x00000000        0x0 .\CortexM3\ARM_GCC_493\Debug\lab4.a(cyPm.o)
 .data          0x00000000        0x0 .\CortexM3\ARM_GCC_493\Debug\lab4.a(cyPm.o)
 .bss           0x00000000       0x44 .\CortexM3\ARM_GCC_493\Debug\lab4.a(cyPm.o)
 .text.CyPmHibSlpSaveSet
                0x00000000      0x1dc .\CortexM3\ARM_GCC_493\Debug\lab4.a(cyPm.o)
 .text.CyPmHibSlpRestore
                0x00000000       0xd4 .\CortexM3\ARM_GCC_493\Debug\lab4.a(cyPm.o)
 .text.CyPmHviLviSaveDisable
                0x00000000       0xa0 .\CortexM3\ARM_GCC_493\Debug\lab4.a(cyPm.o)
 .text.CyPmHibSaveSet
                0x00000000       0x8c .\CortexM3\ARM_GCC_493\Debug\lab4.a(cyPm.o)
 .text.CyPmHviLviRestore
                0x00000000       0x48 .\CortexM3\ARM_GCC_493\Debug\lab4.a(cyPm.o)
 .text.CyPmHibRestore
                0x00000000       0x58 .\CortexM3\ARM_GCC_493\Debug\lab4.a(cyPm.o)
 .text.CyPmSaveClocks
                0x00000000      0x218 .\CortexM3\ARM_GCC_493\Debug\lab4.a(cyPm.o)
 .text.CyPmRestoreClocks
                0x00000000      0x24c .\CortexM3\ARM_GCC_493\Debug\lab4.a(cyPm.o)
 .text.CyPmAltAct
                0x00000000       0x6c .\CortexM3\ARM_GCC_493\Debug\lab4.a(cyPm.o)
 .text.CyPmSleep
                0x00000000       0xf4 .\CortexM3\ARM_GCC_493\Debug\lab4.a(cyPm.o)
 .text.CyPmHibernateEx
                0x00000000       0xf4 .\CortexM3\ARM_GCC_493\Debug\lab4.a(cyPm.o)
 .text.CyPmHibernate
                0x00000000        0xc .\CortexM3\ARM_GCC_493\Debug\lab4.a(cyPm.o)
 .text.CyPmReadStatus
                0x00000000       0x30 .\CortexM3\ARM_GCC_493\Debug\lab4.a(cyPm.o)
 .text.CyPmCtwSetInterval
                0x00000000       0x5c .\CortexM3\ARM_GCC_493\Debug\lab4.a(cyPm.o)
 .text.CyPmOppsSet
                0x00000000       0x2c .\CortexM3\ARM_GCC_493\Debug\lab4.a(cyPm.o)
 .text.CyPmFtwSetInterval
                0x00000000       0x5c .\CortexM3\ARM_GCC_493\Debug\lab4.a(cyPm.o)
 .rodata        0x00000000       0x10 .\CortexM3\ARM_GCC_493\Debug\lab4.a(cyPm.o)
 .text          0x00000000        0x0 .\CortexM3\ARM_GCC_493\Debug\lab4.a(USBUART.o)
 .data          0x00000000        0x0 .\CortexM3\ARM_GCC_493\Debug\lab4.a(USBUART.o)
 .text.USBUART_Stop
                0x00000000       0x94 .\CortexM3\ARM_GCC_493\Debug\lab4.a(USBUART.o)
 .text.USBUART_CheckActivity
                0x00000000       0x20 .\CortexM3\ARM_GCC_493\Debug\lab4.a(USBUART.o)
 .text.USBUART_IsConfigurationChanged
                0x00000000       0x20 .\CortexM3\ARM_GCC_493\Debug\lab4.a(USBUART.o)
 .text.USBUART_GetInterfaceSetting
                0x00000000        0xc .\CortexM3\ARM_GCC_493\Debug\lab4.a(USBUART.o)
 .text.USBUART_DisableOutEP
                0x00000000       0x18 .\CortexM3\ARM_GCC_493\Debug\lab4.a(USBUART.o)
 .text.USBUART_Force
                0x00000000        0xc .\CortexM3\ARM_GCC_493\Debug\lab4.a(USBUART.o)
 .text.USBUART_GetEPAckState
                0x00000000       0x20 .\CortexM3\ARM_GCC_493\Debug\lab4.a(USBUART.o)
 .text.USBUART_SetPowerStatus
                0x00000000       0x20 .\CortexM3\ARM_GCC_493\Debug\lab4.a(USBUART.o)
 .text.USBUART_RWUEnabled
                0x00000000       0x18 .\CortexM3\ARM_GCC_493\Debug\lab4.a(USBUART.o)
 .text.USBUART_GetDeviceAddress
                0x00000000       0x10 .\CortexM3\ARM_GCC_493\Debug\lab4.a(USBUART.o)
 .text.USBUART_EnableSofInt
                0x00000000       0x10 .\CortexM3\ARM_GCC_493\Debug\lab4.a(USBUART.o)
 .text.USBUART_DisableSofInt
                0x00000000       0x10 .\CortexM3\ARM_GCC_493\Debug\lab4.a(USBUART.o)
 .text          0x00000000        0x0 .\CortexM3\ARM_GCC_493\Debug\lab4.a(USBUART_cdc.o)
 .text.USBUART_StrLen
                0x00000000       0x14 .\CortexM3\ARM_GCC_493\Debug\lab4.a(USBUART_cdc.o)
 .text.USBUART_PutString
                0x00000000       0x9c .\CortexM3\ARM_GCC_493\Debug\lab4.a(USBUART_cdc.o)
 .text.USBUART_PutCRLF
                0x00000000       0x30 .\CortexM3\ARM_GCC_493\Debug\lab4.a(USBUART_cdc.o)
 .text.USBUART_GetCount
                0x00000000       0x34 .\CortexM3\ARM_GCC_493\Debug\lab4.a(USBUART_cdc.o)
 .text.USBUART_GetData
                0x00000000       0x20 .\CortexM3\ARM_GCC_493\Debug\lab4.a(USBUART_cdc.o)
 .text.USBUART_GetAll
                0x00000000       0x30 .\CortexM3\ARM_GCC_493\Debug\lab4.a(USBUART_cdc.o)
 .text.USBUART_IsLineChanged
                0x00000000       0x38 .\CortexM3\ARM_GCC_493\Debug\lab4.a(USBUART_cdc.o)
 .text.USBUART_GetDTERate
                0x00000000       0x30 .\CortexM3\ARM_GCC_493\Debug\lab4.a(USBUART_cdc.o)
 .text.USBUART_GetCharFormat
                0x00000000       0x18 .\CortexM3\ARM_GCC_493\Debug\lab4.a(USBUART_cdc.o)
 .text.USBUART_GetParityType
                0x00000000       0x18 .\CortexM3\ARM_GCC_493\Debug\lab4.a(USBUART_cdc.o)
 .text.USBUART_GetDataBits
                0x00000000       0x18 .\CortexM3\ARM_GCC_493\Debug\lab4.a(USBUART_cdc.o)
 .text.USBUART_GetLineControl
                0x00000000       0x18 .\CortexM3\ARM_GCC_493\Debug\lab4.a(USBUART_cdc.o)
 .text.USBUART_SendSerialState
                0x00000000       0x64 .\CortexM3\ARM_GCC_493\Debug\lab4.a(USBUART_cdc.o)
 .text.USBUART_GetSerialState
                0x00000000       0x18 .\CortexM3\ARM_GCC_493\Debug\lab4.a(USBUART_cdc.o)
 .text.USBUART_NotificationIsReady
                0x00000000       0x24 .\CortexM3\ARM_GCC_493\Debug\lab4.a(USBUART_cdc.o)
 .text.USBUART_SetComPort
                0x00000000       0x18 .\CortexM3\ARM_GCC_493\Debug\lab4.a(USBUART_cdc.o)
 .text.USBUART_GetComPort
                0x00000000        0xc .\CortexM3\ARM_GCC_493\Debug\lab4.a(USBUART_cdc.o)
 .rodata        0x00000000        0x4 .\CortexM3\ARM_GCC_493\Debug\lab4.a(USBUART_cdc.o)
 .text          0x00000000        0x0 .\CortexM3\ARM_GCC_493\Debug\lab4.a(USBUART_drv.o)
 .data          0x00000000        0x0 .\CortexM3\ARM_GCC_493\Debug\lab4.a(USBUART_drv.o)
 .bss           0x00000000        0x0 .\CortexM3\ARM_GCC_493\Debug\lab4.a(USBUART_drv.o)
 .text          0x00000000        0x0 .\CortexM3\ARM_GCC_493\Debug\lab4.a(USBUART_episr.o)
 .data          0x00000000        0x0 .\CortexM3\ARM_GCC_493\Debug\lab4.a(USBUART_episr.o)
 .bss           0x00000000        0x0 .\CortexM3\ARM_GCC_493\Debug\lab4.a(USBUART_episr.o)
 .text          0x00000000        0x0 .\CortexM3\ARM_GCC_493\Debug\lab4.a(USBUART_pm.o)
 .data          0x00000000        0x0 .\CortexM3\ARM_GCC_493\Debug\lab4.a(USBUART_pm.o)
 .bss           0x00000000        0x4 .\CortexM3\ARM_GCC_493\Debug\lab4.a(USBUART_pm.o)
 .text.USBUART_SaveConfig
                0x00000000        0x4 .\CortexM3\ARM_GCC_493\Debug\lab4.a(USBUART_pm.o)
 .text.USBUART_RestoreConfig
                0x00000000       0x1c .\CortexM3\ARM_GCC_493\Debug\lab4.a(USBUART_pm.o)
 .text.USBUART_Suspend
                0x00000000       0xc8 .\CortexM3\ARM_GCC_493\Debug\lab4.a(USBUART_pm.o)
 .text.USBUART_Resume
                0x00000000       0xbc .\CortexM3\ARM_GCC_493\Debug\lab4.a(USBUART_pm.o)
 .text          0x00000000        0x0 .\CortexM3\ARM_GCC_493\Debug\lab4.a(USBUART_std.o)
 .data          0x00000000        0x0 .\CortexM3\ARM_GCC_493\Debug\lab4.a(USBUART_std.o)
 .text.USBUART_EpStateInit
                0x00000000       0x40 .\CortexM3\ARM_GCC_493\Debug\lab4.a(USBUART_std.o)
 .text.USBUART_TerminateEP
                0x00000000       0x4c .\CortexM3\ARM_GCC_493\Debug\lab4.a(USBUART_std.o)
 .text          0x00000000        0x0 .\CortexM3\ARM_GCC_493\Debug\lab4.a(USBUART_vnd.o)
 .data          0x00000000        0x0 .\CortexM3\ARM_GCC_493\Debug\lab4.a(USBUART_vnd.o)
 .bss           0x00000000        0x0 .\CortexM3\ARM_GCC_493\Debug\lab4.a(USBUART_vnd.o)
 .text          0x00000000        0x0 .\CortexM3\ARM_GCC_493\Debug\lab4.a(USBUART_Dp.o)
 .data          0x00000000        0x0 .\CortexM3\ARM_GCC_493\Debug\lab4.a(USBUART_Dp.o)
 .bss           0x00000000        0x0 .\CortexM3\ARM_GCC_493\Debug\lab4.a(USBUART_Dp.o)
 .text.USBUART_Dp_Write
                0x00000000       0x18 .\CortexM3\ARM_GCC_493\Debug\lab4.a(USBUART_Dp.o)
 .text.USBUART_Dp_SetDriveMode
                0x00000000       0x18 .\CortexM3\ARM_GCC_493\Debug\lab4.a(USBUART_Dp.o)
 .text.USBUART_Dp_Read
                0x00000000       0x10 .\CortexM3\ARM_GCC_493\Debug\lab4.a(USBUART_Dp.o)
 .text.USBUART_Dp_ReadDataReg
                0x00000000       0x10 .\CortexM3\ARM_GCC_493\Debug\lab4.a(USBUART_Dp.o)
 .text.USBUART_Dp_SetInterruptMode
                0x00000000       0x14 .\CortexM3\ARM_GCC_493\Debug\lab4.a(USBUART_Dp.o)
 .text          0x00000000        0x0 .\CortexM3\ARM_GCC_493\Debug\lab4.a(CyFlash.o)
 .data          0x00000000        0x0 .\CortexM3\ARM_GCC_493\Debug\lab4.a(CyFlash.o)
 .bss           0x00000000        0x4 .\CortexM3\ARM_GCC_493\Debug\lab4.a(CyFlash.o)
 .text.CyFlashGetSpcAlgorithm
                0x00000000       0x4c .\CortexM3\ARM_GCC_493\Debug\lab4.a(CyFlash.o)
 .text.CySetTempInt
                0x00000000       0x60 .\CortexM3\ARM_GCC_493\Debug\lab4.a(CyFlash.o)
 .text.CyFlash_Start
                0x00000000       0x54 .\CortexM3\ARM_GCC_493\Debug\lab4.a(CyFlash.o)
 .text.CyFlash_Stop
                0x00000000       0x24 .\CortexM3\ARM_GCC_493\Debug\lab4.a(CyFlash.o)
 .text.CySetTemp
                0x00000000       0x14 .\CortexM3\ARM_GCC_493\Debug\lab4.a(CyFlash.o)
 .text.CySetFlashEEBuffer
                0x00000000       0x28 .\CortexM3\ARM_GCC_493\Debug\lab4.a(CyFlash.o)
 .text.CyWriteRowFull
                0x00000000       0xf8 .\CortexM3\ARM_GCC_493\Debug\lab4.a(CyFlash.o)
 .text.CyWriteRowData
                0x00000000       0x14 .\CortexM3\ARM_GCC_493\Debug\lab4.a(CyFlash.o)
 .text.CyFlash_SetWaitCycles
                0x00000000       0x7c .\CortexM3\ARM_GCC_493\Debug\lab4.a(CyFlash.o)
 .text.CyEEPROM_Start
                0x00000000       0x54 .\CortexM3\ARM_GCC_493\Debug\lab4.a(CyFlash.o)
 .text.CyEEPROM_Stop
                0x00000000       0x24 .\CortexM3\ARM_GCC_493\Debug\lab4.a(CyFlash.o)
 .text.CyEEPROM_ReadReserve
                0x00000000       0x1c .\CortexM3\ARM_GCC_493\Debug\lab4.a(CyFlash.o)
 .text.CyEEPROM_ReadRelease
                0x00000000       0x10 .\CortexM3\ARM_GCC_493\Debug\lab4.a(CyFlash.o)
 COMMON         0x00000000        0x2 .\CortexM3\ARM_GCC_493\Debug\lab4.a(CyFlash.o)
 .text          0x00000000        0x0 .\CortexM3\ARM_GCC_493\Debug\lab4.a(CySpc.o)
 .data          0x00000000        0x0 .\CortexM3\ARM_GCC_493\Debug\lab4.a(CySpc.o)
 .bss           0x00000000        0x8 .\CortexM3\ARM_GCC_493\Debug\lab4.a(CySpc.o)
 .text.CySpcStart
                0x00000000       0x24 .\CortexM3\ARM_GCC_493\Debug\lab4.a(CySpc.o)
 .text.CySpcStop
                0x00000000       0x24 .\CortexM3\ARM_GCC_493\Debug\lab4.a(CySpc.o)
 .text.CySpcReadData
                0x00000000       0x34 .\CortexM3\ARM_GCC_493\Debug\lab4.a(CySpc.o)
 .text.CySpcLoadMultiByte
                0x00000000       0x78 .\CortexM3\ARM_GCC_493\Debug\lab4.a(CySpc.o)
 .text.CySpcLoadRow
                0x00000000       0x54 .\CortexM3\ARM_GCC_493\Debug\lab4.a(CySpc.o)
 .text.CySpcLoadRowFull
                0x00000000       0x80 .\CortexM3\ARM_GCC_493\Debug\lab4.a(CySpc.o)
 .text.CySpcWriteRow
                0x00000000       0x4c .\CortexM3\ARM_GCC_493\Debug\lab4.a(CySpc.o)
 .text.CySpcEraseSector
                0x00000000       0x3c .\CortexM3\ARM_GCC_493\Debug\lab4.a(CySpc.o)
 .text.CySpcGetTemp
                0x00000000       0x3c .\CortexM3\ARM_GCC_493\Debug\lab4.a(CySpc.o)
 .text.CySpcLock
                0x00000000       0x4c .\CortexM3\ARM_GCC_493\Debug\lab4.a(CySpc.o)
 .text.CySpcUnlock
                0x00000000       0x38 .\CortexM3\ARM_GCC_493\Debug\lab4.a(CySpc.o)
 .text.CySpcGetAlgorithm
                0x00000000       0x28 .\CortexM3\ARM_GCC_493\Debug\lab4.a(CySpc.o)
 .text          0x00000000        0x0 .\CortexM3\ARM_GCC_493\Debug\lab4.a(USBUART_cls.o)
 .data          0x00000000        0x0 .\CortexM3\ARM_GCC_493\Debug\lab4.a(USBUART_cls.o)
 .bss           0x00000000        0x0 .\CortexM3\ARM_GCC_493\Debug\lab4.a(USBUART_cls.o)
 .text          0x00000000        0x0 .\CortexM3\ARM_GCC_493\Debug\lab4.a(USBUART_descr.o)
 .data          0x00000000        0x0 .\CortexM3\ARM_GCC_493\Debug\lab4.a(USBUART_descr.o)
 .bss           0x00000000        0x0 .\CortexM3\ARM_GCC_493\Debug\lab4.a(USBUART_descr.o)
 .text          0x00000000        0x0 c:/program files (x86)/cypress/psoc creator/3.3/psoc creator/import/gnu/arm/4.9.3/bin/../lib/gcc/arm-none-eabi/4.9.3/../../../../arm-none-eabi/lib/armv7-m\libg_nano.a(lib_a-errno.o)
 .data          0x00000000        0x0 c:/program files (x86)/cypress/psoc creator/3.3/psoc creator/import/gnu/arm/4.9.3/bin/../lib/gcc/arm-none-eabi/4.9.3/../../../../arm-none-eabi/lib/armv7-m\libg_nano.a(lib_a-errno.o)
 .bss           0x00000000        0x0 c:/program files (x86)/cypress/psoc creator/3.3/psoc creator/import/gnu/arm/4.9.3/bin/../lib/gcc/arm-none-eabi/4.9.3/../../../../arm-none-eabi/lib/armv7-m\libg_nano.a(lib_a-errno.o)
 .text.__errno  0x00000000        0xc c:/program files (x86)/cypress/psoc creator/3.3/psoc creator/import/gnu/arm/4.9.3/bin/../lib/gcc/arm-none-eabi/4.9.3/../../../../arm-none-eabi/lib/armv7-m\libg_nano.a(lib_a-errno.o)
 .text          0x00000000        0x0 c:/program files (x86)/cypress/psoc creator/3.3/psoc creator/import/gnu/arm/4.9.3/bin/../lib/gcc/arm-none-eabi/4.9.3/../../../../arm-none-eabi/lib/armv7-m\libg_nano.a(lib_a-exit.o)
 .data          0x00000000        0x0 c:/program files (x86)/cypress/psoc creator/3.3/psoc creator/import/gnu/arm/4.9.3/bin/../lib/gcc/arm-none-eabi/4.9.3/../../../../arm-none-eabi/lib/armv7-m\libg_nano.a(lib_a-exit.o)
 .bss           0x00000000        0x0 c:/program files (x86)/cypress/psoc creator/3.3/psoc creator/import/gnu/arm/4.9.3/bin/../lib/gcc/arm-none-eabi/4.9.3/../../../../arm-none-eabi/lib/armv7-m\libg_nano.a(lib_a-exit.o)
 .text.exit     0x00000000       0x28 c:/program files (x86)/cypress/psoc creator/3.3/psoc creator/import/gnu/arm/4.9.3/bin/../lib/gcc/arm-none-eabi/4.9.3/../../../../arm-none-eabi/lib/armv7-m\libg_nano.a(lib_a-exit.o)
 .text          0x00000000        0x0 c:/program files (x86)/cypress/psoc creator/3.3/psoc creator/import/gnu/arm/4.9.3/bin/../lib/gcc/arm-none-eabi/4.9.3/../../../../arm-none-eabi/lib/armv7-m\libg_nano.a(lib_a-impure.o)
 .data          0x00000000        0x0 c:/program files (x86)/cypress/psoc creator/3.3/psoc creator/import/gnu/arm/4.9.3/bin/../lib/gcc/arm-none-eabi/4.9.3/../../../../arm-none-eabi/lib/armv7-m\libg_nano.a(lib_a-impure.o)
 .bss           0x00000000        0x0 c:/program files (x86)/cypress/psoc creator/3.3/psoc creator/import/gnu/arm/4.9.3/bin/../lib/gcc/arm-none-eabi/4.9.3/../../../../arm-none-eabi/lib/armv7-m\libg_nano.a(lib_a-impure.o)
 .data.impure_data
                0x00000000       0x60 c:/program files (x86)/cypress/psoc creator/3.3/psoc creator/import/gnu/arm/4.9.3/bin/../lib/gcc/arm-none-eabi/4.9.3/../../../../arm-none-eabi/lib/armv7-m\libg_nano.a(lib_a-impure.o)
 .data._impure_ptr
                0x00000000        0x4 c:/program files (x86)/cypress/psoc creator/3.3/psoc creator/import/gnu/arm/4.9.3/bin/../lib/gcc/arm-none-eabi/4.9.3/../../../../arm-none-eabi/lib/armv7-m\libg_nano.a(lib_a-impure.o)
 .rodata.str1.1
                0x00000000        0x2 c:/program files (x86)/cypress/psoc creator/3.3/psoc creator/import/gnu/arm/4.9.3/bin/../lib/gcc/arm-none-eabi/4.9.3/../../../../arm-none-eabi/lib/armv7-m\libg_nano.a(lib_a-impure.o)
 .rodata._global_impure_ptr
                0x00000000        0x4 c:/program files (x86)/cypress/psoc creator/3.3/psoc creator/import/gnu/arm/4.9.3/bin/../lib/gcc/arm-none-eabi/4.9.3/../../../../arm-none-eabi/lib/armv7-m\libg_nano.a(lib_a-impure.o)
 .text          0x00000000        0x0 c:/program files (x86)/cypress/psoc creator/3.3/psoc creator/import/gnu/arm/4.9.3/bin/../lib/gcc/arm-none-eabi/4.9.3/../../../../arm-none-eabi/lib/armv7-m\libg_nano.a(lib_a-init.o)
 .data          0x00000000        0x0 c:/program files (x86)/cypress/psoc creator/3.3/psoc creator/import/gnu/arm/4.9.3/bin/../lib/gcc/arm-none-eabi/4.9.3/../../../../arm-none-eabi/lib/armv7-m\libg_nano.a(lib_a-init.o)
 .bss           0x00000000        0x0 c:/program files (x86)/cypress/psoc creator/3.3/psoc creator/import/gnu/arm/4.9.3/bin/../lib/gcc/arm-none-eabi/4.9.3/../../../../arm-none-eabi/lib/armv7-m\libg_nano.a(lib_a-init.o)
 .text          0x00000000        0x0 c:/program files (x86)/cypress/psoc creator/3.3/psoc creator/import/gnu/arm/4.9.3/bin/../lib/gcc/arm-none-eabi/4.9.3/../../../../arm-none-eabi/lib/armv7-m\libg_nano.a(lib_a-memcpy.o)
 .data          0x00000000        0x0 c:/program files (x86)/cypress/psoc creator/3.3/psoc creator/import/gnu/arm/4.9.3/bin/../lib/gcc/arm-none-eabi/4.9.3/../../../../arm-none-eabi/lib/armv7-m\libg_nano.a(lib_a-memcpy.o)
 .bss           0x00000000        0x0 c:/program files (x86)/cypress/psoc creator/3.3/psoc creator/import/gnu/arm/4.9.3/bin/../lib/gcc/arm-none-eabi/4.9.3/../../../../arm-none-eabi/lib/armv7-m\libg_nano.a(lib_a-memcpy.o)
 .text          0x00000000        0x0 c:/program files (x86)/cypress/psoc creator/3.3/psoc creator/import/gnu/arm/4.9.3/bin/../lib/gcc/arm-none-eabi/4.9.3/../../../../arm-none-eabi/lib/armv7-m\libg_nano.a(lib_a-memset.o)
 .data          0x00000000        0x0 c:/program files (x86)/cypress/psoc creator/3.3/psoc creator/import/gnu/arm/4.9.3/bin/../lib/gcc/arm-none-eabi/4.9.3/../../../../arm-none-eabi/lib/armv7-m\libg_nano.a(lib_a-memset.o)
 .bss           0x00000000        0x0 c:/program files (x86)/cypress/psoc creator/3.3/psoc creator/import/gnu/arm/4.9.3/bin/../lib/gcc/arm-none-eabi/4.9.3/../../../../arm-none-eabi/lib/armv7-m\libg_nano.a(lib_a-memset.o)
 .text          0x00000000        0x0 c:/program files (x86)/cypress/psoc creator/3.3/psoc creator/import/gnu/arm/4.9.3/bin/../lib/gcc/arm-none-eabi/4.9.3/../../../../arm-none-eabi/lib/armv7-m\libg_nano.a(lib_a-strcpy.o)
 .data          0x00000000        0x0 c:/program files (x86)/cypress/psoc creator/3.3/psoc creator/import/gnu/arm/4.9.3/bin/../lib/gcc/arm-none-eabi/4.9.3/../../../../arm-none-eabi/lib/armv7-m\libg_nano.a(lib_a-strcpy.o)
 .bss           0x00000000        0x0 c:/program files (x86)/cypress/psoc creator/3.3/psoc creator/import/gnu/arm/4.9.3/bin/../lib/gcc/arm-none-eabi/4.9.3/../../../../arm-none-eabi/lib/armv7-m\libg_nano.a(lib_a-strcpy.o)
 .text          0x00000000        0x0 c:/program files (x86)/cypress/psoc creator/3.3/psoc creator/import/gnu/arm/4.9.3/bin/../lib/gcc/arm-none-eabi/4.9.3/../../../../arm-none-eabi/lib/armv7-m\libg_nano.a(lib_a-strlen.o)
 .data          0x00000000        0x0 c:/program files (x86)/cypress/psoc creator/3.3/psoc creator/import/gnu/arm/4.9.3/bin/../lib/gcc/arm-none-eabi/4.9.3/../../../../arm-none-eabi/lib/armv7-m\libg_nano.a(lib_a-strlen.o)
 .bss           0x00000000        0x0 c:/program files (x86)/cypress/psoc creator/3.3/psoc creator/import/gnu/arm/4.9.3/bin/../lib/gcc/arm-none-eabi/4.9.3/../../../../arm-none-eabi/lib/armv7-m\libg_nano.a(lib_a-strlen.o)
 .text          0x00000000        0x0 c:/program files (x86)/cypress/psoc creator/3.3/psoc creator/import/gnu/arm/4.9.3/bin/../lib/gcc/arm-none-eabi/4.9.3/armv7-m/crtend.o
 .data          0x00000000        0x0 c:/program files (x86)/cypress/psoc creator/3.3/psoc creator/import/gnu/arm/4.9.3/bin/../lib/gcc/arm-none-eabi/4.9.3/armv7-m/crtend.o
 .bss           0x00000000        0x0 c:/program files (x86)/cypress/psoc creator/3.3/psoc creator/import/gnu/arm/4.9.3/bin/../lib/gcc/arm-none-eabi/4.9.3/armv7-m/crtend.o
 .text          0x00000000        0x0 c:/program files (x86)/cypress/psoc creator/3.3/psoc creator/import/gnu/arm/4.9.3/bin/../lib/gcc/arm-none-eabi/4.9.3/armv7-m/crtn.o
 .data          0x00000000        0x0 c:/program files (x86)/cypress/psoc creator/3.3/psoc creator/import/gnu/arm/4.9.3/bin/../lib/gcc/arm-none-eabi/4.9.3/armv7-m/crtn.o
 .bss           0x00000000        0x0 c:/program files (x86)/cypress/psoc creator/3.3/psoc creator/import/gnu/arm/4.9.3/bin/../lib/gcc/arm-none-eabi/4.9.3/armv7-m/crtn.o

Memory Configuration

Name             Origin             Length             Attributes
rom              0x00000000         0x00040000         xr
ram              0x1fff8000         0x00010000         xrw
*default*        0x00000000         0xffffffff

Linker script and memory map

LOAD c:/program files (x86)/cypress/psoc creator/3.3/psoc creator/import/gnu/arm/4.9.3/bin/../lib/gcc/arm-none-eabi/4.9.3/armv7-m/crti.o
LOAD c:/program files (x86)/cypress/psoc creator/3.3/psoc creator/import/gnu/arm/4.9.3/bin/../lib/gcc/arm-none-eabi/4.9.3/armv7-m/crtbegin.o
LOAD c:/program files (x86)/cypress/psoc creator/3.3/psoc creator/import/gnu/arm/4.9.3/bin/../lib/gcc/arm-none-eabi/4.9.3/../../../../arm-none-eabi/lib/armv7-m/crt0.o
START GROUP
LOAD .\CortexM3\ARM_GCC_493\Debug\main.o
LOAD .\CortexM3\ARM_GCC_493\Debug\cymetadata.o
LOAD .\CortexM3\ARM_GCC_493\Debug\Cm3Start.o
LOAD .\CortexM3\ARM_GCC_493\Debug\lab4.a
LOAD C:\Program Files (x86)\Cypress\PSoC Creator\3.3\PSoC Creator\psoc\content\cycomponentlibrary\CyComponentLibrary.cylib\CortexM3\ARM_GCC_493\Debug\CyComponentLibrary.a
END GROUP
START GROUP
LOAD c:/program files (x86)/cypress/psoc creator/3.3/psoc creator/import/gnu/arm/4.9.3/bin/../lib/gcc/arm-none-eabi/4.9.3/armv7-m\libgcc.a
LOAD c:/program files (x86)/cypress/psoc creator/3.3/psoc creator/import/gnu/arm/4.9.3/bin/../lib/gcc/arm-none-eabi/4.9.3/../../../../arm-none-eabi/lib/armv7-m\libg_nano.a
LOAD c:/program files (x86)/cypress/psoc creator/3.3/psoc creator/import/gnu/arm/4.9.3/bin/../lib/gcc/arm-none-eabi/4.9.3/../../../../arm-none-eabi/lib/armv7-m\libc_nano.a
END GROUP
START GROUP
LOAD c:/program files (x86)/cypress/psoc creator/3.3/psoc creator/import/gnu/arm/4.9.3/bin/../lib/gcc/arm-none-eabi/4.9.3/armv7-m\libgcc.a
LOAD c:/program files (x86)/cypress/psoc creator/3.3/psoc creator/import/gnu/arm/4.9.3/bin/../lib/gcc/arm-none-eabi/4.9.3/../../../../arm-none-eabi/lib/armv7-m\libc_nano.a
END GROUP
LOAD c:/program files (x86)/cypress/psoc creator/3.3/psoc creator/import/gnu/arm/4.9.3/bin/../lib/gcc/arm-none-eabi/4.9.3/armv7-m/crtend.o
LOAD c:/program files (x86)/cypress/psoc creator/3.3/psoc creator/import/gnu/arm/4.9.3/bin/../lib/gcc/arm-none-eabi/4.9.3/armv7-m/crtn.o
START GROUP
LOAD c:/program files (x86)/cypress/psoc creator/3.3/psoc creator/import/gnu/arm/4.9.3/bin/../lib/gcc/arm-none-eabi/4.9.3/armv7-m\libgcc.a
LOAD c:/program files (x86)/cypress/psoc creator/3.3/psoc creator/import/gnu/arm/4.9.3/bin/../lib/gcc/arm-none-eabi/4.9.3/../../../../arm-none-eabi/lib/armv7-m\libc.a
LOAD c:/program files (x86)/cypress/psoc creator/3.3/psoc creator/import/gnu/arm/4.9.3/bin/../lib/gcc/arm-none-eabi/4.9.3/../../../../arm-none-eabi/lib/armv7-m\libnosys.a
END GROUP
                0x00000000                CY_APPL_ORIGIN = 0x0
                0x00000100                CY_FLASH_ROW_SIZE = 0x100
                0x00000020                CY_ECC_ROW_SIZE = 0x20
                0x00000000                CY_EE_IN_BTLDR = 0x0
                0x00000000                CY_APPL_LOADABLE = 0x0
                0x00000800                CY_EE_SIZE = 0x800
                0x00000001                CY_APPL_NUM = 0x1
                0x00000001                CY_APPL_MAX = 0x1
                0x00000040                CY_METADATA_SIZE = 0x40
                0x00000000                CY_APPL_LOADABLE = 0x0
                0x00000000                CY_CHECKSUM_EXCLUDE_SIZE = ALIGN (0x0, CY_FLASH_ROW_SIZE)
                0x1fff8460                PROVIDE (__cy_heap_start, _end)
                0x00000001                PROVIDE (__cy_region_num, ((__cy_regions_end - __cy_regions) / 0x10))
                0x20008000                PROVIDE (__cy_stack, (ORIGIN (ram) + 0x10000))
                0x20007800                PROVIDE (__cy_heap_end, (__cy_stack - 0x800))

.cybootloader   0x00000000        0x0
 *(.cybootloader)
                0x00000000                appl1_start = CY_APPL_ORIGIN?CY_APPL_ORIGIN:ALIGN (CY_FLASH_ROW_SIZE)
                0x0001ff00                appl2_start = (appl1_start + ALIGN ((((0x40000 - appl1_start) - (0x2 * CY_FLASH_ROW_SIZE)) / 0x2), CY_FLASH_ROW_SIZE))
                0x00000000                appl_start = (CY_APPL_NUM == 0x1)?appl1_start:appl2_start
                0x00000000                ecc_offset = ((appl_start / CY_FLASH_ROW_SIZE) * CY_ECC_ROW_SIZE)
                0x00000000                ee_offset = (CY_APPL_LOADABLE && ! (CY_EE_IN_BTLDR))?((CY_EE_SIZE / CY_APPL_MAX) * (CY_APPL_NUM - 0x1)):0x0
                0x00000800                ee_size = (CY_APPL_LOADABLE && ! (CY_EE_IN_BTLDR))?(CY_EE_SIZE / CY_APPL_MAX):CY_EE_SIZE
                0x00000000                PROVIDE (CY_ECC_OFFSET, ecc_offset)

.text           0x00000000     0x1b1a
 CREATE_OBJECT_SYMBOLS
                0x00000000                PROVIDE (__cy_interrupt_vector, RomVectors)
 *(.romvectors)
 .romvectors    0x00000000       0x10 .\CortexM3\ARM_GCC_493\Debug\Cm3Start.o
                0x00000000                RomVectors
                0x00000001                ASSERT ((. != __cy_interrupt_vector), No interrupt vector)
                0x00000001                ASSERT (CY_APPL_ORIGIN?(SIZEOF (.cybootloader) <= CY_APPL_ORIGIN):0x1, Wrong image location)
                0x00000010                PROVIDE (__cy_reset, Reset)
 *(.text.Reset)
 .text.Reset    0x00000010       0x18 .\CortexM3\ARM_GCC_493\Debug\Cm3Start.o
                0x00000010                Reset
                0x00000001                ASSERT ((. != __cy_reset), No reset code)
 *(.dma_init)
                0x00000001                ASSERT ((((appl_start + .) <= 0x10000) || 0x1), DMA Init must be within the first 64k of flash)
 *(.text .text.* .gnu.linkonce.t.*)
 .text          0x00000028       0x5c c:/program files (x86)/cypress/psoc creator/3.3/psoc creator/import/gnu/arm/4.9.3/bin/../lib/gcc/arm-none-eabi/4.9.3/armv7-m/crtbegin.o
 .text.usbPutString
                0x00000084       0x28 .\CortexM3\ARM_GCC_493\Debug\main.o
                0x00000084                usbPutString
 .text.usbPutChar
                0x000000ac       0x14 .\CortexM3\ARM_GCC_493\Debug\main.o
                0x000000ac                usbPutChar
 .text.handle_usb
                0x000000c0       0x84 .\CortexM3\ARM_GCC_493\Debug\main.o
                0x000000c0                handle_usb
 .text.main     0x00000144       0x48 .\CortexM3\ARM_GCC_493\Debug\main.o
                0x00000144                main
 .text.IntDefaultHandler
                0x0000018c        0x4 .\CortexM3\ARM_GCC_493\Debug\Cm3Start.o
                0x0000018c                IntDefaultHandler
 .text.Start_c  0x00000190       0x4c .\CortexM3\ARM_GCC_493\Debug\Cm3Start.o
                0x00000190                Start_c
 .text.initialize_psoc
                0x000001dc       0x74 .\CortexM3\ARM_GCC_493\Debug\Cm3Start.o
                0x000001dc                initialize_psoc
 .text.cfg_write_bytes32
                0x00000250       0x34 .\CortexM3\ARM_GCC_493\Debug\lab4.a(cyfitter_cfg.o)
 .text.AnalogSetDefault
                0x00000284       0x28 .\CortexM3\ARM_GCC_493\Debug\lab4.a(cyfitter_cfg.o)
 .text.CYMEMZERO
                0x000002ac        0xc .\CortexM3\ARM_GCC_493\Debug\lab4.a(cyfitter_cfg.o)
 .text.ClockSetup
                0x000002b8       0xb0 .\CortexM3\ARM_GCC_493\Debug\lab4.a(cyfitter_cfg.o)
 .text.CYCONFIGCPY
                0x00000368        0x8 .\CortexM3\ARM_GCC_493\Debug\lab4.a(cyfitter_cfg.o)
 .text.cyfitter_cfg
                0x00000370       0xd4 .\CortexM3\ARM_GCC_493\Debug\lab4.a(cyfitter_cfg.o)
                0x00000370                cyfitter_cfg
 *fill*         0x00000444        0x4 
 .text          0x00000448       0x20 .\CortexM3\ARM_GCC_493\Debug\lab4.a(CyBootAsmGnu.o)
                0x00000448                CyDelayCycles
                0x00000458                CyEnterCriticalSection
                0x00000460                CyExitCriticalSection
 .text.CyHalt   0x00000468        0x4 .\CortexM3\ARM_GCC_493\Debug\lab4.a(CyLib.o)
                0x00000468                CyHalt
 .text.CyDelayUs
                0x0000046c       0x14 .\CortexM3\ARM_GCC_493\Debug\lab4.a(CyLib.o)
                0x0000046c                CyDelayUs
 .text.CyIntSetVector
                0x00000480       0x28 .\CortexM3\ARM_GCC_493\Debug\lab4.a(CyLib.o)
                0x00000480                CyIntSetVector
 .text.CyIntSetPriority
                0x000004a8       0x30 .\CortexM3\ARM_GCC_493\Debug\lab4.a(CyLib.o)
                0x000004a8                CyIntSetPriority
 .text.CyGetUniqueId
                0x000004d8       0x70 .\CortexM3\ARM_GCC_493\Debug\lab4.a(CyLib.o)
                0x000004d8                CyGetUniqueId
 .text.USBUART_Init
                0x00000548      0x140 .\CortexM3\ARM_GCC_493\Debug\lab4.a(USBUART.o)
                0x00000548                USBUART_Init
 .text.USBUART_InitComponent
                0x00000688       0xb8 .\CortexM3\ARM_GCC_493\Debug\lab4.a(USBUART.o)
                0x00000688                USBUART_InitComponent
 .text.USBUART_Start
                0x00000740       0x24 .\CortexM3\ARM_GCC_493\Debug\lab4.a(USBUART.o)
                0x00000740                USBUART_Start
 .text.USBUART_ReInitComponent
                0x00000764       0x4c .\CortexM3\ARM_GCC_493\Debug\lab4.a(USBUART.o)
                0x00000764                USBUART_ReInitComponent
 .text.USBUART_GetConfiguration
                0x000007b0        0xc .\CortexM3\ARM_GCC_493\Debug\lab4.a(USBUART.o)
                0x000007b0                USBUART_GetConfiguration
 .text.USBUART_GetEPState
                0x000007bc       0x14 .\CortexM3\ARM_GCC_493\Debug\lab4.a(USBUART.o)
                0x000007bc                USBUART_GetEPState
 .text.USBUART_GetEPCount
                0x000007d0       0x28 .\CortexM3\ARM_GCC_493\Debug\lab4.a(USBUART.o)
                0x000007d0                USBUART_GetEPCount
 .text.USBUART_LoadInEP
                0x000007f8       0x94 .\CortexM3\ARM_GCC_493\Debug\lab4.a(USBUART.o)
                0x000007f8                USBUART_LoadInEP
 .text.USBUART_EnableOutEP
                0x0000088c       0x2c .\CortexM3\ARM_GCC_493\Debug\lab4.a(USBUART.o)
                0x0000088c                USBUART_EnableOutEP
 .text.USBUART_ReadOutEP
                0x000008b8       0x50 .\CortexM3\ARM_GCC_493\Debug\lab4.a(USBUART.o)
                0x000008b8                USBUART_ReadOutEP
 .text.USBUART_GetInterfaceComPort
                0x00000908       0x3c .\CortexM3\ARM_GCC_493\Debug\lab4.a(USBUART_cdc.o)
                0x00000908                USBUART_GetInterfaceComPort
 .text.USBUART_DispatchCDCClassRqst
                0x00000944       0x98 .\CortexM3\ARM_GCC_493\Debug\lab4.a(USBUART_cdc.o)
                0x00000944                USBUART_DispatchCDCClassRqst
 .text.USBUART_CDC_Init
                0x000009dc       0x98 .\CortexM3\ARM_GCC_493\Debug\lab4.a(USBUART_cdc.o)
                0x000009dc                USBUART_CDC_Init
 .text.USBUART_PutData
                0x00000a74       0x4c .\CortexM3\ARM_GCC_493\Debug\lab4.a(USBUART_cdc.o)
                0x00000a74                USBUART_PutData
 .text.USBUART_PutChar
                0x00000ac0       0x28 .\CortexM3\ARM_GCC_493\Debug\lab4.a(USBUART_cdc.o)
                0x00000ac0                USBUART_PutChar
 .text.USBUART_DataIsReady
                0x00000ae8       0x18 .\CortexM3\ARM_GCC_493\Debug\lab4.a(USBUART_cdc.o)
                0x00000ae8                USBUART_DataIsReady
 .text.USBUART_CDCIsReady
                0x00000b00       0x18 .\CortexM3\ARM_GCC_493\Debug\lab4.a(USBUART_cdc.o)
                0x00000b00                USBUART_CDCIsReady
 .text.USBUART_GetChar
                0x00000b18       0x28 .\CortexM3\ARM_GCC_493\Debug\lab4.a(USBUART_cdc.o)
                0x00000b18                USBUART_GetChar
 .text.USBUART_Cdc_EpInit
                0x00000b40       0x50 .\CortexM3\ARM_GCC_493\Debug\lab4.a(USBUART_cdc.o)
                0x00000b40                USBUART_Cdc_EpInit
 .text.USBUART_LoadEP0
                0x00000b90       0x94 .\CortexM3\ARM_GCC_493\Debug\lab4.a(USBUART_drv.o)
                0x00000b90                USBUART_LoadEP0
 .text.USBUART_InitZeroLengthControlTransfer
                0x00000c24       0x34 .\CortexM3\ARM_GCC_493\Debug\lab4.a(USBUART_drv.o)
                0x00000c24                USBUART_InitZeroLengthControlTransfer
 .text.USBUART_ControlReadDataStage
                0x00000c58        0x8 .\CortexM3\ARM_GCC_493\Debug\lab4.a(USBUART_drv.o)
                0x00000c58                USBUART_ControlReadDataStage
 .text.USBUART_ControlWriteDataStage
                0x00000c60       0x80 .\CortexM3\ARM_GCC_493\Debug\lab4.a(USBUART_drv.o)
                0x00000c60                USBUART_ControlWriteDataStage
 .text.USBUART_InitNoDataControlTransfer
                0x00000ce0       0x2c .\CortexM3\ARM_GCC_493\Debug\lab4.a(USBUART_drv.o)
                0x00000ce0                USBUART_InitNoDataControlTransfer
 .text.USBUART_UpdateStatusBlock
                0x00000d0c       0x24 .\CortexM3\ARM_GCC_493\Debug\lab4.a(USBUART_drv.o)
                0x00000d0c                USBUART_UpdateStatusBlock
 .text.USBUART_HandleSetup
                0x00000d30       0x5c .\CortexM3\ARM_GCC_493\Debug\lab4.a(USBUART_drv.o)
                0x00000d30                USBUART_HandleSetup
 .text.USBUART_ControlReadStatusStage
                0x00000d8c       0x34 .\CortexM3\ARM_GCC_493\Debug\lab4.a(USBUART_drv.o)
                0x00000d8c                USBUART_ControlReadStatusStage
 .text.USBUART_HandleOUT
                0x00000dc0       0x38 .\CortexM3\ARM_GCC_493\Debug\lab4.a(USBUART_drv.o)
                0x00000dc0                USBUART_HandleOUT
 .text.USBUART_ControlWriteStatusStage
                0x00000df8       0x20 .\CortexM3\ARM_GCC_493\Debug\lab4.a(USBUART_drv.o)
                0x00000df8                USBUART_ControlWriteStatusStage
 .text.USBUART_NoDataControlStatusStage
                0x00000e18       0x40 .\CortexM3\ARM_GCC_493\Debug\lab4.a(USBUART_drv.o)
                0x00000e18                USBUART_NoDataControlStatusStage
 .text.USBUART_HandleIN
                0x00000e58       0x2c .\CortexM3\ARM_GCC_493\Debug\lab4.a(USBUART_drv.o)
                0x00000e58                USBUART_HandleIN
 .text.USBUART_EP_0_ISR
                0x00000e84       0xb8 .\CortexM3\ARM_GCC_493\Debug\lab4.a(USBUART_drv.o)
                0x00000e84                USBUART_EP_0_ISR
 .text.USBUART_InitializeStatusBlock
                0x00000f3c       0x24 .\CortexM3\ARM_GCC_493\Debug\lab4.a(USBUART_drv.o)
                0x00000f3c                USBUART_InitializeStatusBlock
 .text.USBUART_InitControlRead
                0x00000f60       0x50 .\CortexM3\ARM_GCC_493\Debug\lab4.a(USBUART_drv.o)
                0x00000f60                USBUART_InitControlRead
 .text.USBUART_InitControlWrite
                0x00000fb0       0x48 .\CortexM3\ARM_GCC_493\Debug\lab4.a(USBUART_drv.o)
                0x00000fb0                USBUART_InitControlWrite
 .text.USBUART_EP_1_ISR
                0x00000ff8       0x38 .\CortexM3\ARM_GCC_493\Debug\lab4.a(USBUART_episr.o)
                0x00000ff8                USBUART_EP_1_ISR
 .text.USBUART_EP_2_ISR
                0x00001030       0x3c .\CortexM3\ARM_GCC_493\Debug\lab4.a(USBUART_episr.o)
                0x00001030                USBUART_EP_2_ISR
 .text.USBUART_EP_3_ISR
                0x0000106c       0x44 .\CortexM3\ARM_GCC_493\Debug\lab4.a(USBUART_episr.o)
                0x0000106c                USBUART_EP_3_ISR
 .text.USBUART_SOF_ISR
                0x000010b0        0x4 .\CortexM3\ARM_GCC_493\Debug\lab4.a(USBUART_episr.o)
                0x000010b0                USBUART_SOF_ISR
 .text.USBUART_BUS_RESET_ISR
                0x000010b4        0x8 .\CortexM3\ARM_GCC_493\Debug\lab4.a(USBUART_episr.o)
                0x000010b4                USBUART_BUS_RESET_ISR
 .text.USBUART_DP_ISR
                0x000010bc        0x8 .\CortexM3\ARM_GCC_493\Debug\lab4.a(USBUART_pm.o)
                0x000010bc                USBUART_DP_ISR
 .text.USBUART_ReadDieID
                0x000010c4       0x6c .\CortexM3\ARM_GCC_493\Debug\lab4.a(USBUART_std.o)
                0x000010c4                USBUART_ReadDieID
 .text.USBUART_ConfigReg
                0x00001130       0xa4 .\CortexM3\ARM_GCC_493\Debug\lab4.a(USBUART_std.o)
                0x00001130                USBUART_ConfigReg
 .text.USBUART_GetConfigTablePtr
                0x000011d4       0x28 .\CortexM3\ARM_GCC_493\Debug\lab4.a(USBUART_std.o)
                0x000011d4                USBUART_GetConfigTablePtr
 .text.USBUART_ConfigAltChanged
                0x000011fc      0x11c .\CortexM3\ARM_GCC_493\Debug\lab4.a(USBUART_std.o)
                0x000011fc                USBUART_ConfigAltChanged
 .text.USBUART_GetDeviceTablePtr
                0x00001318       0x18 .\CortexM3\ARM_GCC_493\Debug\lab4.a(USBUART_std.o)
                0x00001318                USBUART_GetDeviceTablePtr
 .text.USBUART_GetInterfaceClassTablePtr
                0x00001330       0x24 .\CortexM3\ARM_GCC_493\Debug\lab4.a(USBUART_std.o)
                0x00001330                USBUART_GetInterfaceClassTablePtr
 .text.USBUART_Config
                0x00001354      0x1dc .\CortexM3\ARM_GCC_493\Debug\lab4.a(USBUART_std.o)
                0x00001354                USBUART_Config
 .text.USBUART_SetEndpointHalt
                0x00001530       0x64 .\CortexM3\ARM_GCC_493\Debug\lab4.a(USBUART_std.o)
                0x00001530                USBUART_SetEndpointHalt
 .text.USBUART_ClearEndpointHalt
                0x00001594       0xa8 .\CortexM3\ARM_GCC_493\Debug\lab4.a(USBUART_std.o)
                0x00001594                USBUART_ClearEndpointHalt
 .text.USBUART_ValidateAlternateSetting
                0x0000163c       0x4c .\CortexM3\ARM_GCC_493\Debug\lab4.a(USBUART_std.o)
                0x0000163c                USBUART_ValidateAlternateSetting
 .text.USBUART_HandleStandardRqst
                0x00001688      0x35c .\CortexM3\ARM_GCC_493\Debug\lab4.a(USBUART_std.o)
                0x00001688                USBUART_HandleStandardRqst
 .text.USBUART_HandleVendorRqst
                0x000019e4       0x3c .\CortexM3\ARM_GCC_493\Debug\lab4.a(USBUART_vnd.o)
                0x000019e4                USBUART_HandleVendorRqst
 .text.USBUART_Dp_ClearInterrupt
                0x00001a20       0x10 .\CortexM3\ARM_GCC_493\Debug\lab4.a(USBUART_Dp.o)
                0x00001a20                USBUART_Dp_ClearInterrupt
 .text.USBUART_DispatchClassRqst
                0x00001a30       0x58 .\CortexM3\ARM_GCC_493\Debug\lab4.a(USBUART_cls.o)
                0x00001a30                USBUART_DispatchClassRqst
 .text.__libc_init_array
                0x00001a88       0x4c c:/program files (x86)/cypress/psoc creator/3.3/psoc creator/import/gnu/arm/4.9.3/bin/../lib/gcc/arm-none-eabi/4.9.3/../../../../arm-none-eabi/lib/armv7-m\libg_nano.a(lib_a-init.o)
                0x00001a88                __libc_init_array
 .text.memcpy   0x00001ad4       0x16 c:/program files (x86)/cypress/psoc creator/3.3/psoc creator/import/gnu/arm/4.9.3/bin/../lib/gcc/arm-none-eabi/4.9.3/../../../../arm-none-eabi/lib/armv7-m\libg_nano.a(lib_a-memcpy.o)
                0x00001ad4                memcpy
 .text.memset   0x00001aea       0x10 c:/program files (x86)/cypress/psoc creator/3.3/psoc creator/import/gnu/arm/4.9.3/bin/../lib/gcc/arm-none-eabi/4.9.3/../../../../arm-none-eabi/lib/armv7-m\libg_nano.a(lib_a-memset.o)
                0x00001aea                memset
 .text.strcpy   0x00001afa       0x10 c:/program files (x86)/cypress/psoc creator/3.3/psoc creator/import/gnu/arm/4.9.3/bin/../lib/gcc/arm-none-eabi/4.9.3/../../../../arm-none-eabi/lib/armv7-m\libg_nano.a(lib_a-strcpy.o)
                0x00001afa                strcpy
 .text.strlen   0x00001b0a       0x10 c:/program files (x86)/cypress/psoc creator/3.3/psoc creator/import/gnu/arm/4.9.3/bin/../lib/gcc/arm-none-eabi/4.9.3/../../../../arm-none-eabi/lib/armv7-m\libg_nano.a(lib_a-strlen.o)
                0x00001b0a                strlen
 *(.plt)
 *(.gnu.warning)
 *(.glue_7t)
 .glue_7t       0x00000000        0x0 linker stubs
 *(.glue_7)
 .glue_7        0x00000000        0x0 linker stubs
 *(.vfp11_veneer)
 .vfp11_veneer  0x00000000        0x0 linker stubs
 *(.bootloader)
 *(.ARM.extab* .gnu.linkonce.armextab.*)
 *(.gcc_except_table)

.v4_bx          0x00001b1c        0x0
 .v4_bx         0x00000000        0x0 linker stubs

.iplt           0x00001b1c        0x0
 .iplt          0x00000000        0x0 c:/program files (x86)/cypress/psoc creator/3.3/psoc creator/import/gnu/arm/4.9.3/bin/../lib/gcc/arm-none-eabi/4.9.3/armv7-m/crtbegin.o

.eh_frame_hdr
 *(.eh_frame_hdr)

.eh_frame       0x00001b1c        0x4
 *(.eh_frame)
 .eh_frame      0x00001b1c        0x0 c:/program files (x86)/cypress/psoc creator/3.3/psoc creator/import/gnu/arm/4.9.3/bin/../lib/gcc/arm-none-eabi/4.9.3/armv7-m/crtbegin.o
 .eh_frame      0x00001b1c        0x4 c:/program files (x86)/cypress/psoc creator/3.3/psoc creator/import/gnu/arm/4.9.3/bin/../lib/gcc/arm-none-eabi/4.9.3/armv7-m/crtend.o
                0x00001b20                PROVIDE (__exidx_start, .)

.ARM.exidx
 *(.ARM.exidx* .gnu.linkonce.armexidx.*)
                0x00001b20                __exidx_end = .

.rodata         0x00001b20      0x228
 *(.rodata .rodata.* .gnu.linkonce.r.*)
 .rodata.str1.4
                0x00001b20        0xe .\CortexM3\ARM_GCC_493\Debug\main.o
                                 0x10 (size before relaxing)
 *fill*         0x00001b2e        0x2 
 .rodata        0x00001b30       0x30 .\CortexM3\ARM_GCC_493\Debug\lab4.a(cyfitter_cfg.o)
 .rodata.str1.4
                0x00001b60       0x14 .\CortexM3\ARM_GCC_493\Debug\lab4.a(USBUART_std.o)
 .rodata        0x00001b74      0x19c .\CortexM3\ARM_GCC_493\Debug\lab4.a(USBUART_descr.o)
                0x00001b74                USBUART_MSOS_CONFIGURATION_DESCR
                0x00001b9c                USBUART_MSOS_DESCRIPTOR
                0x00001bb0                USBUART_TABLE
                0x00001bb8                USBUART_DEVICE0_TABLE
                0x00001bd0                USBUART_DEVICE0_CONFIGURATION0_TABLE
                0x00001bf8                USBUART_DEVICE0_CONFIGURATION0_INTERFACE_CLASS
                0x00001bfc                USBUART_DEVICE0_CONFIGURATION0_EP_SETTINGS_TABLE
                0x00001c14                USBUART_SN_STRING_DESCRIPTOR
                0x00001c18                USBUART_STRING_DESCRIPTORS
                0x00001cb8                USBUART_DEVICE0_CONFIGURATION0_DESCR
                0x00001cfc                USBUART_DEVICE0_DESCR
                0x00001d10                . = ALIGN (0x4)
 *(.init)
 .init          0x00001d10        0x4 c:/program files (x86)/cypress/psoc creator/3.3/psoc creator/import/gnu/arm/4.9.3/bin/../lib/gcc/arm-none-eabi/4.9.3/armv7-m/crti.o
                0x00001d10                _init
 .init          0x00001d14        0x8 c:/program files (x86)/cypress/psoc creator/3.3/psoc creator/import/gnu/arm/4.9.3/bin/../lib/gcc/arm-none-eabi/4.9.3/armv7-m/crtn.o
                0x00001d1c                . = ALIGN (0x4)
                0x00001d1c                __preinit_array_start = .
 *(.preinit_array)
                0x00001d1c                __preinit_array_end = .
                0x00001d1c                . = ALIGN (0x4)
                0x00001d1c                __init_array_start = .
 *(SORT(.init_array.*))
 *(.init_array)
 .init_array    0x00001d1c        0x4 c:/program files (x86)/cypress/psoc creator/3.3/psoc creator/import/gnu/arm/4.9.3/bin/../lib/gcc/arm-none-eabi/4.9.3/armv7-m/crtbegin.o
 .init_array    0x00001d20        0x4 .\CortexM3\ARM_GCC_493\Debug\Cm3Start.o
                0x00001d24                __init_array_end = .
                0x00001d24                . = ALIGN (0x4)
 *(.fini)
 .fini          0x00001d24        0x4 c:/program files (x86)/cypress/psoc creator/3.3/psoc creator/import/gnu/arm/4.9.3/bin/../lib/gcc/arm-none-eabi/4.9.3/armv7-m/crti.o
                0x00001d24                _fini
 .fini          0x00001d28        0x8 c:/program files (x86)/cypress/psoc creator/3.3/psoc creator/import/gnu/arm/4.9.3/bin/../lib/gcc/arm-none-eabi/4.9.3/armv7-m/crtn.o
                0x00001d30                . = ALIGN (0x4)
                0x00001d30                __fini_array_start = .
 *(.fini_array)
 .fini_array    0x00001d30        0x4 c:/program files (x86)/cypress/psoc creator/3.3/psoc creator/import/gnu/arm/4.9.3/bin/../lib/gcc/arm-none-eabi/4.9.3/armv7-m/crtbegin.o
 *(SORT(.fini_array.*))
                0x00001d34                __fini_array_end = .
                0x00001d34                . = ALIGN (0x4)
 *crtbegin.o(.ctors)
 *(EXCLUDE_FILE(*crtend.o) .ctors)
 *(SORT(.ctors.*))
 *crtend.o(.ctors)
                0x00001d34                . = ALIGN (0x4)
 *crtbegin.o(.dtors)
 *(EXCLUDE_FILE(*crtend.o) .dtors)
 *(SORT(.dtors.*))
 *crtend.o(.dtors)
                0x00001d34                . = ALIGN (0x4)
                0x00001d34                __cy_regions = .
                0x00001d34        0x4 LONG 0x1d48 __cy_region_init_ram
                0x00001d38        0x4 LONG 0x1fff8108 __cy_region_start_data
                0x00001d3c        0x4 LONG 0x70 __cy_region_init_size_ram
                0x00001d40        0x4 LONG 0x2e8 __cy_region_zero_size_ram
                0x00001d44                __cy_regions_end = .
                0x00001d48                . = ALIGN (0x8)
 *fill*         0x00001d44        0x4 
                0x00001d48                _etext = .

.cy_checksum_exclude
                0x00001d48        0x0
 *(.cy_checksum_exclude)

.ramvectors     0x1fff8000      0x100
                0x1fff8000                __cy_region_start_ram = .
 *(.ramvectors)
 .ramvectors    0x1fff8000      0x100 .\CortexM3\ARM_GCC_493\Debug\Cm3Start.o
                0x1fff8000                CyRamVectors

.noinit         0x1fff8100        0x5
 *(.noinit)
 .noinit        0x1fff8100        0x4 .\CortexM3\ARM_GCC_493\Debug\Cm3Start.o
 .noinit        0x1fff8104        0x1 .\CortexM3\ARM_GCC_493\Debug\lab4.a(CyLib.o)
                0x1fff8104                CyResetStatus

.data           0x1fff8108       0x70 load address 0x00001d48
                0x1fff8108                __cy_region_start_data = .
 *(.jcr)
 .jcr           0x1fff8108        0x0 c:/program files (x86)/cypress/psoc creator/3.3/psoc creator/import/gnu/arm/4.9.3/bin/../lib/gcc/arm-none-eabi/4.9.3/armv7-m/crtbegin.o
 .jcr           0x1fff8108        0x4 c:/program files (x86)/cypress/psoc creator/3.3/psoc creator/import/gnu/arm/4.9.3/bin/../lib/gcc/arm-none-eabi/4.9.3/armv7-m/crtend.o
 *(.got.plt)
 *(.got)
 *(.shdata)
 *(.data .data.* .gnu.linkonce.d.*)
 .data          0x1fff810c       0x40 .\CortexM3\ARM_GCC_493\Debug\main.o
                0x1fff810c                displaystring
 .data          0x1fff814c       0x10 .\CortexM3\ARM_GCC_493\Debug\lab4.a(CyLib.o)
                0x1fff814c                cydelay_32k_ms
                0x1fff8150                cydelay_freq_khz
                0x1fff8154                cydelay_freq_mhz
                0x1fff8158                cydelay_freq_hz
 .data          0x1fff815c       0x1c .\CortexM3\ARM_GCC_493\Debug\lab4.a(USBUART_cdc.o)
                0x1fff815c                USBUART_linesCoding
                0x1fff8178                . = ALIGN (0x8)
 *(.ram)
                0x1fff8178                _edata = .

.igot.plt       0x1fff8178        0x0 load address 0x00001db8
 .igot.plt      0x00000000        0x0 c:/program files (x86)/cypress/psoc creator/3.3/psoc creator/import/gnu/arm/4.9.3/bin/../lib/gcc/arm-none-eabi/4.9.3/armv7-m/crtbegin.o

.bss            0x1fff8178      0x2e8 load address 0x00001db8
                0x1fff8178                PROVIDE (__bss_start__, .)
 *(.shbss)
 *(.bss .bss.* .gnu.linkonce.b.*)
 .bss           0x1fff8178       0x1c c:/program files (x86)/cypress/psoc creator/3.3/psoc creator/import/gnu/arm/4.9.3/bin/../lib/gcc/arm-none-eabi/4.9.3/armv7-m/crtbegin.o
 .bss           0x1fff8194        0x8 .\CortexM3\ARM_GCC_493\Debug\main.o
                0x1fff8198                flag_KB_string
                0x1fff8199                flag_packet
                0x1fff819a                flag_rx
 .bss           0x1fff819c        0x1 .\CortexM3\ARM_GCC_493\Debug\lab4.a(USBUART.o)
                0x1fff819c                USBUART_initVar
 .bss           0x1fff819d        0x1 .\CortexM3\ARM_GCC_493\Debug\lab4.a(USBUART_cdc.o)
 *fill*         0x1fff819e        0x2 
 .bss           0x1fff81a0        0x4 .\CortexM3\ARM_GCC_493\Debug\lab4.a(USBUART_std.o)
 *(COMMON)
 COMMON         0x1fff81a4      0x1df .\CortexM3\ARM_GCC_493\Debug\main.o
                0x1fff81a4                entry
                0x1fff81e4                system_state
                0x1fff8204                line
                0x1fff8244                usbBuffer
                0x1fff8284                rf_string
 *fill*         0x1fff8383        0x1 
 COMMON         0x1fff8384       0x18 .\CortexM3\ARM_GCC_493\Debug\lab4.a(USBUART_cdc.o)
                0x1fff8384                USBUART_linesChanged
                0x1fff8388                USBUART_cdcDataInEp
                0x1fff838c                USBUART_cdcCommInInterruptEp
                0x1fff8390                USBUART_cdcDataOutEp
                0x1fff8394                USBUART_serialStateBitmap
                0x1fff8398                USBUART_linesControlBitmap
 COMMON         0x1fff839c       0x9a .\CortexM3\ARM_GCC_493\Debug\lab4.a(USBUART_drv.o)
                0x1fff839c                USBUART_lastPacketSize
                0x1fff839d                USBUART_device
                0x1fff839e                USBUART_transferByteCount
                0x1fff83a0                USBUART_transferState
                0x1fff83a4                USBUART_interfaceSettingLast
                0x1fff83a8                USBUART_currentTD
                0x1fff83b4                USBUART_interfaceNumber
                0x1fff83b8                USBUART_interfaceClass
                0x1fff83bc                USBUART_configurationChanged
                0x1fff83bd                USBUART_ep0Mode
                0x1fff83be                USBUART_deviceAddress
                0x1fff83bf                USBUART_configuration
                0x1fff83c0                USBUART_ep0Count
                0x1fff83c1                USBUART_deviceStatus
                0x1fff83c4                USBUART_EP
                0x1fff8430                USBUART_interfaceSetting
                0x1fff8432                USBUART_ep0Toggle
                0x1fff8434                USBUART_interfaceStatus
 *fill*         0x1fff8436        0x2 
 COMMON         0x1fff8438       0x22 .\CortexM3\ARM_GCC_493\Debug\lab4.a(USBUART_descr.o)
                0x1fff8438                USBUART_idSerialNumberStringDescriptor
                0x1fff8460                . = ALIGN (0x8)
 *fill*         0x1fff845a        0x6 
 *(.ram.b)
                0x1fff8460                _end = .
                0x1fff8460                __end = .
                0x1fff8460                PROVIDE (end, .)
                0x1fff8460                PROVIDE (__bss_end__, .)
                0x00001d48                __cy_region_init_ram = LOADADDR (.data)
                0x00000070                __cy_region_init_size_ram = (_edata - ADDR (.data))
                0x000002e8                __cy_region_zero_size_ram = (_end - _edata)

.heap           0x1fff8460       0x80 load address 0x00001db8
                0x1fff8460                . = _end
                0x1fff84e0                . = (. + 0x80)
 *fill*         0x1fff8460       0x80 
                0x1fff84e0                __cy_heap_limit = .

.stack          0x20007800      0x800
                0x20007800                __cy_stack_limit = .
                0x20008000                . = (. + 0x800)
 *fill*         0x20007800      0x800 
                0x00000001                ASSERT ((__cy_stack_limit >= __cy_heap_limit), region RAM overflowed with stack)
                0x00000000                cy_checksum_exclude_size = (CY_APPL_LOADABLE == 0x1)?SIZEOF (.cy_checksum_exclude):0x0
                0x00000001                ASSERT ((cy_checksum_exclude_size <= CY_CHECKSUM_EXCLUDE_SIZE), CY_BOOT: Section .cy_checksum_exclude size exceedes specified limit.)

.cyloadermeta
 *(.cyloadermeta)

.cyloadablemeta
 *(.cyloadablemeta)

.cyconfigecc    0x80000000      0x40c
 *(.cyconfigecc)
 .cyconfigecc   0x80000000      0x40c .\CortexM3\ARM_GCC_493\Debug\cymetadata.o
                0x80000000                cy_meta_configecc

.cycustnvl      0x90000000        0x4
 *(.cycustnvl)
 .cycustnvl     0x90000000        0x4 .\CortexM3\ARM_GCC_493\Debug\cymetadata.o
                0x90000000                cy_meta_custnvl

.cywolatch      0x90100000        0x4
 *(.cywolatch)
 .cywolatch     0x90100000        0x4 .\CortexM3\ARM_GCC_493\Debug\cymetadata.o
                0x90100000                cy_meta_wonvl

.cyeeprom       0x90200000        0x0
 *(.cyeeprom)
                0x00000001                ASSERT ((. <= ((0x90200000 + ee_offset) + ee_size)), .cyeeprom data will not fit in EEPROM)

.cyflashprotect
                0x90400000      0x100
 *(.cyflashprotect)
 .cyflashprotect
                0x90400000      0x100 .\CortexM3\ARM_GCC_493\Debug\cymetadata.o
                0x90400000                cy_meta_flashprotect

.cymeta         0x90500000        0xc
 *(.cymeta)
 .cymeta        0x90500000        0xc .\CortexM3\ARM_GCC_493\Debug\cymetadata.o
                0x90500000                cy_metadata

.rel.dyn        0x00001db8        0x0 load address 0x9050000c
 .rel.iplt      0x00000000        0x0 c:/program files (x86)/cypress/psoc creator/3.3/psoc creator/import/gnu/arm/4.9.3/bin/../lib/gcc/arm-none-eabi/4.9.3/armv7-m/crtbegin.o

.stab
 *(.stab)

.stabstr
 *(.stabstr)

.debug
 *(.debug)

.line
 *(.line)

.debug_srcinfo
 *(.debug_srcinfo)

.debug_sfnames
 *(.debug_sfnames)

.debug_aranges  0x00000000      0x928
 *(.debug_aranges)
 .debug_aranges
                0x00000000       0x48 .\CortexM3\ARM_GCC_493\Debug\main.o
 .debug_aranges
                0x00000048       0x18 .\CortexM3\ARM_GCC_493\Debug\cymetadata.o
 .debug_aranges
                0x00000060       0x48 .\CortexM3\ARM_GCC_493\Debug\Cm3Start.o
 .debug_aranges
                0x000000a8       0x50 .\CortexM3\ARM_GCC_493\Debug\lab4.a(cyfitter_cfg.o)
 .debug_aranges
                0x000000f8       0x20 .\CortexM3\ARM_GCC_493\Debug\lab4.a(CyBootAsmGnu.o)
 .debug_aranges
                0x00000118      0x298 .\CortexM3\ARM_GCC_493\Debug\lab4.a(CyLib.o)
 .debug_aranges
                0x000003b0       0x98 .\CortexM3\ARM_GCC_493\Debug\lab4.a(cyPm.o)
 .debug_aranges
                0x00000448       0xc8 .\CortexM3\ARM_GCC_493\Debug\lab4.a(USBUART.o)
 .debug_aranges
                0x00000510       0xe8 .\CortexM3\ARM_GCC_493\Debug\lab4.a(USBUART_cdc.o)
 .debug_aranges
                0x000005f8       0x98 .\CortexM3\ARM_GCC_493\Debug\lab4.a(USBUART_drv.o)
 .debug_aranges
                0x00000690       0x40 .\CortexM3\ARM_GCC_493\Debug\lab4.a(USBUART_episr.o)
 .debug_aranges
                0x000006d0       0x40 .\CortexM3\ARM_GCC_493\Debug\lab4.a(USBUART_pm.o)
 .debug_aranges
                0x00000710       0x80 .\CortexM3\ARM_GCC_493\Debug\lab4.a(USBUART_std.o)
 .debug_aranges
                0x00000790       0x20 .\CortexM3\ARM_GCC_493\Debug\lab4.a(USBUART_vnd.o)
 .debug_aranges
                0x000007b0       0x48 .\CortexM3\ARM_GCC_493\Debug\lab4.a(USBUART_Dp.o)
 .debug_aranges
                0x000007f8       0x80 .\CortexM3\ARM_GCC_493\Debug\lab4.a(CyFlash.o)
 .debug_aranges
                0x00000878       0x78 .\CortexM3\ARM_GCC_493\Debug\lab4.a(CySpc.o)
 .debug_aranges
                0x000008f0       0x20 .\CortexM3\ARM_GCC_493\Debug\lab4.a(USBUART_cls.o)
 .debug_aranges
                0x00000910       0x18 .\CortexM3\ARM_GCC_493\Debug\lab4.a(USBUART_descr.o)

.debug_pubnames
 *(.debug_pubnames)

.debug_info     0x00000000     0x6b21
 *(.debug_info .gnu.linkonce.wi.*)
 .debug_info    0x00000000      0x51f .\CortexM3\ARM_GCC_493\Debug\main.o
 .debug_info    0x0000051f      0x13b .\CortexM3\ARM_GCC_493\Debug\cymetadata.o
 .debug_info    0x0000065a      0x39f .\CortexM3\ARM_GCC_493\Debug\Cm3Start.o
 .debug_info    0x000009f9      0x477 .\CortexM3\ARM_GCC_493\Debug\lab4.a(cyfitter_cfg.o)
 .debug_info    0x00000e70       0xaf .\CortexM3\ARM_GCC_493\Debug\lab4.a(CyBootAsmGnu.o)
 .debug_info    0x00000f1f     0x136f .\CortexM3\ARM_GCC_493\Debug\lab4.a(CyLib.o)
 .debug_info    0x0000228e      0xa57 .\CortexM3\ARM_GCC_493\Debug\lab4.a(cyPm.o)
 .debug_info    0x00002ce5      0x9b0 .\CortexM3\ARM_GCC_493\Debug\lab4.a(USBUART.o)
 .debug_info    0x00003695      0xb16 .\CortexM3\ARM_GCC_493\Debug\lab4.a(USBUART_cdc.o)
 .debug_info    0x000041ab      0x649 .\CortexM3\ARM_GCC_493\Debug\lab4.a(USBUART_drv.o)
 .debug_info    0x000047f4      0x244 .\CortexM3\ARM_GCC_493\Debug\lab4.a(USBUART_episr.o)
 .debug_info    0x00004a38      0x2ef .\CortexM3\ARM_GCC_493\Debug\lab4.a(USBUART_pm.o)
 .debug_info    0x00004d27      0xb45 .\CortexM3\ARM_GCC_493\Debug\lab4.a(USBUART_std.o)
 .debug_info    0x0000586c      0x1b2 .\CortexM3\ARM_GCC_493\Debug\lab4.a(USBUART_vnd.o)
 .debug_info    0x00005a1e      0x174 .\CortexM3\ARM_GCC_493\Debug\lab4.a(USBUART_Dp.o)
 .debug_info    0x00005b92      0x608 .\CortexM3\ARM_GCC_493\Debug\lab4.a(CyFlash.o)
 .debug_info    0x0000619a      0x4ea .\CortexM3\ARM_GCC_493\Debug\lab4.a(CySpc.o)
 .debug_info    0x00006684      0x1d2 .\CortexM3\ARM_GCC_493\Debug\lab4.a(USBUART_cls.o)
 .debug_info    0x00006856      0x2cb .\CortexM3\ARM_GCC_493\Debug\lab4.a(USBUART_descr.o)

.debug_abbrev   0x00000000     0x1c83
 *(.debug_abbrev)
 .debug_abbrev  0x00000000      0x1d1 .\CortexM3\ARM_GCC_493\Debug\main.o
 .debug_abbrev  0x000001d1       0x66 .\CortexM3\ARM_GCC_493\Debug\cymetadata.o
 .debug_abbrev  0x00000237      0x200 .\CortexM3\ARM_GCC_493\Debug\Cm3Start.o
 .debug_abbrev  0x00000437      0x1eb .\CortexM3\ARM_GCC_493\Debug\lab4.a(cyfitter_cfg.o)
 .debug_abbrev  0x00000622       0x14 .\CortexM3\ARM_GCC_493\Debug\lab4.a(CyBootAsmGnu.o)
 .debug_abbrev  0x00000636      0x296 .\CortexM3\ARM_GCC_493\Debug\lab4.a(CyLib.o)
 .debug_abbrev  0x000008cc      0x1ed .\CortexM3\ARM_GCC_493\Debug\lab4.a(cyPm.o)
 .debug_abbrev  0x00000ab9      0x25e .\CortexM3\ARM_GCC_493\Debug\lab4.a(USBUART.o)
 .debug_abbrev  0x00000d17      0x28b .\CortexM3\ARM_GCC_493\Debug\lab4.a(USBUART_cdc.o)
 .debug_abbrev  0x00000fa2      0x18b .\CortexM3\ARM_GCC_493\Debug\lab4.a(USBUART_drv.o)
 .debug_abbrev  0x0000112d      0x11b .\CortexM3\ARM_GCC_493\Debug\lab4.a(USBUART_episr.o)
 .debug_abbrev  0x00001248      0x146 .\CortexM3\ARM_GCC_493\Debug\lab4.a(USBUART_pm.o)
 .debug_abbrev  0x0000138e      0x23d .\CortexM3\ARM_GCC_493\Debug\lab4.a(USBUART_std.o)
 .debug_abbrev  0x000015cb       0xe3 .\CortexM3\ARM_GCC_493\Debug\lab4.a(USBUART_vnd.o)
 .debug_abbrev  0x000016ae       0x90 .\CortexM3\ARM_GCC_493\Debug\lab4.a(USBUART_Dp.o)
 .debug_abbrev  0x0000173e      0x1ed .\CortexM3\ARM_GCC_493\Debug\lab4.a(CyFlash.o)
 .debug_abbrev  0x0000192b      0x1c1 .\CortexM3\ARM_GCC_493\Debug\lab4.a(CySpc.o)
 .debug_abbrev  0x00001aec       0xe3 .\CortexM3\ARM_GCC_493\Debug\lab4.a(USBUART_cls.o)
 .debug_abbrev  0x00001bcf       0xb4 .\CortexM3\ARM_GCC_493\Debug\lab4.a(USBUART_descr.o)

.debug_line     0x00000000     0x26f2
 *(.debug_line)
 .debug_line    0x00000000      0x29c .\CortexM3\ARM_GCC_493\Debug\main.o
 .debug_line    0x0000029c       0x53 .\CortexM3\ARM_GCC_493\Debug\cymetadata.o
 .debug_line    0x000002ef      0x249 .\CortexM3\ARM_GCC_493\Debug\Cm3Start.o
 .debug_line    0x00000538      0x1c2 .\CortexM3\ARM_GCC_493\Debug\lab4.a(cyfitter_cfg.o)
 .debug_line    0x000006fa       0x68 .\CortexM3\ARM_GCC_493\Debug\lab4.a(CyBootAsmGnu.o)
 .debug_line    0x00000762      0x806 .\CortexM3\ARM_GCC_493\Debug\lab4.a(CyLib.o)
 .debug_line    0x00000f68      0x366 .\CortexM3\ARM_GCC_493\Debug\lab4.a(cyPm.o)
 .debug_line    0x000012ce      0x2ca .\CortexM3\ARM_GCC_493\Debug\lab4.a(USBUART.o)
 .debug_line    0x00001598      0x2f4 .\CortexM3\ARM_GCC_493\Debug\lab4.a(USBUART_cdc.o)
 .debug_line    0x0000188c      0x223 .\CortexM3\ARM_GCC_493\Debug\lab4.a(USBUART_drv.o)
 .debug_line    0x00001aaf       0xe8 .\CortexM3\ARM_GCC_493\Debug\lab4.a(USBUART_episr.o)
 .debug_line    0x00001b97      0x110 .\CortexM3\ARM_GCC_493\Debug\lab4.a(USBUART_pm.o)
 .debug_line    0x00001ca7      0x3e0 .\CortexM3\ARM_GCC_493\Debug\lab4.a(USBUART_std.o)
 .debug_line    0x00002087       0x8d .\CortexM3\ARM_GCC_493\Debug\lab4.a(USBUART_vnd.o)
 .debug_line    0x00002114       0xbd .\CortexM3\ARM_GCC_493\Debug\lab4.a(USBUART_Dp.o)
 .debug_line    0x000021d1      0x1ec .\CortexM3\ARM_GCC_493\Debug\lab4.a(CyFlash.o)
 .debug_line    0x000023bd      0x23e .\CortexM3\ARM_GCC_493\Debug\lab4.a(CySpc.o)
 .debug_line    0x000025fb       0x94 .\CortexM3\ARM_GCC_493\Debug\lab4.a(USBUART_cls.o)
 .debug_line    0x0000268f       0x63 .\CortexM3\ARM_GCC_493\Debug\lab4.a(USBUART_descr.o)

.debug_frame    0x00000000     0x184c
 *(.debug_frame)
 .debug_frame   0x00000000       0xa4 .\CortexM3\ARM_GCC_493\Debug\main.o
 .debug_frame   0x000000a4       0xac .\CortexM3\ARM_GCC_493\Debug\Cm3Start.o
 .debug_frame   0x00000150       0xd4 .\CortexM3\ARM_GCC_493\Debug\lab4.a(cyfitter_cfg.o)
 .debug_frame   0x00000224      0x728 .\CortexM3\ARM_GCC_493\Debug\lab4.a(CyLib.o)
 .debug_frame   0x0000094c      0x1f8 .\CortexM3\ARM_GCC_493\Debug\lab4.a(cyPm.o)
 .debug_frame   0x00000b44      0x1dc .\CortexM3\ARM_GCC_493\Debug\lab4.a(USBUART.o)
 .debug_frame   0x00000d20      0x278 .\CortexM3\ARM_GCC_493\Debug\lab4.a(USBUART_cdc.o)
 .debug_frame   0x00000f98      0x194 .\CortexM3\ARM_GCC_493\Debug\lab4.a(USBUART_drv.o)
 .debug_frame   0x0000112c       0x6c .\CortexM3\ARM_GCC_493\Debug\lab4.a(USBUART_episr.o)
 .debug_frame   0x00001198       0xa0 .\CortexM3\ARM_GCC_493\Debug\lab4.a(USBUART_pm.o)
 .debug_frame   0x00001238      0x17c .\CortexM3\ARM_GCC_493\Debug\lab4.a(USBUART_std.o)
 .debug_frame   0x000013b4       0x2c .\CortexM3\ARM_GCC_493\Debug\lab4.a(USBUART_vnd.o)
 .debug_frame   0x000013e0       0x70 .\CortexM3\ARM_GCC_493\Debug\lab4.a(USBUART_Dp.o)
 .debug_frame   0x00001450      0x174 .\CortexM3\ARM_GCC_493\Debug\lab4.a(CyFlash.o)
 .debug_frame   0x000015c4      0x160 .\CortexM3\ARM_GCC_493\Debug\lab4.a(CySpc.o)
 .debug_frame   0x00001724       0x2c .\CortexM3\ARM_GCC_493\Debug\lab4.a(USBUART_cls.o)
 .debug_frame   0x00001750       0x20 c:/program files (x86)/cypress/psoc creator/3.3/psoc creator/import/gnu/arm/4.9.3/bin/../lib/gcc/arm-none-eabi/4.9.3/../../../../arm-none-eabi/lib/armv7-m\libg_nano.a(lib_a-errno.o)
 .debug_frame   0x00001770       0x28 c:/program files (x86)/cypress/psoc creator/3.3/psoc creator/import/gnu/arm/4.9.3/bin/../lib/gcc/arm-none-eabi/4.9.3/../../../../arm-none-eabi/lib/armv7-m\libg_nano.a(lib_a-exit.o)
 .debug_frame   0x00001798       0x2c c:/program files (x86)/cypress/psoc creator/3.3/psoc creator/import/gnu/arm/4.9.3/bin/../lib/gcc/arm-none-eabi/4.9.3/../../../../arm-none-eabi/lib/armv7-m\libg_nano.a(lib_a-init.o)
 .debug_frame   0x000017c4       0x28 c:/program files (x86)/cypress/psoc creator/3.3/psoc creator/import/gnu/arm/4.9.3/bin/../lib/gcc/arm-none-eabi/4.9.3/../../../../arm-none-eabi/lib/armv7-m\libg_nano.a(lib_a-memcpy.o)
 .debug_frame   0x000017ec       0x20 c:/program files (x86)/cypress/psoc creator/3.3/psoc creator/import/gnu/arm/4.9.3/bin/../lib/gcc/arm-none-eabi/4.9.3/../../../../arm-none-eabi/lib/armv7-m\libg_nano.a(lib_a-memset.o)
 .debug_frame   0x0000180c       0x20 c:/program files (x86)/cypress/psoc creator/3.3/psoc creator/import/gnu/arm/4.9.3/bin/../lib/gcc/arm-none-eabi/4.9.3/../../../../arm-none-eabi/lib/armv7-m\libg_nano.a(lib_a-strcpy.o)
 .debug_frame   0x0000182c       0x20 c:/program files (x86)/cypress/psoc creator/3.3/psoc creator/import/gnu/arm/4.9.3/bin/../lib/gcc/arm-none-eabi/4.9.3/../../../../arm-none-eabi/lib/armv7-m\libg_nano.a(lib_a-strlen.o)

.debug_str      0x00000000     0x25d8
 *(.debug_str)
 .debug_str     0x00000000      0x391 .\CortexM3\ARM_GCC_493\Debug\main.o
                                0x3dc (size before relaxing)
 .debug_str     0x00000391       0x77 .\CortexM3\ARM_GCC_493\Debug\cymetadata.o
                                0x209 (size before relaxing)
 .debug_str     0x00000408      0x165 .\CortexM3\ARM_GCC_493\Debug\Cm3Start.o
                                0x31d (size before relaxing)
 .debug_str     0x0000056d      0x138 .\CortexM3\ARM_GCC_493\Debug\lab4.a(cyfitter_cfg.o)
                                0x304 (size before relaxing)
 .debug_str     0x000006a5      0x838 .\CortexM3\ARM_GCC_493\Debug\lab4.a(CyLib.o)
                                0xa42 (size before relaxing)
 .debug_str     0x00000edd      0x35b .\CortexM3\ARM_GCC_493\Debug\lab4.a(cyPm.o)
                                0x73a (size before relaxing)
 .debug_str     0x00001238      0x40a .\CortexM3\ARM_GCC_493\Debug\lab4.a(USBUART.o)
                                0x670 (size before relaxing)
 .debug_str     0x00001642      0x4b9 .\CortexM3\ARM_GCC_493\Debug\lab4.a(USBUART_cdc.o)
                                0x7e4 (size before relaxing)
 .debug_str     0x00001afb      0x293 .\CortexM3\ARM_GCC_493\Debug\lab4.a(USBUART_drv.o)
                                0x65b (size before relaxing)
 .debug_str     0x00001d8e       0x82 .\CortexM3\ARM_GCC_493\Debug\lab4.a(USBUART_episr.o)
                                0x2f2 (size before relaxing)
 .debug_str     0x00001e10       0xee .\CortexM3\ARM_GCC_493\Debug\lab4.a(USBUART_pm.o)
                                0x30a (size before relaxing)
 .debug_str     0x00001efe      0x273 .\CortexM3\ARM_GCC_493\Debug\lab4.a(USBUART_std.o)
                                0x7e2 (size before relaxing)
 .debug_str     0x00002171       0x48 .\CortexM3\ARM_GCC_493\Debug\lab4.a(USBUART_vnd.o)
                                0x2a2 (size before relaxing)
 .debug_str     0x000021b9       0xa6 .\CortexM3\ARM_GCC_493\Debug\lab4.a(USBUART_Dp.o)
                                0x260 (size before relaxing)
 .debug_str     0x0000225f      0x19e .\CortexM3\ARM_GCC_493\Debug\lab4.a(CyFlash.o)
                                0x3b4 (size before relaxing)
 .debug_str     0x000023fd       0xae .\CortexM3\ARM_GCC_493\Debug\lab4.a(CySpc.o)
                                0x33d (size before relaxing)
 .debug_str     0x000024ab       0x27 .\CortexM3\ARM_GCC_493\Debug\lab4.a(USBUART_cls.o)
                                0x2bf (size before relaxing)
 .debug_str     0x000024d2      0x106 .\CortexM3\ARM_GCC_493\Debug\lab4.a(USBUART_descr.o)
                                0x3a5 (size before relaxing)

.debug_loc      0x00000000     0x2ddd
 *(.debug_loc)
 .debug_loc     0x00000000       0x68 .\CortexM3\ARM_GCC_493\Debug\main.o
 .debug_loc     0x00000068      0x144 .\CortexM3\ARM_GCC_493\Debug\Cm3Start.o
 .debug_loc     0x000001ac      0x1d7 .\CortexM3\ARM_GCC_493\Debug\lab4.a(cyfitter_cfg.o)
 .debug_loc     0x00000383      0xa11 .\CortexM3\ARM_GCC_493\Debug\lab4.a(CyLib.o)
 .debug_loc     0x00000d94      0x1e4 .\CortexM3\ARM_GCC_493\Debug\lab4.a(cyPm.o)
 .debug_loc     0x00000f78      0x3e1 .\CortexM3\ARM_GCC_493\Debug\lab4.a(USBUART.o)
 .debug_loc     0x00001359      0x56b .\CortexM3\ARM_GCC_493\Debug\lab4.a(USBUART_cdc.o)
 .debug_loc     0x000018c4      0x171 .\CortexM3\ARM_GCC_493\Debug\lab4.a(USBUART_drv.o)
 .debug_loc     0x00001a35       0x26 .\CortexM3\ARM_GCC_493\Debug\lab4.a(USBUART_pm.o)
 .debug_loc     0x00001a5b      0x934 .\CortexM3\ARM_GCC_493\Debug\lab4.a(USBUART_std.o)
 .debug_loc     0x0000238f       0x36 .\CortexM3\ARM_GCC_493\Debug\lab4.a(USBUART_vnd.o)
 .debug_loc     0x000023c5       0x84 .\CortexM3\ARM_GCC_493\Debug\lab4.a(USBUART_Dp.o)
 .debug_loc     0x00002449      0x300 .\CortexM3\ARM_GCC_493\Debug\lab4.a(CyFlash.o)
 .debug_loc     0x00002749      0x64d .\CortexM3\ARM_GCC_493\Debug\lab4.a(CySpc.o)
 .debug_loc     0x00002d96       0x47 .\CortexM3\ARM_GCC_493\Debug\lab4.a(USBUART_cls.o)

.debug_macinfo
 *(.debug_macinfo)

.debug_ranges   0x00000000      0x7f0
 *(.debug_ranges)
 .debug_ranges  0x00000000       0x38 .\CortexM3\ARM_GCC_493\Debug\main.o
 .debug_ranges  0x00000038       0x38 .\CortexM3\ARM_GCC_493\Debug\Cm3Start.o
 .debug_ranges  0x00000070       0x40 .\CortexM3\ARM_GCC_493\Debug\lab4.a(cyfitter_cfg.o)
 .debug_ranges  0x000000b0      0x288 .\CortexM3\ARM_GCC_493\Debug\lab4.a(CyLib.o)
 .debug_ranges  0x00000338       0x88 .\CortexM3\ARM_GCC_493\Debug\lab4.a(cyPm.o)
 .debug_ranges  0x000003c0       0xd0 .\CortexM3\ARM_GCC_493\Debug\lab4.a(USBUART.o)
 .debug_ranges  0x00000490       0xd8 .\CortexM3\ARM_GCC_493\Debug\lab4.a(USBUART_cdc.o)
 .debug_ranges  0x00000568       0x88 .\CortexM3\ARM_GCC_493\Debug\lab4.a(USBUART_drv.o)
 .debug_ranges  0x000005f0       0x30 .\CortexM3\ARM_GCC_493\Debug\lab4.a(USBUART_episr.o)
 .debug_ranges  0x00000620       0x30 .\CortexM3\ARM_GCC_493\Debug\lab4.a(USBUART_pm.o)
 .debug_ranges  0x00000650       0x70 .\CortexM3\ARM_GCC_493\Debug\lab4.a(USBUART_std.o)
 .debug_ranges  0x000006c0       0x10 .\CortexM3\ARM_GCC_493\Debug\lab4.a(USBUART_vnd.o)
 .debug_ranges  0x000006d0       0x38 .\CortexM3\ARM_GCC_493\Debug\lab4.a(USBUART_Dp.o)
 .debug_ranges  0x00000708       0x70 .\CortexM3\ARM_GCC_493\Debug\lab4.a(CyFlash.o)
 .debug_ranges  0x00000778       0x68 .\CortexM3\ARM_GCC_493\Debug\lab4.a(CySpc.o)
 .debug_ranges  0x000007e0       0x10 .\CortexM3\ARM_GCC_493\Debug\lab4.a(USBUART_cls.o)

.comment        0x00000000       0x70
 .comment       0x00000000       0x70 .\CortexM3\ARM_GCC_493\Debug\main.o
                                 0x71 (size before relaxing)
 .comment       0x00000000       0x71 .\CortexM3\ARM_GCC_493\Debug\cymetadata.o
 .comment       0x00000000       0x71 .\CortexM3\ARM_GCC_493\Debug\Cm3Start.o
 .comment       0x00000000       0x71 .\CortexM3\ARM_GCC_493\Debug\lab4.a(cyfitter_cfg.o)
 .comment       0x00000000       0x71 .\CortexM3\ARM_GCC_493\Debug\lab4.a(CyLib.o)
 .comment       0x00000000       0x71 .\CortexM3\ARM_GCC_493\Debug\lab4.a(cyPm.o)
 .comment       0x00000000       0x71 .\CortexM3\ARM_GCC_493\Debug\lab4.a(USBUART.o)
 .comment       0x00000000       0x71 .\CortexM3\ARM_GCC_493\Debug\lab4.a(USBUART_cdc.o)
 .comment       0x00000000       0x71 .\CortexM3\ARM_GCC_493\Debug\lab4.a(USBUART_drv.o)
 .comment       0x00000000       0x71 .\CortexM3\ARM_GCC_493\Debug\lab4.a(USBUART_episr.o)
 .comment       0x00000000       0x71 .\CortexM3\ARM_GCC_493\Debug\lab4.a(USBUART_pm.o)
 .comment       0x00000000       0x71 .\CortexM3\ARM_GCC_493\Debug\lab4.a(USBUART_std.o)
 .comment       0x00000000       0x71 .\CortexM3\ARM_GCC_493\Debug\lab4.a(USBUART_vnd.o)
 .comment       0x00000000       0x71 .\CortexM3\ARM_GCC_493\Debug\lab4.a(USBUART_Dp.o)
 .comment       0x00000000       0x71 .\CortexM3\ARM_GCC_493\Debug\lab4.a(CyFlash.o)
 .comment       0x00000000       0x71 .\CortexM3\ARM_GCC_493\Debug\lab4.a(CySpc.o)
 .comment       0x00000000       0x71 .\CortexM3\ARM_GCC_493\Debug\lab4.a(USBUART_cls.o)
 .comment       0x00000000       0x71 .\CortexM3\ARM_GCC_493\Debug\lab4.a(USBUART_descr.o)

.debug_weaknames
 *(.debug_weaknames)

.debug_funcnames
 *(.debug_funcnames)

.debug_typenames
 *(.debug_typenames)

.debug_varnames
 *(.debug_varnames)

.note.gnu.arm.ident
 *(.note.gnu.arm.ident)

.ARM.attributes
                0x00000000       0x29
 *(.ARM.attributes)
 .ARM.attributes
                0x00000000       0x1d c:/program files (x86)/cypress/psoc creator/3.3/psoc creator/import/gnu/arm/4.9.3/bin/../lib/gcc/arm-none-eabi/4.9.3/armv7-m/crti.o
 .ARM.attributes
                0x0000001d       0x2d c:/program files (x86)/cypress/psoc creator/3.3/psoc creator/import/gnu/arm/4.9.3/bin/../lib/gcc/arm-none-eabi/4.9.3/armv7-m/crtbegin.o
 .ARM.attributes
                0x0000004a       0x1b c:/program files (x86)/cypress/psoc creator/3.3/psoc creator/import/gnu/arm/4.9.3/bin/../lib/gcc/arm-none-eabi/4.9.3/../../../../arm-none-eabi/lib/armv7-m/crt0.o
 .ARM.attributes
                0x00000065       0x33 .\CortexM3\ARM_GCC_493\Debug\main.o
 .ARM.attributes
                0x00000098       0x33 .\CortexM3\ARM_GCC_493\Debug\cymetadata.o
 .ARM.attributes
                0x000000cb       0x33 .\CortexM3\ARM_GCC_493\Debug\Cm3Start.o
 .ARM.attributes
                0x000000fe       0x33 .\CortexM3\ARM_GCC_493\Debug\lab4.a(cyfitter_cfg.o)
 .ARM.attributes
                0x00000131       0x21 .\CortexM3\ARM_GCC_493\Debug\lab4.a(CyBootAsmGnu.o)
 .ARM.attributes
                0x00000152       0x33 .\CortexM3\ARM_GCC_493\Debug\lab4.a(CyLib.o)
 .ARM.attributes
                0x00000185       0x33 .\CortexM3\ARM_GCC_493\Debug\lab4.a(cyPm.o)
 .ARM.attributes
                0x000001b8       0x33 .\CortexM3\ARM_GCC_493\Debug\lab4.a(USBUART.o)
 .ARM.attributes
                0x000001eb       0x33 .\CortexM3\ARM_GCC_493\Debug\lab4.a(USBUART_cdc.o)
 .ARM.attributes
                0x0000021e       0x33 .\CortexM3\ARM_GCC_493\Debug\lab4.a(USBUART_drv.o)
 .ARM.attributes
                0x00000251       0x33 .\CortexM3\ARM_GCC_493\Debug\lab4.a(USBUART_episr.o)
 .ARM.attributes
                0x00000284       0x33 .\CortexM3\ARM_GCC_493\Debug\lab4.a(USBUART_pm.o)
 .ARM.attributes
                0x000002b7       0x33 .\CortexM3\ARM_GCC_493\Debug\lab4.a(USBUART_std.o)
 .ARM.attributes
                0x000002ea       0x33 .\CortexM3\ARM_GCC_493\Debug\lab4.a(USBUART_vnd.o)
 .ARM.attributes
                0x0000031d       0x33 .\CortexM3\ARM_GCC_493\Debug\lab4.a(USBUART_Dp.o)
 .ARM.attributes
                0x00000350       0x33 .\CortexM3\ARM_GCC_493\Debug\lab4.a(CyFlash.o)
 .ARM.attributes
                0x00000383       0x33 .\CortexM3\ARM_GCC_493\Debug\lab4.a(CySpc.o)
 .ARM.attributes
                0x000003b6       0x33 .\CortexM3\ARM_GCC_493\Debug\lab4.a(USBUART_cls.o)
 .ARM.attributes
                0x000003e9       0x33 .\CortexM3\ARM_GCC_493\Debug\lab4.a(USBUART_descr.o)
 .ARM.attributes
                0x0000041c       0x2d c:/program files (x86)/cypress/psoc creator/3.3/psoc creator/import/gnu/arm/4.9.3/bin/../lib/gcc/arm-none-eabi/4.9.3/../../../../arm-none-eabi/lib/armv7-m\libg_nano.a(lib_a-errno.o)
 .ARM.attributes
                0x00000449       0x2d c:/program files (x86)/cypress/psoc creator/3.3/psoc creator/import/gnu/arm/4.9.3/bin/../lib/gcc/arm-none-eabi/4.9.3/../../../../arm-none-eabi/lib/armv7-m\libg_nano.a(lib_a-exit.o)
 .ARM.attributes
                0x00000476       0x2d c:/program files (x86)/cypress/psoc creator/3.3/psoc creator/import/gnu/arm/4.9.3/bin/../lib/gcc/arm-none-eabi/4.9.3/../../../../arm-none-eabi/lib/armv7-m\libg_nano.a(lib_a-impure.o)
 .ARM.attributes
                0x000004a3       0x2d c:/program files (x86)/cypress/psoc creator/3.3/psoc creator/import/gnu/arm/4.9.3/bin/../lib/gcc/arm-none-eabi/4.9.3/../../../../arm-none-eabi/lib/armv7-m\libg_nano.a(lib_a-init.o)
 .ARM.attributes
                0x000004d0       0x2d c:/program files (x86)/cypress/psoc creator/3.3/psoc creator/import/gnu/arm/4.9.3/bin/../lib/gcc/arm-none-eabi/4.9.3/../../../../arm-none-eabi/lib/armv7-m\libg_nano.a(lib_a-memcpy.o)
 .ARM.attributes
                0x000004fd       0x2d c:/program files (x86)/cypress/psoc creator/3.3/psoc creator/import/gnu/arm/4.9.3/bin/../lib/gcc/arm-none-eabi/4.9.3/../../../../arm-none-eabi/lib/armv7-m\libg_nano.a(lib_a-memset.o)
 .ARM.attributes
                0x0000052a       0x2d c:/program files (x86)/cypress/psoc creator/3.3/psoc creator/import/gnu/arm/4.9.3/bin/../lib/gcc/arm-none-eabi/4.9.3/../../../../arm-none-eabi/lib/armv7-m\libg_nano.a(lib_a-strcpy.o)
 .ARM.attributes
                0x00000557       0x2d c:/program files (x86)/cypress/psoc creator/3.3/psoc creator/import/gnu/arm/4.9.3/bin/../lib/gcc/arm-none-eabi/4.9.3/../../../../arm-none-eabi/lib/armv7-m\libg_nano.a(lib_a-strlen.o)
 .ARM.attributes
                0x00000584       0x2d c:/program files (x86)/cypress/psoc creator/3.3/psoc creator/import/gnu/arm/4.9.3/bin/../lib/gcc/arm-none-eabi/4.9.3/armv7-m/crtend.o
 .ARM.attributes
                0x000005b1       0x1d c:/program files (x86)/cypress/psoc creator/3.3/psoc creator/import/gnu/arm/4.9.3/bin/../lib/gcc/arm-none-eabi/4.9.3/armv7-m/crtn.o

/DISCARD/
 *(.note.GNU-stack)
OUTPUT(.\CortexM3\ARM_GCC_493\Debug\lab4.elf elf32-littlearm)
